Archive member included to satisfy reference by file (symbol)

/opt/stm32cubeide/plugins/com.st.stm32cube.ide.mcu.externaltools.gnu-tools-for-stm32.9-2020-q2-update.linux64_1.5.0.202011040924/tools/bin/../lib/gcc/arm-none-eabi/9.3.1/../../../../arm-none-eabi/lib/thumb/v7e-m+dp/hard/libc_nano.a(lib_a-errno.o)
                              Core/Src/syscalls.o (__errno)
/opt/stm32cubeide/plugins/com.st.stm32cube.ide.mcu.externaltools.gnu-tools-for-stm32.9-2020-q2-update.linux64_1.5.0.202011040924/tools/bin/../lib/gcc/arm-none-eabi/9.3.1/../../../../arm-none-eabi/lib/thumb/v7e-m+dp/hard/libc_nano.a(lib_a-exit.o)
                              /opt/stm32cubeide/plugins/com.st.stm32cube.ide.mcu.externaltools.gnu-tools-for-stm32.9-2020-q2-update.linux64_1.5.0.202011040924/tools/bin/../lib/gcc/arm-none-eabi/9.3.1/../../../../arm-none-eabi/lib/thumb/v7e-m+dp/hard/crt0.o (exit)
/opt/stm32cubeide/plugins/com.st.stm32cube.ide.mcu.externaltools.gnu-tools-for-stm32.9-2020-q2-update.linux64_1.5.0.202011040924/tools/bin/../lib/gcc/arm-none-eabi/9.3.1/../../../../arm-none-eabi/lib/thumb/v7e-m+dp/hard/libc_nano.a(lib_a-impure.o)
                              /opt/stm32cubeide/plugins/com.st.stm32cube.ide.mcu.externaltools.gnu-tools-for-stm32.9-2020-q2-update.linux64_1.5.0.202011040924/tools/bin/../lib/gcc/arm-none-eabi/9.3.1/../../../../arm-none-eabi/lib/thumb/v7e-m+dp/hard/libc_nano.a(lib_a-exit.o) (_global_impure_ptr)
/opt/stm32cubeide/plugins/com.st.stm32cube.ide.mcu.externaltools.gnu-tools-for-stm32.9-2020-q2-update.linux64_1.5.0.202011040924/tools/bin/../lib/gcc/arm-none-eabi/9.3.1/../../../../arm-none-eabi/lib/thumb/v7e-m+dp/hard/libc_nano.a(lib_a-init.o)
                              /opt/stm32cubeide/plugins/com.st.stm32cube.ide.mcu.externaltools.gnu-tools-for-stm32.9-2020-q2-update.linux64_1.5.0.202011040924/tools/bin/../lib/gcc/arm-none-eabi/9.3.1/../../../../arm-none-eabi/lib/thumb/v7e-m+dp/hard/crt0.o (__libc_init_array)
/opt/stm32cubeide/plugins/com.st.stm32cube.ide.mcu.externaltools.gnu-tools-for-stm32.9-2020-q2-update.linux64_1.5.0.202011040924/tools/bin/../lib/gcc/arm-none-eabi/9.3.1/../../../../arm-none-eabi/lib/thumb/v7e-m+dp/hard/libc_nano.a(lib_a-memcpy-stub.o)
                              Core/drivers/vl53l5cx/src/vl53l5cx_api.o (memcpy)
/opt/stm32cubeide/plugins/com.st.stm32cube.ide.mcu.externaltools.gnu-tools-for-stm32.9-2020-q2-update.linux64_1.5.0.202011040924/tools/bin/../lib/gcc/arm-none-eabi/9.3.1/../../../../arm-none-eabi/lib/thumb/v7e-m+dp/hard/libc_nano.a(lib_a-memset.o)
                              /opt/stm32cubeide/plugins/com.st.stm32cube.ide.mcu.externaltools.gnu-tools-for-stm32.9-2020-q2-update.linux64_1.5.0.202011040924/tools/bin/../lib/gcc/arm-none-eabi/9.3.1/../../../../arm-none-eabi/lib/thumb/v7e-m+dp/hard/crt0.o (memset)
/opt/stm32cubeide/plugins/com.st.stm32cube.ide.mcu.externaltools.gnu-tools-for-stm32.9-2020-q2-update.linux64_1.5.0.202011040924/tools/bin/../lib/gcc/arm-none-eabi/9.3.1/../../../../arm-none-eabi/lib/thumb/v7e-m+dp/hard/libc_nano.a(lib_a-sprintf.o)
                              Core/Src/main.o (sprintf)
/opt/stm32cubeide/plugins/com.st.stm32cube.ide.mcu.externaltools.gnu-tools-for-stm32.9-2020-q2-update.linux64_1.5.0.202011040924/tools/bin/../lib/gcc/arm-none-eabi/9.3.1/../../../../arm-none-eabi/lib/thumb/v7e-m+dp/hard/libc_nano.a(lib_a-strlen.o)
                              Core/Src/main.o (strlen)
/opt/stm32cubeide/plugins/com.st.stm32cube.ide.mcu.externaltools.gnu-tools-for-stm32.9-2020-q2-update.linux64_1.5.0.202011040924/tools/bin/../lib/gcc/arm-none-eabi/9.3.1/../../../../arm-none-eabi/lib/thumb/v7e-m+dp/hard/libc_nano.a(lib_a-nano-svfprintf.o)
                              /opt/stm32cubeide/plugins/com.st.stm32cube.ide.mcu.externaltools.gnu-tools-for-stm32.9-2020-q2-update.linux64_1.5.0.202011040924/tools/bin/../lib/gcc/arm-none-eabi/9.3.1/../../../../arm-none-eabi/lib/thumb/v7e-m+dp/hard/libc_nano.a(lib_a-sprintf.o) (_svfprintf_r)
/opt/stm32cubeide/plugins/com.st.stm32cube.ide.mcu.externaltools.gnu-tools-for-stm32.9-2020-q2-update.linux64_1.5.0.202011040924/tools/bin/../lib/gcc/arm-none-eabi/9.3.1/../../../../arm-none-eabi/lib/thumb/v7e-m+dp/hard/libc_nano.a(lib_a-nano-vfprintf_i.o)
                              /opt/stm32cubeide/plugins/com.st.stm32cube.ide.mcu.externaltools.gnu-tools-for-stm32.9-2020-q2-update.linux64_1.5.0.202011040924/tools/bin/../lib/gcc/arm-none-eabi/9.3.1/../../../../arm-none-eabi/lib/thumb/v7e-m+dp/hard/libc_nano.a(lib_a-nano-svfprintf.o) (_printf_i)
/opt/stm32cubeide/plugins/com.st.stm32cube.ide.mcu.externaltools.gnu-tools-for-stm32.9-2020-q2-update.linux64_1.5.0.202011040924/tools/bin/../lib/gcc/arm-none-eabi/9.3.1/../../../../arm-none-eabi/lib/thumb/v7e-m+dp/hard/libc_nano.a(lib_a-memchr.o)
[...]
Memory Configuration

Name             Origin             Length             Attributes
RAM              0x0000000024000000 0x0000000000040000 xrw
FLASH            0x0000000008000000 0x0000000000100000 xr
DTCMRAM          0x0000000020000000 0x0000000000020000 xrw
RAM_D2           0x0000000030000000 0x0000000000048000 xrw
RAM_D3           0x0000000038000000 0x0000000000010000 xrw
ITCMRAM          0x0000000000000000 0x0000000000010000 xrw
*default*        0x0000000000000000 0xffffffffffffffff

Linker script and memory map

LOAD /opt/stm32cubeide/plugins/com.st.stm32cube.ide.mcu.externaltools.gnu-tools-for-stm32.9-2020-q2-update.linux64_1.5.0.202011040924/tools/bin/../lib/gcc/arm-none-eabi/9.3.1/thumb/v7e-m+dp/hard/crti.o
LOAD /opt/stm32cubeide/plugins/com.st.stm32cube.ide.mcu.externaltools.gnu-tools-for-stm32.9-2020-q2-update.linux64_1.5.0.202011040924/tools/bin/../lib/gcc/arm-none-eabi/9.3.1/thumb/v7e-m+dp/hard/crtbegin.o
LOAD /opt/stm32cubeide/plugins/com.st.stm32cube.ide.mcu.externaltools.gnu-tools-for-stm32.9-2020-q2-update.linux64_1.5.0.202011040924/tools/bin/../lib/gcc/arm-none-eabi/9.3.1/../../../../arm-none-eabi/lib/thumb/v7e-m+dp/hard/crt0.o
LOAD Common/Src/system_stm32h7xx_dualcore_boot_cm4_cm7.o
LOAD Core/Src/main.o
LOAD Core/Src/stm32h7xx_hal_msp.o
LOAD Core/Src/stm32h7xx_it.o
LOAD Core/Src/syscalls.o
LOAD Core/Src/sysmem.o
LOAD Core/Startup/startup_stm32h755zitx.o
LOAD Core/drivers/vl53l5cx/src/platform.o
LOAD Core/drivers/vl53l5cx/src/vl53l5cx_api.o
LOAD Core/drivers/vl53l5cx/src/vl53l5cx_plugin_async.o
LOAD Core/drivers/vl53l5cx/src/vl53l5cx_plugin_detection_thresholds.o
LOAD Core/drivers/vl53l5cx/src/vl53l5cx_plugin_motion_indicator.o
LOAD Core/drivers/vl53l5cx/src/vl53l5cx_plugin_xtalk.o
LOAD Drivers/STM32H7xx_HAL_Driver/stm32h7xx_hal.o
LOAD Drivers/STM32H7xx_HAL_Driver/stm32h7xx_hal_cortex.o
LOAD Drivers/STM32H7xx_HAL_Driver/stm32h7xx_hal_dma.o
LOAD Drivers/STM32H7xx_HAL_Driver/stm32h7xx_hal_dma_ex.o
LOAD Drivers/STM32H7xx_HAL_Driver/stm32h7xx_hal_eth.o
LOAD Drivers/STM32H7xx_HAL_Driver/stm32h7xx_hal_eth_ex.o
LOAD Drivers/STM32H7xx_HAL_Driver/stm32h7xx_hal_exti.o
LOAD Drivers/STM32H7xx_HAL_Driver/stm32h7xx_hal_flash.o
LOAD Drivers/STM32H7xx_HAL_Driver/stm32h7xx_hal_flash_ex.o
LOAD Drivers/STM32H7xx_HAL_Driver/stm32h7xx_hal_gpio.o
LOAD Drivers/STM32H7xx_HAL_Driver/stm32h7xx_hal_hsem.o
LOAD Drivers/STM32H7xx_HAL_Driver/stm32h7xx_hal_i2c.o
LOAD Drivers/STM32H7xx_HAL_Driver/stm32h7xx_hal_i2c_ex.o
LOAD Drivers/STM32H7xx_HAL_Driver/stm32h7xx_hal_mdma.o
LOAD Drivers/STM32H7xx_HAL_Driver/stm32h7xx_hal_pcd.o
LOAD Drivers/STM32H7xx_HAL_Driver/stm32h7xx_hal_pcd_ex.o
LOAD Drivers/STM32H7xx_HAL_Driver/stm32h7xx_hal_pwr.o
LOAD Drivers/STM32H7xx_HAL_Driver/stm32h7xx_hal_pwr_ex.o
LOAD Drivers/STM32H7xx_HAL_Driver/stm32h7xx_hal_rcc.o
LOAD Drivers/STM32H7xx_HAL_Driver/stm32h7xx_hal_rcc_ex.o
LOAD Drivers/STM32H7xx_HAL_Driver/stm32h7xx_hal_tim.o
LOAD Drivers/STM32H7xx_HAL_Driver/stm32h7xx_hal_tim_ex.o
LOAD Drivers/STM32H7xx_HAL_Driver/stm32h7xx_hal_uart.o
LOAD Drivers/STM32H7xx_HAL_Driver/stm32h7xx_hal_uart_ex.o
LOAD Drivers/STM32H7xx_HAL_Driver/stm32h7xx_ll_usb.o
START GROUP
LOAD /opt/stm32cubeide/plugins/com.st.stm32cube.ide.mcu.externaltools.gnu-tools-for-stm32.9-2020-q2-update.linux64_1.5.0.202011040924/tools/bin/../lib/gcc/arm-none-eabi/9.3.1/../../../../arm-none-eabi/lib/thumb/v7e-m+dp/hard/libc_nano.a
LOAD /opt/stm32cubeide/plugins/com.st.stm32cube.ide.mcu.externaltools.gnu-tools-for-stm32.9-2020-q2-update.linux64_1.5.0.202011040924/tools/bin/../lib/gcc/arm-none-eabi/9.3.1/../../../../arm-none-eabi/lib/thumb/v7e-m+dp/hard/libm.a
END GROUP
START GROUP
LOAD /opt/stm32cubeide/plugins/com.st.stm32cube.ide.mcu.externaltools.gnu-tools-for-stm32.9-2020-q2-update.linux64_1.5.0.202011040924/tools/bin/../lib/gcc/arm-none-eabi/9.3.1/thumb/v7e-m+dp/hard/libgcc.a
LOAD /opt/stm32cubeide/plugins/com.st.stm32cube.ide.mcu.externaltools.gnu-tools-for-stm32.9-2020-q2-update.linux64_1.5.0.202011040924/tools/bin/../lib/gcc/arm-none-eabi/9.3.1/../../../../arm-none-eabi/lib/thumb/v7e-m+dp/hard/libc_nano.a
END GROUP
START GROUP
LOAD /opt/stm32cubeide/plugins/com.st.stm32cube.ide.mcu.externaltools.gnu-tools-for-stm32.9-2020-q2-update.linux64_1.5.0.202011040924/tools/bin/../lib/gcc/arm-none-eabi/9.3.1/thumb/v7e-m+dp/hard/libgcc.a
LOAD /opt/stm32cubeide/plugins/com.st.stm32cube.ide.mcu.externaltools.gnu-tools-for-stm32.9-2020-q2-update.linux64_1.5.0.202011040924/tools/bin/../lib/gcc/arm-none-eabi/9.3.1/../../../../arm-none-eabi/lib/thumb/v7e-m+dp/hard/libc_nano.a
LOAD /opt/stm32cubeide/plugins/com.st.stm32cube.ide.mcu.externaltools.gnu-tools-for-stm32.9-2020-q2-update.linux64_1.5.0.202011040924/tools/bin/../lib/gcc/arm-none-eabi/9.3.1/../../../../arm-none-eabi/lib/thumb/v7e-m+dp/hard/libnosys.a
END GROUP
START GROUP
LOAD /opt/stm32cubeide/plugins/com.st.stm32cube.ide.mcu.externaltools.gnu-tools-for-stm32.9-2020-q2-update.linux64_1.5.0.202011040924/tools/bin/../lib/gcc/arm-none-eabi/9.3.1/thumb/v7e-m+dp/hard/libgcc.a
LOAD /opt/stm32cubeide/plugins/com.st.stm32cube.ide.mcu.externaltools.gnu-tools-for-stm32.9-2020-q2-update.linux64_1.5.0.202011040924/tools/bin/../lib/gcc/arm-none-eabi/9.3.1/../../../../arm-none-eabi/lib/thumb/v7e-m+dp/hard/libc_nano.a
LOAD /opt/stm32cubeide/plugins/com.st.stm32cube.ide.mcu.externaltools.gnu-tools-for-stm32.9-2020-q2-update.linux64_1.5.0.202011040924/tools/bin/../lib/gcc/arm-none-eabi/9.3.1/../../../../arm-none-eabi/lib/thumb/v7e-m+dp/hard/libnosys.a
END GROUP
LOAD /opt/stm32cubeide/plugins/com.st.stm32cube.ide.mcu.externaltools.gnu-tools-for-stm32.9-2020-q2-update.linux64_1.5.0.202011040924/tools/bin/../lib/gcc/arm-none-eabi/9.3.1/thumb/v7e-m+dp/hard/crtend.o
LOAD /opt/stm32cubeide/plugins/com.st.stm32cube.ide.mcu.externaltools.gnu-tools-for-stm32.9-2020-q2-update.linux64_1.5.0.202011040924/tools/bin/../lib/gcc/arm-none-eabi/9.3.1/thumb/v7e-m+dp/hard/crtn.o
                0x0000000024040000                _estack = (ORIGIN (RAM) + LENGTH (RAM))
                0x0000000000000200                _Min_Heap_Size = 0x200
                0x0000000000000400                _Min_Stack_Size = 0x400

.isr_vector     0x0000000008000000      0x298
                0x0000000008000000                . = ALIGN (0x4)
 *(.isr_vector)
 .isr_vector    0x0000000008000000      0x298 Core/Startup/startup_stm32h755zitx.o
                0x0000000008000000                g_pfnVectors
                0x0000000008000298                . = ALIGN (0x4)

.text           0x00000000080002a0     0xeb5c
                0x00000000080002a0                . = ALIGN (0x4)
 *(.text)
 .text          0x00000000080002a0       0x40 /opt/stm32cubeide/plugins/com.st.stm32cube.ide.mcu.externaltools.gnu-tools-for-stm32.9-2020-q2-update.linux64_1.5.0.202011040924/tools/bin/../lib/gcc/arm-none-eabi/9.3.1/thumb/v7e-m+dp/hard/crtbegin.o
 .text          0x00000000080002e0       0x10 /opt/stm32cubeide/plugins/com.st.stm32cube.ide.mcu.externaltools.gnu-tools-for-stm32.9-2020-q2-update.linux64_1.5.0.202011040924/tools/bin/../lib/gcc/arm-none-eabi/9.3.1/../../../../arm-none-eabi/lib/thumb/v7e-m+dp/hard/libc_nano.a(lib_a-strlen.o)
                0x00000000080002e0                strlen
 .text          0x00000000080002f0       0xa0 /opt/stm32cubeide/plugins/com.st.stm32cube.ide.mcu.externaltools.gnu-tools-for-stm32.9-2020-q2-update.linux64_1.5.0.202011040924/tools/bin/../lib/gcc/arm-none-eabi/9.3.1/../../../../arm-none-eabi/lib/thumb/v7e-m+dp/hard/libc_nano.a(lib_a-memchr.o)
                0x00000000080002f0                memchr
 .text          0x0000000008000390       0x30 /opt/stm32cubeide/plugins/com.st.stm32cube.ide.mcu.externaltools.gnu-tools-for-stm32.9-2020-q2-update.linux64_1.5.0.202011040924/tools/bin/../lib/gcc/arm-none-eabi/9.3.1/thumb/v7e-m+dp/hard/libgcc.a(_aeabi_uldivmod.o)
                0x0000000008000390                __aeabi_uldivmod
 .text          0x00000000080003c0      0x2c4 /opt/stm32cubeide/plugins/com.st.stm32cube.ide.mcu.externaltools.gnu-tools-for-stm32.9-2020-q2-update.linux64_1.5.0.202011040924/tools/bin/../lib/gcc/arm-none-eabi/9.3.1/thumb/v7e-m+dp/hard/libgcc.a(_udivmoddi4.o)
                0x00000000080003c0                __udivmoddi4
 .text          0x0000000008000684        0x4 /opt/stm32cubeide/plugins/com.st.stm32cube.ide.mcu.externaltools.gnu-tools-for-stm32.9-2020-q2-update.linux64_1.5.0.202011040924/tools/bin/../lib/gcc/arm-none-eabi/9.3.1/thumb/v7e-m+dp/hard/libgcc.a(_dvmd_tls.o)
                0x0000000008000684                __aeabi_ldiv0
                0x0000000008000684                __aeabi_idiv0
 *(.text*)
 .text.SystemInit
                0x0000000008000688      0x134 Common/Src/system_stm32h7xx_dualcore_boot_cm4_cm7.o
                0x0000000008000688                SystemInit
 .text.HAL_I2C_MemRxCpltCallback
                0x00000000080007bc       0xa0 Core/Src/main.o
                0x00000000080007bc                HAL_I2C_MemRxCpltCallback
 .text.main     0x000000000800085c      0x108 Core/Src/main.o
                0x000000000800085c                main
 .text.SystemClock_Config
                0x0000000008000964      0x100 Core/Src/main.o
                0x0000000008000964                SystemClock_Config
 .text.MX_ETH_Init
                0x0000000008000a64       0xa4 Core/Src/main.o
 .text.MX_I2C1_Init
                0x0000000008000b08       0x80 Core/Src/main.o
 .text.MX_USART3_UART_Init
                0x0000000008000b88       0x98 Core/Src/main.o
 .text.MX_USB_OTG_FS_PCD_Init
                0x0000000008000c20       0x64 Core/Src/main.o
 .text.MX_DMA_Init
                0x0000000008000c84       0x60 Core/Src/main.o
 .text.MX_GPIO_Init
                0x0000000008000ce4      0x12c Core/Src/main.o
 .text.Error_Handler
                0x0000000008000e10        0xa Core/Src/main.o
                0x0000000008000e10                Error_Handler
 *fill*         0x0000000008000e1a        0x2 
 .text.HAL_MspInit
                0x0000000008000e1c       0x34 Core/Src/stm32h7xx_hal_msp.o
                0x0000000008000e1c                HAL_MspInit
 .text.HAL_ETH_MspInit
                0x0000000008000e50      0x19c Core/Src/stm32h7xx_hal_msp.o
                0x0000000008000e50                HAL_ETH_MspInit
 .text.HAL_I2C_MspInit
                0x0000000008000fec      0x1b0 Core/Src/stm32h7xx_hal_msp.o
                0x0000000008000fec                HAL_I2C_MspInit
 .text.HAL_UART_MspInit
                0x000000000800119c      0x13c Core/Src/stm32h7xx_hal_msp.o
                0x000000000800119c                HAL_UART_MspInit
 .text.HAL_PCD_MspInit
                0x00000000080012d8       0xf4 Core/Src/stm32h7xx_hal_msp.o
                0x00000000080012d8                HAL_PCD_MspInit
 .text.NMI_Handler
                0x00000000080013cc        0x6 Core/Src/stm32h7xx_it.o
                0x00000000080013cc                NMI_Handler
 .text.HardFault_Handler
                0x00000000080013d2        0x6 Core/Src/stm32h7xx_it.o
                0x00000000080013d2                HardFault_Handler
 .text.MemManage_Handler
                0x00000000080013d8        0x6 Core/Src/stm32h7xx_it.o
                0x00000000080013d8                MemManage_Handler
 .text.BusFault_Handler
                0x00000000080013de        0x6 Core/Src/stm32h7xx_it.o
                0x00000000080013de                BusFault_Handler
 .text.UsageFault_Handler
                0x00000000080013e4        0x6 Core/Src/stm32h7xx_it.o
                0x00000000080013e4                UsageFault_Handler
 .text.SVC_Handler
                0x00000000080013ea        0xe Core/Src/stm32h7xx_it.o
                0x00000000080013ea                SVC_Handler
 .text.DebugMon_Handler
                0x00000000080013f8        0xe Core/Src/stm32h7xx_it.o
                0x00000000080013f8                DebugMon_Handler
 .text.PendSV_Handler
                0x0000000008001406        0xe Core/Src/stm32h7xx_it.o
                0x0000000008001406                PendSV_Handler
 .text.SysTick_Handler
                0x0000000008001414        0xc Core/Src/stm32h7xx_it.o
                0x0000000008001414                SysTick_Handler
 .text.DMA1_Stream0_IRQHandler
                0x0000000008001420       0x14 Core/Src/stm32h7xx_it.o
                0x0000000008001420                DMA1_Stream0_IRQHandler
 .text.DMA1_Stream1_IRQHandler
                0x0000000008001434       0x14 Core/Src/stm32h7xx_it.o
                0x0000000008001434                DMA1_Stream1_IRQHandler
 .text.DMA1_Stream2_IRQHandler
                0x0000000008001448       0x14 Core/Src/stm32h7xx_it.o
                0x0000000008001448                DMA1_Stream2_IRQHandler
 .text.I2C1_EV_IRQHandler
                0x000000000800145c       0x14 Core/Src/stm32h7xx_it.o
                0x000000000800145c                I2C1_EV_IRQHandler
 .text.I2C1_ER_IRQHandler
                0x0000000008001470       0x14 Core/Src/stm32h7xx_it.o
                0x0000000008001470                I2C1_ER_IRQHandler
 .text.USART3_IRQHandler
                0x0000000008001484       0x14 Core/Src/stm32h7xx_it.o
                0x0000000008001484                USART3_IRQHandler
 .text._sbrk    0x0000000008001498       0x6c Core/Src/sysmem.o
                0x0000000008001498                _sbrk
 .text.Reset_Handler
                0x0000000008001504       0x50 Core/Startup/startup_stm32h755zitx.o
                0x0000000008001504                Reset_Handler
 .text.Default_Handler
                0x0000000008001554        0x2 Core/Startup/startup_stm32h755zitx.o
                0x0000000008001554                RTC_Alarm_IRQHandler
                0x0000000008001554                HASH_RNG_IRQHandler
                0x0000000008001554                EXTI2_IRQHandler
                0x0000000008001554                TIM8_CC_IRQHandler
                0x0000000008001554                HRTIM1_Master_IRQHandler
                0x0000000008001554                UART8_IRQHandler
                0x0000000008001554                SPI4_IRQHandler
                0x0000000008001554                TIM1_CC_IRQHandler
                0x0000000008001554                BDMA_Channel6_IRQHandler
                0x0000000008001554                DMA2_Stream5_IRQHandler
                0x0000000008001554                HRTIM1_FLT_IRQHandler
                0x0000000008001554                JPEG_IRQHandler
                0x0000000008001554                DMA1_Stream5_IRQHandler
                0x0000000008001554                BDMA_Channel1_IRQHandler
                0x0000000008001554                HRTIM1_TIMD_IRQHandler
                0x0000000008001554                TAMP_STAMP_IRQHandler
                0x0000000008001554                EXTI3_IRQHandler
                0x0000000008001554                LPTIM4_IRQHandler
                0x0000000008001554                TIM8_TRG_COM_TIM14_IRQHandler
                0x0000000008001554                LPTIM2_IRQHandler
                0x0000000008001554                DFSDM1_FLT1_IRQHandler
                0x0000000008001554                DMAMUX2_OVR_IRQHandler
                0x0000000008001554                TIM8_UP_TIM13_IRQHandler
                0x0000000008001554                I2C3_ER_IRQHandler
                0x0000000008001554                DFSDM1_FLT2_IRQHandler
                0x0000000008001554                MDMA_IRQHandler
                0x0000000008001554                LPTIM3_IRQHandler
                0x0000000008001554                HSEM1_IRQHandler
                0x0000000008001554                EXTI0_IRQHandler
                0x0000000008001554                I2C2_EV_IRQHandler
                0x0000000008001554                FPU_IRQHandler
                0x0000000008001554                OTG_HS_WKUP_IRQHandler
                0x0000000008001554                FDCAN1_IT1_IRQHandler
                0x0000000008001554                LTDC_ER_IRQHandler
                0x0000000008001554                DMA2_Stream2_IRQHandler
                0x0000000008001554                HRTIM1_TIME_IRQHandler
                0x0000000008001554                SPI1_IRQHandler
                0x0000000008001554                TIM6_DAC_IRQHandler
                0x0000000008001554                DCMI_IRQHandler
                0x0000000008001554                HRTIM1_TIMC_IRQHandler
                0x0000000008001554                DMA2_Stream3_IRQHandler
                0x0000000008001554                SAI2_IRQHandler
                0x0000000008001554                DFSDM1_FLT3_IRQHandler
                0x0000000008001554                USART6_IRQHandler
                0x0000000008001554                TIM17_IRQHandler
                0x0000000008001554                BDMA_Channel7_IRQHandler
                0x0000000008001554                CRYP_IRQHandler
                0x0000000008001554                LPTIM5_IRQHandler
                0x0000000008001554                UART5_IRQHandler
                0x0000000008001554                ADC3_IRQHandler
                0x0000000008001554                DMA2_Stream0_IRQHandler
                0x0000000008001554                TIM4_IRQHandler
                0x0000000008001554                BDMA_Channel2_IRQHandler
                0x0000000008001554                QUADSPI_IRQHandler
                0x0000000008001554                DMA1_Stream6_IRQHandler
                0x0000000008001554                DMAMUX1_OVR_IRQHandler
                0x0000000008001554                TIM16_IRQHandler
                0x0000000008001554                UART4_IRQHandler
                0x0000000008001554                BDMA_Channel5_IRQHandler
                0x0000000008001554                TIM3_IRQHandler
                0x0000000008001554                RCC_IRQHandler
                0x0000000008001554                TIM8_BRK_TIM12_IRQHandler
                0x0000000008001554                TIM1_TRG_COM_IRQHandler
                0x0000000008001554                Default_Handler
                0x0000000008001554                ECC_IRQHandler
                0x0000000008001554                CEC_IRQHandler
                0x0000000008001554                EXTI15_10_IRQHandler
                0x0000000008001554                BDMA_Channel0_IRQHandler
                0x0000000008001554                ADC_IRQHandler
                0x0000000008001554                DMA1_Stream7_IRQHandler
                0x0000000008001554                HRTIM1_TIMA_IRQHandler
                0x0000000008001554                SPI5_IRQHandler
                0x0000000008001554                TIM7_IRQHandler
                0x0000000008001554                SDMMC1_IRQHandler
                0x0000000008001554                TIM5_IRQHandler
                0x0000000008001554                DMA2_Stream7_IRQHandler
                0x0000000008001554                TIM15_IRQHandler
                0x0000000008001554                PVD_AVD_IRQHandler
                0x0000000008001554                I2C3_EV_IRQHandler
                0x0000000008001554                EXTI9_5_IRQHandler
                0x0000000008001554                RTC_WKUP_IRQHandler
                0x0000000008001554                LTDC_IRQHandler
                0x0000000008001554                SAI3_IRQHandler
                0x0000000008001554                ETH_WKUP_IRQHandler
                0x0000000008001554                SPDIF_RX_IRQHandler
                0x0000000008001554                SPI2_IRQHandler
                0x0000000008001554                OTG_HS_EP1_IN_IRQHandler
                0x0000000008001554                CRS_IRQHandler
                0x0000000008001554                CM7_SEV_IRQHandler
                0x0000000008001554                EXTI4_IRQHandler
                0x0000000008001554                CM4_SEV_IRQHandler
                0x0000000008001554                HRTIM1_TIMB_IRQHandler
                0x0000000008001554                FDCAN2_IT1_IRQHandler
                0x0000000008001554                ETH_IRQHandler
                0x0000000008001554                TIM1_UP_IRQHandler
                0x0000000008001554                WWDG_RST_IRQHandler
                0x0000000008001554                BDMA_Channel4_IRQHandler
                0x0000000008001554                OTG_HS_EP1_OUT_IRQHandler
                0x0000000008001554                WWDG_IRQHandler
                0x0000000008001554                SPI6_IRQHandler
                0x0000000008001554                MDIOS_IRQHandler
                0x0000000008001554                I2C4_EV_IRQHandler
                0x0000000008001554                FDCAN2_IT0_IRQHandler
                0x0000000008001554                LPUART1_IRQHandler
                0x0000000008001554                FDCAN1_IT0_IRQHandler
                0x0000000008001554                TIM2_IRQHandler
                0x0000000008001554                OTG_FS_WKUP_IRQHandler
                0x0000000008001554                OTG_HS_IRQHandler
                0x0000000008001554                HSEM2_IRQHandler
                0x0000000008001554                DMA2D_IRQHandler
                0x0000000008001554                TIM1_BRK_IRQHandler
                0x0000000008001554                EXTI1_IRQHandler
                0x0000000008001554                SDMMC2_IRQHandler
                0x0000000008001554                OTG_FS_EP1_OUT_IRQHandler
                0x0000000008001554                BDMA_Channel3_IRQHandler
                0x0000000008001554                HOLD_CORE_IRQHandler
                0x0000000008001554                UART7_IRQHandler
                0x0000000008001554                MDIOS_WKUP_IRQHandler
                0x0000000008001554                USART2_IRQHandler
                0x0000000008001554                DFSDM1_FLT0_IRQHandler
                0x0000000008001554                SAI4_IRQHandler
                0x0000000008001554                I2C2_ER_IRQHandler
                0x0000000008001554                DMA2_Stream1_IRQHandler
                0x0000000008001554                FLASH_IRQHandler
                0x0000000008001554                DMA2_Stream4_IRQHandler
                0x0000000008001554                USART1_IRQHandler
                0x0000000008001554                OTG_FS_IRQHandler
                0x0000000008001554                SPI3_IRQHandler
                0x0000000008001554                WAKEUP_PIN_IRQHandler
                0x0000000008001554                DMA1_Stream4_IRQHandler
                0x0000000008001554                OTG_FS_EP1_IN_IRQHandler
                0x0000000008001554                FMC_IRQHandler
                0x0000000008001554                FDCAN_CAL_IRQHandler
                0x0000000008001554                SWPMI1_IRQHandler
                0x0000000008001554                COMP1_IRQHandler
                0x0000000008001554                LPTIM1_IRQHandler
                0x0000000008001554                I2C4_ER_IRQHandler
                0x0000000008001554                DMA2_Stream6_IRQHandler
                0x0000000008001554                SAI1_IRQHandler
                0x0000000008001554                DMA1_Stream3_IRQHandler
 .text.RdByte   0x0000000008001556       0x66 Core/drivers/vl53l5cx/src/platform.o
                0x0000000008001556                RdByte
 .text.WrByte   0x00000000080015bc       0x4c Core/drivers/vl53l5cx/src/platform.o
                0x00000000080015bc                WrByte
 .text.WrMulti  0x0000000008001608       0x3e Core/drivers/vl53l5cx/src/platform.o
                0x0000000008001608                WrMulti
 .text.RdMulti  0x0000000008001646       0x3c Core/drivers/vl53l5cx/src/platform.o
                0x0000000008001646                RdMulti
 .text.RdMultiAsync
                0x0000000008001682       0x38 Core/drivers/vl53l5cx/src/platform.o
                0x0000000008001682                RdMultiAsync
 .text.SwapBuffer
                0x00000000080016ba       0x6c Core/drivers/vl53l5cx/src/platform.o
                0x00000000080016ba                SwapBuffer
 .text.WaitMs   0x0000000008001726       0x1a Core/drivers/vl53l5cx/src/platform.o
                0x0000000008001726                WaitMs
 .text._vl53l5cx_poll_for_answer
                0x0000000008001740       0xa4 Core/drivers/vl53l5cx/src/vl53l5cx_api.o
 .text._vl53l5cx_send_offset_data
                0x00000000080017e4      0x2f4 Core/drivers/vl53l5cx/src/vl53l5cx_api.o
 .text._vl53l5cx_send_xtalk_data
                0x0000000008001ad8      0x224 Core/drivers/vl53l5cx/src/vl53l5cx_api.o
 .text.vl53l5cx_is_alive
                0x0000000008001cfc       0x92 Core/drivers/vl53l5cx/src/vl53l5cx_api.o
                0x0000000008001cfc                vl53l5cx_is_alive
 *fill*         0x0000000008001d8e        0x2 
 .text.vl53l5cx_init
                0x0000000008001d90      0x7f8 Core/drivers/vl53l5cx/src/vl53l5cx_api.o
                0x0000000008001d90                vl53l5cx_init
 .text.vl53l5cx_start_ranging
                0x0000000008002588      0x2b8 Core/drivers/vl53l5cx/src/vl53l5cx_api.o
                0x0000000008002588                vl53l5cx_start_ranging
 .text.vl53l5cx_get_resolution
                0x0000000008002840       0x4a Core/drivers/vl53l5cx/src/vl53l5cx_api.o
                0x0000000008002840                vl53l5cx_get_resolution
 .text.vl53l5cx_set_resolution
                0x000000000800288a      0x1a8 Core/drivers/vl53l5cx/src/vl53l5cx_api.o
                0x000000000800288a                vl53l5cx_set_resolution
 .text.vl53l5cx_set_ranging_frequency_hz
                0x0000000008002a32       0x42 Core/drivers/vl53l5cx/src/vl53l5cx_api.o
                0x0000000008002a32                vl53l5cx_set_ranging_frequency_hz
 .text.vl53l5cx_set_ranging_mode
                0x0000000008002a74       0xae Core/drivers/vl53l5cx/src/vl53l5cx_api.o
                0x0000000008002a74                vl53l5cx_set_ranging_mode
 *fill*         0x0000000008002b22        0x2 
 .text.vl53l5cx_dci_read_data
                0x0000000008002b24      0x114 Core/drivers/vl53l5cx/src/vl53l5cx_api.o
                0x0000000008002b24                vl53l5cx_dci_read_data
 .text.vl53l5cx_dci_write_data
                0x0000000008002c38      0x13e Core/drivers/vl53l5cx/src/vl53l5cx_api.o
                0x0000000008002c38                vl53l5cx_dci_write_data
 .text.vl53l5cx_dci_replace_data
                0x0000000008002d76       0x58 Core/drivers/vl53l5cx/src/vl53l5cx_api.o
                0x0000000008002d76                vl53l5cx_dci_replace_data
 .text.vl53l5cx_start_check_data_ready_async
                0x0000000008002dce       0x4c Core/drivers/vl53l5cx/src/vl53l5cx_plugin_async.o
                0x0000000008002dce                vl53l5cx_start_check_data_ready_async
 .text.vl53l5cx_reading_check_data_ready_async
                0x0000000008002e1a       0x24 Core/drivers/vl53l5cx/src/vl53l5cx_plugin_async.o
                0x0000000008002e1a                vl53l5cx_reading_check_data_ready_async
 .text.vl53l5cx_finish_check_data_ready_async
                0x0000000008002e3e       0x76 Core/drivers/vl53l5cx/src/vl53l5cx_plugin_async.o
                0x0000000008002e3e                vl53l5cx_finish_check_data_ready_async
 .text.vl53l5cx_start_get_ranging_data_async
                0x0000000008002eb4       0x4e Core/drivers/vl53l5cx/src/vl53l5cx_plugin_async.o
                0x0000000008002eb4                vl53l5cx_start_get_ranging_data_async
 .text.vl53l5cx_reading_get_ranging_data_async
                0x0000000008002f02       0x24 Core/drivers/vl53l5cx/src/vl53l5cx_plugin_async.o
                0x0000000008002f02                vl53l5cx_reading_get_ranging_data_async
 *fill*         0x0000000008002f26        0x2 
 .text.vl53l5cx_finish_get_ranging_data_async
                0x0000000008002f28      0x364 Core/drivers/vl53l5cx/src/vl53l5cx_plugin_async.o
                0x0000000008002f28                vl53l5cx_finish_get_ranging_data_async
 .text.HAL_Init
                0x000000000800328c       0x78 Drivers/STM32H7xx_HAL_Driver/stm32h7xx_hal.o
                0x000000000800328c                HAL_Init
 .text.HAL_InitTick
                0x0000000008003304       0x6c Drivers/STM32H7xx_HAL_Driver/stm32h7xx_hal.o
                0x0000000008003304                HAL_InitTick
 .text.HAL_IncTick
                0x0000000008003370       0x28 Drivers/STM32H7xx_HAL_Driver/stm32h7xx_hal.o
                0x0000000008003370                HAL_IncTick
 .text.HAL_GetTick
                0x0000000008003398       0x18 Drivers/STM32H7xx_HAL_Driver/stm32h7xx_hal.o
                0x0000000008003398                HAL_GetTick
 .text.HAL_Delay
                0x00000000080033b0       0x48 Drivers/STM32H7xx_HAL_Driver/stm32h7xx_hal.o
                0x00000000080033b0                HAL_Delay
 .text.HAL_GetREVID
                0x00000000080033f8       0x18 Drivers/STM32H7xx_HAL_Driver/stm32h7xx_hal.o
                0x00000000080033f8                HAL_GetREVID
 .text.HAL_SYSCFG_ETHInterfaceSelect
                0x0000000008003410       0x28 Drivers/STM32H7xx_HAL_Driver/stm32h7xx_hal.o
                0x0000000008003410                HAL_SYSCFG_ETHInterfaceSelect
 .text.__NVIC_SetPriorityGrouping
                0x0000000008003438       0x48 Drivers/STM32H7xx_HAL_Driver/stm32h7xx_hal_cortex.o
 .text.__NVIC_GetPriorityGrouping
                0x0000000008003480       0x1c Drivers/STM32H7xx_HAL_Driver/stm32h7xx_hal_cortex.o
 .text.__NVIC_EnableIRQ
                0x000000000800349c       0x3c Drivers/STM32H7xx_HAL_Driver/stm32h7xx_hal_cortex.o
 .text.__NVIC_SetPriority
                0x00000000080034d8       0x54 Drivers/STM32H7xx_HAL_Driver/stm32h7xx_hal_cortex.o
 .text.NVIC_EncodePriority
                0x000000000800352c       0x66 Drivers/STM32H7xx_HAL_Driver/stm32h7xx_hal_cortex.o
 *fill*         0x0000000008003592        0x2 
 .text.SysTick_Config
                0x0000000008003594       0x44 Drivers/STM32H7xx_HAL_Driver/stm32h7xx_hal_cortex.o
 .text.HAL_NVIC_SetPriorityGrouping
                0x00000000080035d8       0x16 Drivers/STM32H7xx_HAL_Driver/stm32h7xx_hal_cortex.o
                0x00000000080035d8                HAL_NVIC_SetPriorityGrouping
 .text.HAL_NVIC_SetPriority
                0x00000000080035ee       0x34 Drivers/STM32H7xx_HAL_Driver/stm32h7xx_hal_cortex.o
                0x00000000080035ee                HAL_NVIC_SetPriority
 .text.HAL_NVIC_EnableIRQ
                0x0000000008003622       0x1c Drivers/STM32H7xx_HAL_Driver/stm32h7xx_hal_cortex.o
                0x0000000008003622                HAL_NVIC_EnableIRQ
 .text.HAL_SYSTICK_Config
                0x000000000800363e       0x18 Drivers/STM32H7xx_HAL_Driver/stm32h7xx_hal_cortex.o
                0x000000000800363e                HAL_SYSTICK_Config
 *fill*         0x0000000008003656        0x2 
 .text.HAL_DMA_Init
                0x0000000008003658      0x6b8 Drivers/STM32H7xx_HAL_Driver/stm32h7xx_hal_dma.o
                0x0000000008003658                HAL_DMA_Init
 .text.HAL_DMA_Start_IT
                0x0000000008003d10      0x4d4 Drivers/STM32H7xx_HAL_Driver/stm32h7xx_hal_dma.o
                0x0000000008003d10                HAL_DMA_Start_IT
 .text.HAL_DMA_Abort
                0x00000000080041e4      0x63c Drivers/STM32H7xx_HAL_Driver/stm32h7xx_hal_dma.o
                0x00000000080041e4                HAL_DMA_Abort
 .text.HAL_DMA_Abort_IT
                0x0000000008004820      0x488 Drivers/STM32H7xx_HAL_Driver/stm32h7xx_hal_dma.o
                0x0000000008004820                HAL_DMA_Abort_IT
 .text.HAL_DMA_IRQHandler
                0x0000000008004ca8      0xe54 Drivers/STM32H7xx_HAL_Driver/stm32h7xx_hal_dma.o
                0x0000000008004ca8                HAL_DMA_IRQHandler
 .text.HAL_DMA_GetState
                0x0000000008005afc       0x1c Drivers/STM32H7xx_HAL_Driver/stm32h7xx_hal_dma.o
                0x0000000008005afc                HAL_DMA_GetState
 .text.DMA_SetConfig
                0x0000000008005b18      0x358 Drivers/STM32H7xx_HAL_Driver/stm32h7xx_hal_dma.o
 .text.DMA_CalcBaseAndBitshift
                0x0000000008005e70      0x164 Drivers/STM32H7xx_HAL_Driver/stm32h7xx_hal_dma.o
 .text.DMA_CheckFifoParam
                0x0000000008005fd4       0xf8 Drivers/STM32H7xx_HAL_Driver/stm32h7xx_hal_dma.o
 .text.DMA_CalcDMAMUXChannelBaseAndMask
                0x00000000080060cc      0x134 Drivers/STM32H7xx_HAL_Driver/stm32h7xx_hal_dma.o
 .text.DMA_CalcDMAMUXRequestGenBaseAndMask
                0x0000000008006200       0xe8 Drivers/STM32H7xx_HAL_Driver/stm32h7xx_hal_dma.o
 .text.HAL_ETH_Init
                0x00000000080062e8      0x1b4 Drivers/STM32H7xx_HAL_Driver/stm32h7xx_hal_eth.o
                0x00000000080062e8                HAL_ETH_Init
 .text.ETH_SetMACConfig
                0x000000000800649c      0x238 Drivers/STM32H7xx_HAL_Driver/stm32h7xx_hal_eth.o
 .text.ETH_SetDMAConfig
                0x00000000080066d4      0x10c Drivers/STM32H7xx_HAL_Driver/stm32h7xx_hal_eth.o
 .text.ETH_MACDMAConfig
                0x00000000080067e0      0x13a Drivers/STM32H7xx_HAL_Driver/stm32h7xx_hal_eth.o
 *fill*         0x000000000800691a        0x2 
 .text.ETH_MAC_MDIO_ClkConfig
                0x000000000800691c       0xb0 Drivers/STM32H7xx_HAL_Driver/stm32h7xx_hal_eth.o
 .text.ETH_DMATxDescListInit
                0x00000000080069cc       0x8e Drivers/STM32H7xx_HAL_Driver/stm32h7xx_hal_eth.o
 .text.ETH_DMARxDescListInit
                0x0000000008006a5a       0xba Drivers/STM32H7xx_HAL_Driver/stm32h7xx_hal_eth.o
 .text.HAL_GPIO_Init
                0x0000000008006b14      0x360 Drivers/STM32H7xx_HAL_Driver/stm32h7xx_hal_gpio.o
                0x0000000008006b14                HAL_GPIO_Init
 .text.HAL_GPIO_WritePin
                0x0000000008006e74       0x32 Drivers/STM32H7xx_HAL_Driver/stm32h7xx_hal_gpio.o
                0x0000000008006e74                HAL_GPIO_WritePin
 *fill*         0x0000000008006ea6        0x2 
 .text.HAL_HSEM_FastTake
                0x0000000008006ea8       0x34 Drivers/STM32H7xx_HAL_Driver/stm32h7xx_hal_hsem.o
                0x0000000008006ea8                HAL_HSEM_FastTake
 .text.HAL_HSEM_Release
                0x0000000008006edc       0x28 Drivers/STM32H7xx_HAL_Driver/stm32h7xx_hal_hsem.o
                0x0000000008006edc                HAL_HSEM_Release
 .text.HAL_I2C_Init
                0x0000000008006f04      0x120 Drivers/STM32H7xx_HAL_Driver/stm32h7xx_hal_i2c.o
                0x0000000008006f04                HAL_I2C_Init
 .text.HAL_I2C_Master_Transmit
                0x0000000008007024      0x1e8 Drivers/STM32H7xx_HAL_Driver/stm32h7xx_hal_i2c.o
                0x0000000008007024                HAL_I2C_Master_Transmit
 .text.HAL_I2C_Master_Receive
                0x000000000800720c      0x1ec Drivers/STM32H7xx_HAL_Driver/stm32h7xx_hal_i2c.o
                0x000000000800720c                HAL_I2C_Master_Receive
 .text.HAL_I2C_Mem_Write
                0x00000000080073f8      0x228 Drivers/STM32H7xx_HAL_Driver/stm32h7xx_hal_i2c.o
                0x00000000080073f8                HAL_I2C_Mem_Write
 .text.HAL_I2C_Mem_Read
                0x0000000008007620      0x234 Drivers/STM32H7xx_HAL_Driver/stm32h7xx_hal_i2c.o
                0x0000000008007620                HAL_I2C_Mem_Read
 .text.HAL_I2C_Mem_Read_IT
                0x0000000008007854      0x12c Drivers/STM32H7xx_HAL_Driver/stm32h7xx_hal_i2c.o
                0x0000000008007854                HAL_I2C_Mem_Read_IT
 .text.HAL_I2C_EV_IRQHandler
                0x0000000008007980       0x34 Drivers/STM32H7xx_HAL_Driver/stm32h7xx_hal_i2c.o
                0x0000000008007980                HAL_I2C_EV_IRQHandler
 .text.HAL_I2C_ER_IRQHandler
                0x00000000080079b4       0xc2 Drivers/STM32H7xx_HAL_Driver/stm32h7xx_hal_i2c.o
                0x00000000080079b4                HAL_I2C_ER_IRQHandler
 .text.HAL_I2C_MasterTxCpltCallback
                0x0000000008007a76       0x14 Drivers/STM32H7xx_HAL_Driver/stm32h7xx_hal_i2c.o
                0x0000000008007a76                HAL_I2C_MasterTxCpltCallback
 .text.HAL_I2C_MasterRxCpltCallback
                0x0000000008007a8a       0x14 Drivers/STM32H7xx_HAL_Driver/stm32h7xx_hal_i2c.o
                0x0000000008007a8a                HAL_I2C_MasterRxCpltCallback
 .text.HAL_I2C_SlaveTxCpltCallback
                0x0000000008007a9e       0x14 Drivers/STM32H7xx_HAL_Driver/stm32h7xx_hal_i2c.o
                0x0000000008007a9e                HAL_I2C_SlaveTxCpltCallback
 .text.HAL_I2C_SlaveRxCpltCallback
                0x0000000008007ab2       0x14 Drivers/STM32H7xx_HAL_Driver/stm32h7xx_hal_i2c.o
                0x0000000008007ab2                HAL_I2C_SlaveRxCpltCallback
 .text.HAL_I2C_AddrCallback
                0x0000000008007ac6       0x1c Drivers/STM32H7xx_HAL_Driver/stm32h7xx_hal_i2c.o
                0x0000000008007ac6                HAL_I2C_AddrCallback
 .text.HAL_I2C_ListenCpltCallback
                0x0000000008007ae2       0x14 Drivers/STM32H7xx_HAL_Driver/stm32h7xx_hal_i2c.o
                0x0000000008007ae2                HAL_I2C_ListenCpltCallback
 .text.HAL_I2C_MemTxCpltCallback
                0x0000000008007af6       0x14 Drivers/STM32H7xx_HAL_Driver/stm32h7xx_hal_i2c.o
                0x0000000008007af6                HAL_I2C_MemTxCpltCallback
 .text.HAL_I2C_ErrorCallback
                0x0000000008007b0a       0x14 Drivers/STM32H7xx_HAL_Driver/stm32h7xx_hal_i2c.o
                0x0000000008007b0a                HAL_I2C_ErrorCallback
 .text.HAL_I2C_AbortCpltCallback
                0x0000000008007b1e       0x14 Drivers/STM32H7xx_HAL_Driver/stm32h7xx_hal_i2c.o
                0x0000000008007b1e                HAL_I2C_AbortCpltCallback
 .text.I2C_Master_ISR_IT
                0x0000000008007b32      0x250 Drivers/STM32H7xx_HAL_Driver/stm32h7xx_hal_i2c.o
 .text.I2C_Slave_ISR_IT
                0x0000000008007d82      0x206 Drivers/STM32H7xx_HAL_Driver/stm32h7xx_hal_i2c.o
 .text.I2C_Master_ISR_DMA
                0x0000000008007f88      0x1e6 Drivers/STM32H7xx_HAL_Driver/stm32h7xx_hal_i2c.o
 *fill*         0x000000000800816e        0x2 
 .text.I2C_Slave_ISR_DMA
                0x0000000008008170      0x3c0 Drivers/STM32H7xx_HAL_Driver/stm32h7xx_hal_i2c.o
 .text.I2C_RequestMemoryWrite
                0x0000000008008530       0xa8 Drivers/STM32H7xx_HAL_Driver/stm32h7xx_hal_i2c.o
 .text.I2C_RequestMemoryRead
                0x00000000080085d8       0xa8 Drivers/STM32H7xx_HAL_Driver/stm32h7xx_hal_i2c.o
 .text.I2C_ITAddrCplt
                0x0000000008008680      0x108 Drivers/STM32H7xx_HAL_Driver/stm32h7xx_hal_i2c.o
 .text.I2C_ITMasterSeqCplt
                0x0000000008008788       0x7a Drivers/STM32H7xx_HAL_Driver/stm32h7xx_hal_i2c.o
 .text.I2C_ITSlaveSeqCplt
                0x0000000008008802       0xbc Drivers/STM32H7xx_HAL_Driver/stm32h7xx_hal_i2c.o
 *fill*         0x00000000080088be        0x2 
 .text.I2C_ITMasterCplt
                0x00000000080088c0      0x194 Drivers/STM32H7xx_HAL_Driver/stm32h7xx_hal_i2c.o
 .text.I2C_ITSlaveCplt
                0x0000000008008a54      0x3f0 Drivers/STM32H7xx_HAL_Driver/stm32h7xx_hal_i2c.o
 .text.I2C_ITListenCplt
                0x0000000008008e44       0xac Drivers/STM32H7xx_HAL_Driver/stm32h7xx_hal_i2c.o
 .text.I2C_ITError
                0x0000000008008ef0      0x1a0 Drivers/STM32H7xx_HAL_Driver/stm32h7xx_hal_i2c.o
 .text.I2C_TreatErrorCallback
                0x0000000008009090       0x4e Drivers/STM32H7xx_HAL_Driver/stm32h7xx_hal_i2c.o
 .text.I2C_Flush_TXDR
                0x00000000080090de       0x48 Drivers/STM32H7xx_HAL_Driver/stm32h7xx_hal_i2c.o
 .text.I2C_DMAAbort
                0x0000000008009126       0x3c Drivers/STM32H7xx_HAL_Driver/stm32h7xx_hal_i2c.o
 .text.I2C_WaitOnFlagUntilTimeout
                0x0000000008009162       0x80 Drivers/STM32H7xx_HAL_Driver/stm32h7xx_hal_i2c.o
 .text.I2C_WaitOnTXISFlagUntilTimeout
                0x00000000080091e2       0x80 Drivers/STM32H7xx_HAL_Driver/stm32h7xx_hal_i2c.o
 .text.I2C_WaitOnSTOPFlagUntilTimeout
                0x0000000008009262       0x78 Drivers/STM32H7xx_HAL_Driver/stm32h7xx_hal_i2c.o
 *fill*         0x00000000080092da        0x2 
 .text.I2C_WaitOnRXNEFlagUntilTimeout
                0x00000000080092dc       0xf4 Drivers/STM32H7xx_HAL_Driver/stm32h7xx_hal_i2c.o
 .text.I2C_IsErrorOccurred
                0x00000000080093d0      0x1d8 Drivers/STM32H7xx_HAL_Driver/stm32h7xx_hal_i2c.o
 .text.I2C_TransferConfig
                0x00000000080095a8       0x64 Drivers/STM32H7xx_HAL_Driver/stm32h7xx_hal_i2c.o
 .text.I2C_Enable_IRQ
                0x000000000800960c       0xc8 Drivers/STM32H7xx_HAL_Driver/stm32h7xx_hal_i2c.o
 .text.I2C_Disable_IRQ
                0x00000000080096d4       0xbc Drivers/STM32H7xx_HAL_Driver/stm32h7xx_hal_i2c.o
 .text.HAL_I2CEx_ConfigAnalogFilter
                0x0000000008009790       0x96 Drivers/STM32H7xx_HAL_Driver/stm32h7xx_hal_i2c_ex.o
                0x0000000008009790                HAL_I2CEx_ConfigAnalogFilter
 .text.HAL_I2CEx_ConfigDigitalFilter
                0x0000000008009826       0x98 Drivers/STM32H7xx_HAL_Driver/stm32h7xx_hal_i2c_ex.o
                0x0000000008009826                HAL_I2CEx_ConfigDigitalFilter
 .text.HAL_PCD_Init
                0x00000000080098be      0x248 Drivers/STM32H7xx_HAL_Driver/stm32h7xx_hal_pcd.o
                0x00000000080098be                HAL_PCD_Init
 *fill*         0x0000000008009b06        0x2 
 .text.HAL_PCDEx_ActivateLPM
                0x0000000008009b08       0x48 Drivers/STM32H7xx_HAL_Driver/stm32h7xx_hal_pcd_ex.o
                0x0000000008009b08                HAL_PCDEx_ActivateLPM
 .text.HAL_PWREx_ConfigSupply
                0x0000000008009b50       0xb4 Drivers/STM32H7xx_HAL_Driver/stm32h7xx_hal_pwr_ex.o
                0x0000000008009b50                HAL_PWREx_ConfigSupply
 .text.HAL_PWREx_EnableUSBVoltageDetector
                0x0000000008009c04       0x20 Drivers/STM32H7xx_HAL_Driver/stm32h7xx_hal_pwr_ex.o
                0x0000000008009c04                HAL_PWREx_EnableUSBVoltageDetector
 .text.HAL_RCC_OscConfig
                0x0000000008009c24      0x858 Drivers/STM32H7xx_HAL_Driver/stm32h7xx_hal_rcc.o
                0x0000000008009c24                HAL_RCC_OscConfig
 .text.HAL_RCC_ClockConfig
                0x000000000800a47c      0x36c Drivers/STM32H7xx_HAL_Driver/stm32h7xx_hal_rcc.o
                0x000000000800a47c                HAL_RCC_ClockConfig
 .text.HAL_RCC_GetSysClockFreq
                0x000000000800a7e8      0x2f4 Drivers/STM32H7xx_HAL_Driver/stm32h7xx_hal_rcc.o
                0x000000000800a7e8                HAL_RCC_GetSysClockFreq
 .text.HAL_RCC_GetHCLKFreq
                0x000000000800aadc       0x60 Drivers/STM32H7xx_HAL_Driver/stm32h7xx_hal_rcc.o
                0x000000000800aadc                HAL_RCC_GetHCLKFreq
 .text.HAL_RCC_GetPCLK1Freq
                0x000000000800ab3c       0x2c Drivers/STM32H7xx_HAL_Driver/stm32h7xx_hal_rcc.o
                0x000000000800ab3c                HAL_RCC_GetPCLK1Freq
 .text.HAL_RCC_GetPCLK2Freq
                0x000000000800ab68       0x2c Drivers/STM32H7xx_HAL_Driver/stm32h7xx_hal_rcc.o
                0x000000000800ab68                HAL_RCC_GetPCLK2Freq
 .text.HAL_RCCEx_PeriphCLKConfig
                0x000000000800ab94      0xe80 Drivers/STM32H7xx_HAL_Driver/stm32h7xx_hal_rcc_ex.o
                0x000000000800ab94                HAL_RCCEx_PeriphCLKConfig
 .text.HAL_RCCEx_GetD3PCLK1Freq
                0x000000000800ba14       0x2c Drivers/STM32H7xx_HAL_Driver/stm32h7xx_hal_rcc_ex.o
                0x000000000800ba14                HAL_RCCEx_GetD3PCLK1Freq
 .text.HAL_RCCEx_GetPLL2ClockFreq
                0x000000000800ba40      0x2a8 Drivers/STM32H7xx_HAL_Driver/stm32h7xx_hal_rcc_ex.o
                0x000000000800ba40                HAL_RCCEx_GetPLL2ClockFreq
 .text.HAL_RCCEx_GetPLL3ClockFreq
                0x000000000800bce8      0x2a8 Drivers/STM32H7xx_HAL_Driver/stm32h7xx_hal_rcc_ex.o
                0x000000000800bce8                HAL_RCCEx_GetPLL3ClockFreq
 .text.RCCEx_PLL2_Config
                0x000000000800bf90      0x164 Drivers/STM32H7xx_HAL_Driver/stm32h7xx_hal_rcc_ex.o
 .text.RCCEx_PLL3_Config
                0x000000000800c0f4      0x164 Drivers/STM32H7xx_HAL_Driver/stm32h7xx_hal_rcc_ex.o
 .text.HAL_UART_Init
                0x000000000800c258       0xa0 Drivers/STM32H7xx_HAL_Driver/stm32h7xx_hal_uart.o
                0x000000000800c258                HAL_UART_Init
 .text.HAL_UART_Transmit_DMA
                0x000000000800c2f8      0x124 Drivers/STM32H7xx_HAL_Driver/stm32h7xx_hal_uart.o
                0x000000000800c2f8                HAL_UART_Transmit_DMA
 .text.HAL_UART_IRQHandler
                0x000000000800c41c      0x73c Drivers/STM32H7xx_HAL_Driver/stm32h7xx_hal_uart.o
                0x000000000800c41c                HAL_UART_IRQHandler
 .text.HAL_UART_TxCpltCallback
                0x000000000800cb58       0x14 Drivers/STM32H7xx_HAL_Driver/stm32h7xx_hal_uart.o
                0x000000000800cb58                HAL_UART_TxCpltCallback
 .text.HAL_UART_TxHalfCpltCallback
                0x000000000800cb6c       0x14 Drivers/STM32H7xx_HAL_Driver/stm32h7xx_hal_uart.o
                0x000000000800cb6c                HAL_UART_TxHalfCpltCallback
 .text.HAL_UART_ErrorCallback
                0x000000000800cb80       0x14 Drivers/STM32H7xx_HAL_Driver/stm32h7xx_hal_uart.o
                0x000000000800cb80                HAL_UART_ErrorCallback
 .text.HAL_UARTEx_RxEventCallback
                0x000000000800cb94       0x18 Drivers/STM32H7xx_HAL_Driver/stm32h7xx_hal_uart.o
                0x000000000800cb94                HAL_UARTEx_RxEventCallback
 .text.UART_SetConfig
                0x000000000800cbac      0xac0 Drivers/STM32H7xx_HAL_Driver/stm32h7xx_hal_uart.o
                0x000000000800cbac                UART_SetConfig
 .text.UART_AdvFeatureConfig
                0x000000000800d66c      0x144 Drivers/STM32H7xx_HAL_Driver/stm32h7xx_hal_uart.o
                0x000000000800d66c                UART_AdvFeatureConfig
 .text.UART_CheckIdleState
                0x000000000800d7b0       0x96 Drivers/STM32H7xx_HAL_Driver/stm32h7xx_hal_uart.o
                0x000000000800d7b0                UART_CheckIdleState
 .text.UART_WaitOnFlagUntilTimeout
                0x000000000800d846      0x190 Drivers/STM32H7xx_HAL_Driver/stm32h7xx_hal_uart.o
                0x000000000800d846                UART_WaitOnFlagUntilTimeout
 .text.UART_EndTxTransfer
                0x000000000800d9d6       0x82 Drivers/STM32H7xx_HAL_Driver/stm32h7xx_hal_uart.o
 .text.UART_EndRxTransfer
                0x000000000800da58       0xcc Drivers/STM32H7xx_HAL_Driver/stm32h7xx_hal_uart.o
 .text.UART_DMATransmitCplt
                0x000000000800db24       0x96 Drivers/STM32H7xx_HAL_Driver/stm32h7xx_hal_uart.o
 .text.UART_DMATxHalfCplt
                0x000000000800dbba       0x1c Drivers/STM32H7xx_HAL_Driver/stm32h7xx_hal_uart.o
 .text.UART_DMAError
                0x000000000800dbd6       0x80 Drivers/STM32H7xx_HAL_Driver/stm32h7xx_hal_uart.o
 .text.UART_DMAAbortOnError
                0x000000000800dc56       0x2c Drivers/STM32H7xx_HAL_Driver/stm32h7xx_hal_uart.o
 .text.UART_EndTransmit_IT
                0x000000000800dc82       0x56 Drivers/STM32H7xx_HAL_Driver/stm32h7xx_hal_uart.o
 .text.HAL_UARTEx_WakeupCallback
                0x000000000800dcd8       0x14 Drivers/STM32H7xx_HAL_Driver/stm32h7xx_hal_uart_ex.o
                0x000000000800dcd8                HAL_UARTEx_WakeupCallback
 .text.HAL_UARTEx_RxFifoFullCallback
                0x000000000800dcec       0x14 Drivers/STM32H7xx_HAL_Driver/stm32h7xx_hal_uart_ex.o
                0x000000000800dcec                HAL_UARTEx_RxFifoFullCallback
 .text.HAL_UARTEx_TxFifoEmptyCallback
                0x000000000800dd00       0x14 Drivers/STM32H7xx_HAL_Driver/stm32h7xx_hal_uart_ex.o
                0x000000000800dd00                HAL_UARTEx_TxFifoEmptyCallback
 .text.HAL_UARTEx_DisableFifoMode
                0x000000000800dd14       0x72 Drivers/STM32H7xx_HAL_Driver/stm32h7xx_hal_uart_ex.o
                0x000000000800dd14                HAL_UARTEx_DisableFifoMode
 .text.HAL_UARTEx_SetTxFifoThreshold
                0x000000000800dd86       0x7c Drivers/STM32H7xx_HAL_Driver/stm32h7xx_hal_uart_ex.o
                0x000000000800dd86                HAL_UARTEx_SetTxFifoThreshold
 .text.HAL_UARTEx_SetRxFifoThreshold
                0x000000000800de02       0x7c Drivers/STM32H7xx_HAL_Driver/stm32h7xx_hal_uart_ex.o
                0x000000000800de02                HAL_UARTEx_SetRxFifoThreshold
 *fill*         0x000000000800de7e        0x2 
 .text.UARTEx_SetNbDataToProcess
                0x000000000800de80       0x9c Drivers/STM32H7xx_HAL_Driver/stm32h7xx_hal_uart_ex.o
 .text.USB_CoreInit
                0x000000000800df1c       0xdc Drivers/STM32H7xx_HAL_Driver/stm32h7xx_ll_usb.o
                0x000000000800df1c                USB_CoreInit
 .text.USB_DisableGlobalInt
                0x000000000800dff8       0x22 Drivers/STM32H7xx_HAL_Driver/stm32h7xx_ll_usb.o
                0x000000000800dff8                USB_DisableGlobalInt
 .text.USB_SetCurrentMode
                0x000000000800e01a       0x98 Drivers/STM32H7xx_HAL_Driver/stm32h7xx_ll_usb.o
                0x000000000800e01a                USB_SetCurrentMode
 *fill*         0x000000000800e0b2        0x2 
 .text.USB_DevInit
                0x000000000800e0b4      0x2bc Drivers/STM32H7xx_HAL_Driver/stm32h7xx_ll_usb.o
                0x000000000800e0b4                USB_DevInit
 .text.USB_FlushTxFifo
                0x000000000800e370       0x64 Drivers/STM32H7xx_HAL_Driver/stm32h7xx_ll_usb.o
                0x000000000800e370                USB_FlushTxFifo
 .text.USB_FlushRxFifo
                0x000000000800e3d4       0x5c Drivers/STM32H7xx_HAL_Driver/stm32h7xx_ll_usb.o
                0x000000000800e3d4                USB_FlushRxFifo
 .text.USB_SetDevSpeed
                0x000000000800e430       0x32 Drivers/STM32H7xx_HAL_Driver/stm32h7xx_ll_usb.o
                0x000000000800e430                USB_SetDevSpeed
 .text.USB_DevDisconnect
                0x000000000800e462       0x42 Drivers/STM32H7xx_HAL_Driver/stm32h7xx_ll_usb.o
                0x000000000800e462                USB_DevDisconnect
 .text.USB_GetMode
                0x000000000800e4a4       0x1c Drivers/STM32H7xx_HAL_Driver/stm32h7xx_ll_usb.o
                0x000000000800e4a4                USB_GetMode
 .text.USB_CoreReset
                0x000000000800e4c0       0x64 Drivers/STM32H7xx_HAL_Driver/stm32h7xx_ll_usb.o
 .text.__errno  0x000000000800e524        0xc /opt/stm32cubeide/plugins/com.st.stm32cube.ide.mcu.externaltools.gnu-tools-for-stm32.9-2020-q2-update.linux64_1.5.0.202011040924/tools/bin/../lib/gcc/arm-none-eabi/9.3.1/../../../../arm-none-eabi/lib/thumb/v7e-m+dp/hard/libc_nano.a(lib_a-errno.o)
                0x000000000800e524                __errno
 .text.__libc_init_array
                0x000000000800e530       0x48 /opt/stm32cubeide/plugins/com.st.stm32cube.ide.mcu.externaltools.gnu-tools-for-stm32.9-2020-q2-update.linux64_1.5.0.202011040924/tools/bin/../lib/gcc/arm-none-eabi/9.3.1/../../../../arm-none-eabi/lib/thumb/v7e-m+dp/hard/libc_nano.a(lib_a-init.o)
                0x000000000800e530                __libc_init_array
 .text.memcpy   0x000000000800e578       0x1c /opt/stm32cubeide/plugins/com.st.stm32cube.ide.mcu.externaltools.gnu-tools-for-stm32.9-2020-q2-update.linux64_1.5.0.202011040924/tools/bin/../lib/gcc/arm-none-eabi/9.3.1/../../../../arm-none-eabi/lib/thumb/v7e-m+dp/hard/libc_nano.a(lib_a-memcpy-stub.o)
                0x000000000800e578                memcpy
 .text.memset   0x000000000800e594       0x10 /opt/stm32cubeide/plugins/com.st.stm32cube.ide.mcu.externaltools.gnu-tools-for-stm32.9-2020-q2-update.linux64_1.5.0.202011040924/tools/bin/../lib/gcc/arm-none-eabi/9.3.1/../../../../arm-none-eabi/lib/thumb/v7e-m+dp/hard/libc_nano.a(lib_a-memset.o)
                0x000000000800e594                memset
 .text.sprintf  0x000000000800e5a4       0x40 /opt/stm32cubeide/plugins/com.st.stm32cube.ide.mcu.externaltools.gnu-tools-for-stm32.9-2020-q2-update.linux64_1.5.0.202011040924/tools/bin/../lib/gcc/arm-none-eabi/9.3.1/../../../../arm-none-eabi/lib/thumb/v7e-m+dp/hard/libc_nano.a(lib_a-sprintf.o)
                0x000000000800e5a4                sprintf
                0x000000000800e5a4                siprintf
 .text.__ssputs_r
                0x000000000800e5e4       0xb6 /opt/stm32cubeide/plugins/com.st.stm32cube.ide.mcu.externaltools.gnu-tools-for-stm32.9-2020-q2-update.linux64_1.5.0.202011040924/tools/bin/../lib/gcc/arm-none-eabi/9.3.1/../../../../arm-none-eabi/lib/thumb/v7e-m+dp/hard/libc_nano.a(lib_a-nano-svfprintf.o)
                0x000000000800e5e4                __ssputs_r
 *fill*         0x000000000800e69a        0x2 
 .text._svfprintf_r
                0x000000000800e69c      0x200 /opt/stm32cubeide/plugins/com.st.stm32cube.ide.mcu.externaltools.gnu-tools-for-stm32.9-2020-q2-update.linux64_1.5.0.202011040924/tools/bin/../lib/gcc/arm-none-eabi/9.3.1/../../../../arm-none-eabi/lib/thumb/v7e-m+dp/hard/libc_nano.a(lib_a-nano-svfprintf.o)
                0x000000000800e69c                _svfprintf_r
                0x000000000800e69c                _svfiprintf_r
 .text._printf_common
                0x000000000800e89c       0xda /opt/stm32cubeide/plugins/com.st.stm32cube.ide.mcu.externaltools.gnu-tools-for-stm32.9-2020-q2-update.linux64_1.5.0.202011040924/tools/bin/../lib/gcc/arm-none-eabi/9.3.1/../../../../arm-none-eabi/lib/thumb/v7e-m+dp/hard/libc_nano.a(lib_a-nano-vfprintf_i.o)
                0x000000000800e89c                _printf_common
 *fill*         0x000000000800e976        0x2 
 .text._printf_i
                0x000000000800e978      0x24c /opt/stm32cubeide/plugins/com.st.stm32cube.ide.mcu.externaltools.gnu-tools-for-stm32.9-2020-q2-update.linux64_1.5.0.202011040924/tools/bin/../lib/gcc/arm-none-eabi/9.3.1/../../../../arm-none-eabi/lib/thumb/v7e-m+dp/hard/libc_nano.a(lib_a-nano-vfprintf_i.o)
                0x000000000800e978                _printf_i
 .text.memmove  0x000000000800ebc4       0x34 /opt/stm32cubeide/plugins/com.st.stm32cube.ide.mcu.externaltools.gnu-tools-for-stm32.9-2020-q2-update.linux64_1.5.0.202011040924/tools/bin/../lib/gcc/arm-none-eabi/9.3.1/../../../../arm-none-eabi/lib/thumb/v7e-m+dp/hard/libc_nano.a(lib_a-memmove.o)
                0x000000000800ebc4                memmove
 .text._free_r  0x000000000800ebf8       0xa0 /opt/stm32cubeide/plugins/com.st.stm32cube.ide.mcu.externaltools.gnu-tools-for-stm32.9-2020-q2-update.linux64_1.5.0.202011040924/tools/bin/../lib/gcc/arm-none-eabi/9.3.1/../../../../arm-none-eabi/lib/thumb/v7e-m+dp/hard/libc_nano.a(lib_a-nano-freer.o)
                0x000000000800ebf8                _free_r
 .text._malloc_r
                0x000000000800ec98       0xb4 /opt/stm32cubeide/plugins/com.st.stm32cube.ide.mcu.externaltools.gnu-tools-for-stm32.9-2020-q2-update.linux64_1.5.0.202011040924/tools/bin/../lib/gcc/arm-none-eabi/9.3.1/../../../../arm-none-eabi/lib/thumb/v7e-m+dp/hard/libc_nano.a(lib_a-nano-mallocr.o)
                0x000000000800ec98                _malloc_r
 .text._realloc_r
                0x000000000800ed4c       0x4c /opt/stm32cubeide/plugins/com.st.stm32cube.ide.mcu.externaltools.gnu-tools-for-stm32.9-2020-q2-update.linux64_1.5.0.202011040924/tools/bin/../lib/gcc/arm-none-eabi/9.3.1/../../../../arm-none-eabi/lib/thumb/v7e-m+dp/hard/libc_nano.a(lib_a-nano-reallocr.o)
                0x000000000800ed4c                _realloc_r
 .text._sbrk_r  0x000000000800ed98       0x20 /opt/stm32cubeide/plugins/com.st.stm32cube.ide.mcu.externaltools.gnu-tools-for-stm32.9-2020-q2-update.linux64_1.5.0.202011040924/tools/bin/../lib/gcc/arm-none-eabi/9.3.1/../../../../arm-none-eabi/lib/thumb/v7e-m+dp/hard/libc_nano.a(lib_a-sbrkr.o)
                0x000000000800ed98                _sbrk_r
 .text.__malloc_lock
                0x000000000800edb8        0xc /opt/stm32cubeide/plugins/com.st.stm32cube.ide.mcu.externaltools.gnu-tools-for-stm32.9-2020-q2-update.linux64_1.5.0.202011040924/tools/bin/../lib/gcc/arm-none-eabi/9.3.1/../../../../arm-none-eabi/lib/thumb/v7e-m+dp/hard/libc_nano.a(lib_a-mlock.o)
                0x000000000800edb8                __malloc_lock
 .text.__malloc_unlock
                0x000000000800edc4        0xc /opt/stm32cubeide/plugins/com.st.stm32cube.ide.mcu.externaltools.gnu-tools-for-stm32.9-2020-q2-update.linux64_1.5.0.202011040924/tools/bin/../lib/gcc/arm-none-eabi/9.3.1/../../../../arm-none-eabi/lib/thumb/v7e-m+dp/hard/libc_nano.a(lib_a-mlock.o)
                0x000000000800edc4                __malloc_unlock
 .text._malloc_usable_size_r
                0x000000000800edd0       0x10 /opt/stm32cubeide/plugins/com.st.stm32cube.ide.mcu.externaltools.gnu-tools-for-stm32.9-2020-q2-update.linux64_1.5.0.202011040924/tools/bin/../lib/gcc/arm-none-eabi/9.3.1/../../../../arm-none-eabi/lib/thumb/v7e-m+dp/hard/libc_nano.a(lib_a-nano-msizer.o)
                0x000000000800edd0                _malloc_usable_size_r
 .text.__retarget_lock_acquire_recursive
                0x000000000800ede0        0x2 /opt/stm32cubeide/plugins/com.st.stm32cube.ide.mcu.externaltools.gnu-tools-for-stm32.9-2020-q2-update.linux64_1.5.0.202011040924/tools/bin/../lib/gcc/arm-none-eabi/9.3.1/../../../../arm-none-eabi/lib/thumb/v7e-m+dp/hard/libc_nano.a(lib_a-lock.o)
                0x000000000800ede0                __retarget_lock_acquire_recursive
 .text.__retarget_lock_release_recursive
                0x000000000800ede2        0x2 /opt/stm32cubeide/plugins/com.st.stm32cube.ide.mcu.externaltools.gnu-tools-for-stm32.9-2020-q2-update.linux64_1.5.0.202011040924/tools/bin/../lib/gcc/arm-none-eabi/9.3.1/../../../../arm-none-eabi/lib/thumb/v7e-m+dp/hard/libc_nano.a(lib_a-lock.o)
                0x000000000800ede2                __retarget_lock_release_recursive
 *(.glue_7)
 .glue_7        0x000000000800ede4        0x0 linker stubs
 *(.glue_7t)
 .glue_7t       0x000000000800ede4        0x0 linker stubs
 *(.eh_frame)
 .eh_frame      0x000000000800ede4        0x0 /opt/stm32cubeide/plugins/com.st.stm32cube.ide.mcu.externaltools.gnu-tools-for-stm32.9-2020-q2-update.linux64_1.5.0.202011040924/tools/bin/../lib/gcc/arm-none-eabi/9.3.1/thumb/v7e-m+dp/hard/crtbegin.o
 *(.init)
 .init          0x000000000800ede4        0x4 /opt/stm32cubeide/plugins/com.st.stm32cube.ide.mcu.externaltools.gnu-tools-for-stm32.9-2020-q2-update.linux64_1.5.0.202011040924/tools/bin/../lib/gcc/arm-none-eabi/9.3.1/thumb/v7e-m+dp/hard/crti.o
                0x000000000800ede4                _init
 .init          0x000000000800ede8        0x8 /opt/stm32cubeide/plugins/com.st.stm32cube.ide.mcu.externaltools.gnu-tools-for-stm32.9-2020-q2-update.linux64_1.5.0.202011040924/tools/bin/../lib/gcc/arm-none-eabi/9.3.1/thumb/v7e-m+dp/hard/crtn.o
 *(.fini)
 .fini          0x000000000800edf0        0x4 /opt/stm32cubeide/plugins/com.st.stm32cube.ide.mcu.externaltools.gnu-tools-for-stm32.9-2020-q2-update.linux64_1.5.0.202011040924/tools/bin/../lib/gcc/arm-none-eabi/9.3.1/thumb/v7e-m+dp/hard/crti.o
                0x000000000800edf0                _fini
 .fini          0x000000000800edf4        0x8 /opt/stm32cubeide/plugins/com.st.stm32cube.ide.mcu.externaltools.gnu-tools-for-stm32.9-2020-q2-update.linux64_1.5.0.202011040924/tools/bin/../lib/gcc/arm-none-eabi/9.3.1/thumb/v7e-m+dp/hard/crtn.o
                0x000000000800edfc                . = ALIGN (0x4)
                0x000000000800edfc                _etext = .

.vfp11_veneer   0x000000000800edfc        0x0
 .vfp11_veneer  0x000000000800edfc        0x0 linker stubs

.v4_bx          0x000000000800edfc        0x0
 .v4_bx         0x000000000800edfc        0x0 linker stubs

.iplt           0x000000000800edfc        0x0
 .iplt          0x000000000800edfc        0x0 /opt/stm32cubeide/plugins/com.st.stm32cube.ide.mcu.externaltools.gnu-tools-for-stm32.9-2020-q2-update.linux64_1.5.0.202011040924/tools/bin/../lib/gcc/arm-none-eabi/9.3.1/thumb/v7e-m+dp/hard/crtbegin.o

.rodata         0x000000000800edfc    0x157ec
                0x000000000800edfc                . = ALIGN (0x4)
 *(.rodata)
 .rodata        0x000000000800edfc        0xe Core/Src/main.o
 *fill*         0x000000000800ee0a        0x2 
 .rodata        0x000000000800ee0c       0x6c Core/drivers/vl53l5cx/src/vl53l5cx_api.o
 *(.rodata*)
 .rodata.D1CorePrescTable
                0x000000000800ee78       0x10 Common/Src/system_stm32h7xx_dualcore_boot_cm4_cm7.o
                0x000000000800ee78                D1CorePrescTable
 .rodata.VL53L5CX_FIRMWARE
                0x000000000800ee88    0x15000 Core/drivers/vl53l5cx/src/vl53l5cx_api.o
                0x000000000800ee88                VL53L5CX_FIRMWARE
 .rodata.VL53L5CX_DEFAULT_CONFIGURATION
                0x0000000008023e88      0x3cc Core/drivers/vl53l5cx/src/vl53l5cx_api.o
                0x0000000008023e88                VL53L5CX_DEFAULT_CONFIGURATION
 .rodata.VL53L5CX_DEFAULT_XTALK
                0x0000000008024254      0x308 Core/drivers/vl53l5cx/src/vl53l5cx_api.o
                0x0000000008024254                VL53L5CX_DEFAULT_XTALK
 .rodata.VL53L5CX_GET_NVM_CMD
                0x000000000802455c       0x28 Core/drivers/vl53l5cx/src/vl53l5cx_api.o
                0x000000000802455c                VL53L5CX_GET_NVM_CMD
 .rodata.flagBitshiftOffset.11343
                0x0000000008024584        0x8 Drivers/STM32H7xx_HAL_Driver/stm32h7xx_hal_dma.o
 .rodata.UARTPrescTable
                0x000000000802458c       0x18 Drivers/STM32H7xx_HAL_Driver/stm32h7xx_hal_uart.o
                0x000000000802458c                UARTPrescTable
 .rodata.numerator.11310
                0x00000000080245a4        0x8 Drivers/STM32H7xx_HAL_Driver/stm32h7xx_hal_uart_ex.o
 .rodata.denominator.11311
                0x00000000080245ac        0x8 Drivers/STM32H7xx_HAL_Driver/stm32h7xx_hal_uart_ex.o
 .rodata._svfprintf_r.str1.1
                0x00000000080245b4       0x11 /opt/stm32cubeide/plugins/com.st.stm32cube.ide.mcu.externaltools.gnu-tools-for-stm32.9-2020-q2-update.linux64_1.5.0.202011040924/tools/bin/../lib/gcc/arm-none-eabi/9.3.1/../../../../arm-none-eabi/lib/thumb/v7e-m+dp/hard/libc_nano.a(lib_a-nano-svfprintf.o)
 .rodata._printf_i.str1.1
                0x00000000080245c5       0x22 /opt/stm32cubeide/plugins/com.st.stm32cube.ide.mcu.externaltools.gnu-tools-for-stm32.9-2020-q2-update.linux64_1.5.0.202011040924/tools/bin/../lib/gcc/arm-none-eabi/9.3.1/../../../../arm-none-eabi/lib/thumb/v7e-m+dp/hard/libc_nano.a(lib_a-nano-vfprintf_i.o)
                0x00000000080245e8                . = ALIGN (0x4)
 *fill*         0x00000000080245e7        0x1 

.ARM.extab      0x00000000080245e8        0x0
                0x00000000080245e8                . = ALIGN (0x4)
 *(.ARM.extab* .gnu.linkonce.armextab.*)
                0x00000000080245e8                . = ALIGN (0x4)

.ARM            0x00000000080245e8        0x8
                0x00000000080245e8                . = ALIGN (0x4)
                0x00000000080245e8                __exidx_start = .
 *(.ARM.exidx*)
 .ARM.exidx     0x00000000080245e8        0x8 /opt/stm32cubeide/plugins/com.st.stm32cube.ide.mcu.externaltools.gnu-tools-for-stm32.9-2020-q2-update.linux64_1.5.0.202011040924/tools/bin/../lib/gcc/arm-none-eabi/9.3.1/thumb/v7e-m+dp/hard/libgcc.a(_udivmoddi4.o)
                0x00000000080245f0                __exidx_end = .
                0x00000000080245f0                . = ALIGN (0x4)

.rel.dyn        0x00000000080245f0        0x0
 .rel.iplt      0x00000000080245f0        0x0 /opt/stm32cubeide/plugins/com.st.stm32cube.ide.mcu.externaltools.gnu-tools-for-stm32.9-2020-q2-update.linux64_1.5.0.202011040924/tools/bin/../lib/gcc/arm-none-eabi/9.3.1/thumb/v7e-m+dp/hard/crtbegin.o

.preinit_array  0x00000000080245f0        0x0
                0x00000000080245f0                . = ALIGN (0x4)
                0x00000000080245f0                PROVIDE (__preinit_array_start = .)
 *(.preinit_array*)
                0x00000000080245f0                PROVIDE (__preinit_array_end = .)
                0x00000000080245f0                . = ALIGN (0x4)

.init_array     0x00000000080245f0        0x4
                0x00000000080245f0                . = ALIGN (0x4)
                0x00000000080245f0                PROVIDE (__init_array_start = .)
 *(SORT_BY_NAME(.init_array.*))
 *(.init_array*)
 .init_array    0x00000000080245f0        0x4 /opt/stm32cubeide/plugins/com.st.stm32cube.ide.mcu.externaltools.gnu-tools-for-stm32.9-2020-q2-update.linux64_1.5.0.202011040924/tools/bin/../lib/gcc/arm-none-eabi/9.3.1/thumb/v7e-m+dp/hard/crtbegin.o
                0x00000000080245f4                PROVIDE (__init_array_end = .)
                0x00000000080245f4                . = ALIGN (0x4)

.fini_array     0x00000000080245f4        0x4
                0x00000000080245f4                . = ALIGN (0x4)
                [!provide]                        PROVIDE (__fini_array_start = .)
 *(SORT_BY_NAME(.fini_array.*))
 *(.fini_array*)
 .fini_array    0x00000000080245f4        0x4 /opt/stm32cubeide/plugins/com.st.stm32cube.ide.mcu.externaltools.gnu-tools-for-stm32.9-2020-q2-update.linux64_1.5.0.202011040924/tools/bin/../lib/gcc/arm-none-eabi/9.3.1/thumb/v7e-m+dp/hard/crtbegin.o
                [!provide]                        PROVIDE (__fini_array_end = .)
                0x00000000080245f8                . = ALIGN (0x4)
                0x00000000080245f8                _sidata = LOADADDR (.data)

.data           0x0000000024000000       0x74 load address 0x00000000080245f8
                0x0000000024000000                . = ALIGN (0x4)
                0x0000000024000000                _sdata = .
 *(.data)
 *(.data*)
 .data.SystemCoreClock
                0x0000000024000000        0x4 Common/Src/system_stm32h7xx_dualcore_boot_cm4_cm7.o
                0x0000000024000000                SystemCoreClock
 .data.SystemD2Clock
                0x0000000024000004        0x4 Common/Src/system_stm32h7xx_dualcore_boot_cm4_cm7.o
                0x0000000024000004                SystemD2Clock
 .data.uwTickPrio
                0x0000000024000008        0x4 Drivers/STM32H7xx_HAL_Driver/stm32h7xx_hal.o
                0x0000000024000008                uwTickPrio
 .data.uwTickFreq
                0x000000002400000c        0x1 Drivers/STM32H7xx_HAL_Driver/stm32h7xx_hal.o
                0x000000002400000c                uwTickFreq
 *fill*         0x000000002400000d        0x3 
 .data._impure_ptr
                0x0000000024000010        0x4 /opt/stm32cubeide/plugins/com.st.stm32cube.ide.mcu.externaltools.gnu-tools-for-stm32.9-2020-q2-update.linux64_1.5.0.202011040924/tools/bin/../lib/gcc/arm-none-eabi/9.3.1/../../../../arm-none-eabi/lib/thumb/v7e-m+dp/hard/libc_nano.a(lib_a-impure.o)
                0x0000000024000010                _impure_ptr
 .data.impure_data
                0x0000000024000014       0x60 /opt/stm32cubeide/plugins/com.st.stm32cube.ide.mcu.externaltools.gnu-tools-for-stm32.9-2020-q2-update.linux64_1.5.0.202011040924/tools/bin/../lib/gcc/arm-none-eabi/9.3.1/../../../../arm-none-eabi/lib/thumb/v7e-m+dp/hard/libc_nano.a(lib_a-impure.o)
 *(.RamFunc)
 *(.RamFunc*)
                0x0000000024000074                . = ALIGN (0x4)
                0x0000000024000074                _edata = .

.igot.plt       0x0000000024000074        0x0 load address 0x000000000802466c
 .igot.plt      0x0000000024000074        0x0 /opt/stm32cubeide/plugins/com.st.stm32cube.ide.mcu.externaltools.gnu-tools-for-stm32.9-2020-q2-update.linux64_1.5.0.202011040924/tools/bin/../lib/gcc/arm-none-eabi/9.3.1/thumb/v7e-m+dp/hard/crtbegin.o

.RxDecripSection
                0x0000000024000074       0x60 load address 0x000000000802466c
 .RxDecripSection
                0x0000000024000074       0x60 Core/Src/main.o
                0x0000000024000074                DMARxDscrTab

.TxDecripSection
                0x00000000240000d4       0x60 load address 0x00000000080246cc
 .TxDecripSection
                0x00000000240000d4       0x60 Core/Src/main.o
                0x00000000240000d4                DMATxDscrTab
                0x0000000024000134                . = ALIGN (0x4)

.bss            0x0000000024000134     0x1210 load address 0x000000000802472c
                0x0000000024000134                _sbss = .
                0x0000000024000134                __bss_start__ = _sbss
 *(.bss)
 .bss           0x0000000024000134       0x1c /opt/stm32cubeide/plugins/com.st.stm32cube.ide.mcu.externaltools.gnu-tools-for-stm32.9-2020-q2-update.linux64_1.5.0.202011040924/tools/bin/../lib/gcc/arm-none-eabi/9.3.1/thumb/v7e-m+dp/hard/crtbegin.o
 *(.bss*)
 .bss.buf.12436
                0x0000000024000150       0x20 Core/Src/main.o
 .bss.__sbrk_heap_end
                0x0000000024000170        0x4 Core/Src/sysmem.o
 .bss.__malloc_free_list
                0x0000000024000174        0x4 /opt/stm32cubeide/plugins/com.st.stm32cube.ide.mcu.externaltools.gnu-tools-for-stm32.9-2020-q2-update.linux64_1.5.0.202011040924/tools/bin/../lib/gcc/arm-none-eabi/9.3.1/../../../../arm-none-eabi/lib/thumb/v7e-m+dp/hard/libc_nano.a(lib_a-nano-mallocr.o)
                0x0000000024000174                __malloc_free_list
 .bss.__malloc_sbrk_start
                0x0000000024000178        0x4 /opt/stm32cubeide/plugins/com.st.stm32cube.ide.mcu.externaltools.gnu-tools-for-stm32.9-2020-q2-update.linux64_1.5.0.202011040924/tools/bin/../lib/gcc/arm-none-eabi/9.3.1/../../../../arm-none-eabi/lib/thumb/v7e-m+dp/hard/libc_nano.a(lib_a-nano-mallocr.o)
                0x0000000024000178                __malloc_sbrk_start
 *(COMMON)
 COMMON         0x000000002400017c     0x11b4 Core/Src/main.o
                0x000000002400017c                huart3
                0x000000002400020c                hdma_i2c1_tx
                0x0000000024000284                hi2c1
                0x00000000240002d0                hpcd_USB_OTG_FS
                0x00000000240006d8                hdma_usart3_tx
                0x0000000024000750                vl53l5cx
                0x00000000240011fc                hdma_i2c1_rx
                0x0000000024001274                heth
                0x00000000240012fc                TxConfig
 COMMON         0x0000000024001330        0x4 Drivers/STM32H7xx_HAL_Driver/stm32h7xx_hal.o
                0x0000000024001330                uwTick
 COMMON         0x0000000024001334        0x4 /opt/stm32cubeide/plugins/com.st.stm32cube.ide.mcu.externaltools.gnu-tools-for-stm32.9-2020-q2-update.linux64_1.5.0.202011040924/tools/bin/../lib/gcc/arm-none-eabi/9.3.1/../../../../arm-none-eabi/lib/thumb/v7e-m+dp/hard/libc_nano.a(lib_a-reent.o)
                0x0000000024001334                errno
 COMMON         0x0000000024001338        0x9 /opt/stm32cubeide/plugins/com.st.stm32cube.ide.mcu.externaltools.gnu-tools-for-stm32.9-2020-q2-update.linux64_1.5.0.202011040924/tools/bin/../lib/gcc/arm-none-eabi/9.3.1/../../../../arm-none-eabi/lib/thumb/v7e-m+dp/hard/libc_nano.a(lib_a-lock.o)
                0x0000000024001338                __lock___atexit_recursive_mutex
                0x0000000024001339                __lock___arc4random_mutex
                0x000000002400133a                __lock___env_recursive_mutex
                0x000000002400133b                __lock___sinit_recursive_mutex
                0x000000002400133c                __lock___malloc_recursive_mutex
                0x000000002400133d                __lock___at_quick_exit_mutex
                0x000000002400133e                __lock___dd_hash_mutex
                0x000000002400133f                __lock___tz_mutex
                0x0000000024001340                __lock___sfp_recursive_mutex
                0x0000000024001344                . = ALIGN (0x4)
 *fill*         0x0000000024001341        0x3 
                0x0000000024001344                _ebss = .
                0x0000000024001344                __bss_end__ = _ebss

._user_heap_stack
                0x0000000024001344      0x604 load address 0x000000000802472c
                0x0000000024001348                . = ALIGN (0x8)
 *fill*         0x0000000024001344        0x4 
                [!provide]                        PROVIDE (end = .)
                0x0000000024001348                PROVIDE (_end = .)
                0x0000000024001548                . = (. + _Min_Heap_Size)
 *fill*         0x0000000024001348      0x200 
                0x0000000024001948                . = (. + _Min_Stack_Size)
 *fill*         0x0000000024001548      0x400 
                0x0000000024001948                . = ALIGN (0x8)

/DISCARD/
 libc.a(*)
 libm.a(*)
 libgcc.a(*)

.ARM.attributes
                0x0000000000000000       0x2e
 *(.ARM.attributes)
 .ARM.attributes
                0x0000000000000000       0x1e /opt/stm32cubeide/plugins/com.st.stm32cube.ide.mcu.externaltools.gnu-tools-for-stm32.9-2020-q2-update.linux64_1.5.0.202011040924/tools/bin/../lib/gcc/arm-none-eabi/9.3.1/thumb/v7e-m+dp/hard/crti.o
 .ARM.attributes
                0x000000000000001e       0x32 /opt/stm32cubeide/plugins/com.st.stm32cube.ide.mcu.externaltools.gnu-tools-for-stm32.9-2020-q2-update.linux64_1.5.0.202011040924/tools/bin/../lib/gcc/arm-none-eabi/9.3.1/thumb/v7e-m+dp/hard/crtbegin.o
 .ARM.attributes
                0x0000000000000050       0x32 Common/Src/system_stm32h7xx_dualcore_boot_cm4_cm7.o
 .ARM.attributes
                0x0000000000000082       0x32 Core/Src/main.o
 .ARM.attributes
                0x00000000000000b4       0x32 Core/Src/stm32h7xx_hal_msp.o
 .ARM.attributes
                0x00000000000000e6       0x32 Core/Src/stm32h7xx_it.o
 .ARM.attributes
                0x0000000000000118       0x32 Core/Src/sysmem.o
 .ARM.attributes
                0x000000000000014a       0x21 Core/Startup/startup_stm32h755zitx.o
 .ARM.attributes
                0x000000000000016b       0x32 Core/drivers/vl53l5cx/src/platform.o
 .ARM.attributes
                0x000000000000019d       0x32 Core/drivers/vl53l5cx/src/vl53l5cx_api.o
 .ARM.attributes
                0x00000000000001cf       0x32 Core/drivers/vl53l5cx/src/vl53l5cx_plugin_async.o
 .ARM.attributes
                0x0000000000000201       0x32 Drivers/STM32H7xx_HAL_Driver/stm32h7xx_hal.o
 .ARM.attributes
                0x0000000000000233       0x32 Drivers/STM32H7xx_HAL_Driver/stm32h7xx_hal_cortex.o
 .ARM.attributes
                0x0000000000000265       0x32 Drivers/STM32H7xx_HAL_Driver/stm32h7xx_hal_dma.o
 .ARM.attributes
                0x0000000000000297       0x32 Drivers/STM32H7xx_HAL_Driver/stm32h7xx_hal_eth.o
 .ARM.attributes
                0x00000000000002c9       0x32 Drivers/STM32H7xx_HAL_Driver/stm32h7xx_hal_gpio.o
 .ARM.attributes
                0x00000000000002fb       0x32 Drivers/STM32H7xx_HAL_Driver/stm32h7xx_hal_hsem.o
 .ARM.attributes
                0x000000000000032d       0x32 Drivers/STM32H7xx_HAL_Driver/stm32h7xx_hal_i2c.o
 .ARM.attributes
                0x000000000000035f       0x32 Drivers/STM32H7xx_HAL_Driver/stm32h7xx_hal_i2c_ex.o
 .ARM.attributes
                0x0000000000000391       0x32 Drivers/STM32H7xx_HAL_Driver/stm32h7xx_hal_pcd.o
 .ARM.attributes
                0x00000000000003c3       0x32 Drivers/STM32H7xx_HAL_Driver/stm32h7xx_hal_pcd_ex.o
 .ARM.attributes
                0x00000000000003f5       0x32 Drivers/STM32H7xx_HAL_Driver/stm32h7xx_hal_pwr_ex.o
 .ARM.attributes
                0x0000000000000427       0x32 Drivers/STM32H7xx_HAL_Driver/stm32h7xx_hal_rcc.o
 .ARM.attributes
                0x0000000000000459       0x32 Drivers/STM32H7xx_HAL_Driver/stm32h7xx_hal_rcc_ex.o
 .ARM.attributes
                0x000000000000048b       0x32 Drivers/STM32H7xx_HAL_Driver/stm32h7xx_hal_uart.o
 .ARM.attributes
                0x00000000000004bd       0x32 Drivers/STM32H7xx_HAL_Driver/stm32h7xx_hal_uart_ex.o
 .ARM.attributes
                0x00000000000004ef       0x32 Drivers/STM32H7xx_HAL_Driver/stm32h7xx_ll_usb.o
 .ARM.attributes
                0x0000000000000521       0x32 /opt/stm32cubeide/plugins/com.st.stm32cube.ide.mcu.externaltools.gnu-tools-for-stm32.9-2020-q2-update.linux64_1.5.0.202011040924/tools/bin/../lib/gcc/arm-none-eabi/9.3.1/../../../../arm-none-eabi/lib/thumb/v7e-m+dp/hard/libc_nano.a(lib_a-errno.o)
 .ARM.attributes
                0x0000000000000553       0x30 /opt/stm32cubeide/plugins/com.st.stm32cube.ide.mcu.externaltools.gnu-tools-for-stm32.9-2020-q2-update.linux64_1.5.0.202011040924/tools/bin/../lib/gcc/arm-none-eabi/9.3.1/../../../../arm-none-eabi/lib/thumb/v7e-m+dp/hard/libc_nano.a(lib_a-impure.o)
 .ARM.attributes
                0x0000000000000583       0x32 /opt/stm32cubeide/plugins/com.st.stm32cube.ide.mcu.externaltools.gnu-tools-for-stm32.9-2020-q2-update.linux64_1.5.0.202011040924/tools/bin/../lib/gcc/arm-none-eabi/9.3.1/../../../../arm-none-eabi/lib/thumb/v7e-m+dp/hard/libc_nano.a(lib_a-init.o)
 .ARM.attributes
                0x00000000000005b5       0x32 /opt/stm32cubeide/plugins/com.st.stm32cube.ide.mcu.externaltools.gnu-tools-for-stm32.9-2020-q2-update.linux64_1.5.0.202011040924/tools/bin/../lib/gcc/arm-none-eabi/9.3.1/../../../../arm-none-eabi/lib/thumb/v7e-m+dp/hard/libc_nano.a(lib_a-memcpy-stub.o)
 .ARM.attributes
                0x00000000000005e7       0x32 /opt/stm32cubeide/plugins/com.st.stm32cube.ide.mcu.externaltools.gnu-tools-for-stm32.9-2020-q2-update.linux64_1.5.0.202011040924/tools/bin/../lib/gcc/arm-none-eabi/9.3.1/../../../../arm-none-eabi/lib/thumb/v7e-m+dp/hard/libc_nano.a(lib_a-memset.o)
 .ARM.attributes
                0x0000000000000619       0x32 /opt/stm32cubeide/plugins/com.st.stm32cube.ide.mcu.externaltools.gnu-tools-for-stm32.9-2020-q2-update.linux64_1.5.0.202011040924/tools/bin/../lib/gcc/arm-none-eabi/9.3.1/../../../../arm-none-eabi/lib/thumb/v7e-m+dp/hard/libc_nano.a(lib_a-sprintf.o)
 .ARM.attributes
                0x000000000000064b       0x17 /opt/stm32cubeide/plugins/com.st.stm32cube.ide.mcu.externaltools.gnu-tools-for-stm32.9-2020-q2-update.linux64_1.5.0.202011040924/tools/bin/../lib/gcc/arm-none-eabi/9.3.1/../../../../arm-none-eabi/lib/thumb/v7e-m+dp/hard/libc_nano.a(lib_a-strlen.o)
 .ARM.attributes
                0x0000000000000662       0x32 /opt/stm32cubeide/plugins/com.st.stm32cube.ide.mcu.externaltools.gnu-tools-for-stm32.9-2020-q2-update.linux64_1.5.0.202011040924/tools/bin/../lib/gcc/arm-none-eabi/9.3.1/../../../../arm-none-eabi/lib/thumb/v7e-m+dp/hard/libc_nano.a(lib_a-nano-svfprintf.o)
 .ARM.attributes
                0x0000000000000694       0x32 /opt/stm32cubeide/plugins/com.st.stm32cube.ide.mcu.externaltools.gnu-tools-for-stm32.9-2020-q2-update.linux64_1.5.0.202011040924/tools/bin/../lib/gcc/arm-none-eabi/9.3.1/../../../../arm-none-eabi/lib/thumb/v7e-m+dp/hard/libc_nano.a(lib_a-nano-vfprintf_i.o)
 .ARM.attributes
                0x00000000000006c6       0x1c /opt/stm32cubeide/plugins/com.st.stm32cube.ide.mcu.externaltools.gnu-tools-for-stm32.9-2020-q2-update.linux64_1.5.0.202011040924/tools/bin/../lib/gcc/arm-none-eabi/9.3.1/../../../../arm-none-eabi/lib/thumb/v7e-m+dp/hard/libc_nano.a(lib_a-memchr.o)
 .ARM.attributes
                0x00000000000006e2       0x32 /opt/stm32cubeide/plugins/com.st.stm32cube.ide.mcu.externaltools.gnu-tools-for-stm32.9-2020-q2-update.linux64_1.5.0.202011040924/tools/bin/../lib/gcc/arm-none-eabi/9.3.1/../../../../arm-none-eabi/lib/thumb/v7e-m+dp/hard/libc_nano.a(lib_a-memmove.o)
 .ARM.attributes
                0x0000000000000714       0x32 /opt/stm32cubeide/plugins/com.st.stm32cube.ide.mcu.externaltools.gnu-tools-for-stm32.9-2020-q2-update.linux64_1.5.0.202011040924/tools/bin/../lib/gcc/arm-none-eabi/9.3.1/../../../../arm-none-eabi/lib/thumb/v7e-m+dp/hard/libc_nano.a(lib_a-nano-freer.o)
 .ARM.attributes
                0x0000000000000746       0x32 /opt/stm32cubeide/plugins/com.st.stm32cube.ide.mcu.externaltools.gnu-tools-for-stm32.9-2020-q2-update.linux64_1.5.0.202011040924/tools/bin/../lib/gcc/arm-none-eabi/9.3.1/../../../../arm-none-eabi/lib/thumb/v7e-m+dp/hard/libc_nano.a(lib_a-nano-mallocr.o)
 .ARM.attributes
                0x0000000000000778       0x32 /opt/stm32cubeide/plugins/com.st.stm32cube.ide.mcu.externaltools.gnu-tools-for-stm32.9-2020-q2-update.linux64_1.5.0.202011040924/tools/bin/../lib/gcc/arm-none-eabi/9.3.1/../../../../arm-none-eabi/lib/thumb/v7e-m+dp/hard/libc_nano.a(lib_a-nano-reallocr.o)
 .ARM.attributes
                0x00000000000007aa       0x32 /opt/stm32cubeide/plugins/com.st.stm32cube.ide.mcu.externaltools.gnu-tools-for-stm32.9-2020-q2-update.linux64_1.5.0.202011040924/tools/bin/../lib/gcc/arm-none-eabi/9.3.1/../../../../arm-none-eabi/lib/thumb/v7e-m+dp/hard/libc_nano.a(lib_a-sbrkr.o)
 .ARM.attributes
                0x00000000000007dc       0x32 /opt/stm32cubeide/plugins/com.st.stm32cube.ide.mcu.externaltools.gnu-tools-for-stm32.9-2020-q2-update.linux64_1.5.0.202011040924/tools/bin/../lib/gcc/arm-none-eabi/9.3.1/../../../../arm-none-eabi/lib/thumb/v7e-m+dp/hard/libc_nano.a(lib_a-mlock.o)
 .ARM.attributes
                0x000000000000080e       0x32 /opt/stm32cubeide/plugins/com.st.stm32cube.ide.mcu.externaltools.gnu-tools-for-stm32.9-2020-q2-update.linux64_1.5.0.202011040924/tools/bin/../lib/gcc/arm-none-eabi/9.3.1/../../../../arm-none-eabi/lib/thumb/v7e-m+dp/hard/libc_nano.a(lib_a-nano-msizer.o)
 .ARM.attributes
                0x0000000000000840       0x32 /opt/stm32cubeide/plugins/com.st.stm32cube.ide.mcu.externaltools.gnu-tools-for-stm32.9-2020-q2-update.linux64_1.5.0.202011040924/tools/bin/../lib/gcc/arm-none-eabi/9.3.1/../../../../arm-none-eabi/lib/thumb/v7e-m+dp/hard/libc_nano.a(lib_a-reent.o)
 .ARM.attributes
                0x0000000000000872       0x32 /opt/stm32cubeide/plugins/com.st.stm32cube.ide.mcu.externaltools.gnu-tools-for-stm32.9-2020-q2-update.linux64_1.5.0.202011040924/tools/bin/../lib/gcc/arm-none-eabi/9.3.1/../../../../arm-none-eabi/lib/thumb/v7e-m+dp/hard/libc_nano.a(lib_a-lock.o)
 .ARM.attributes
                0x00000000000008a4       0x1e /opt/stm32cubeide/plugins/com.st.stm32cube.ide.mcu.externaltools.gnu-tools-for-stm32.9-2020-q2-update.linux64_1.5.0.202011040924/tools/bin/../lib/gcc/arm-none-eabi/9.3.1/thumb/v7e-m+dp/hard/libgcc.a(_aeabi_uldivmod.o)
 .ARM.attributes
                0x00000000000008c2       0x32 /opt/stm32cubeide/plugins/com.st.stm32cube.ide.mcu.externaltools.gnu-tools-for-stm32.9-2020-q2-update.linux64_1.5.0.202011040924/tools/bin/../lib/gcc/arm-none-eabi/9.3.1/thumb/v7e-m+dp/hard/libgcc.a(_udivmoddi4.o)
 .ARM.attributes
                0x00000000000008f4       0x1e /opt/stm32cubeide/plugins/com.st.stm32cube.ide.mcu.externaltools.gnu-tools-for-stm32.9-2020-q2-update.linux64_1.5.0.202011040924/tools/bin/../lib/gcc/arm-none-eabi/9.3.1/thumb/v7e-m+dp/hard/libgcc.a(_dvmd_tls.o)
 .ARM.attributes
                0x0000000000000912       0x1e /opt/stm32cubeide/plugins/com.st.stm32cube.ide.mcu.externaltools.gnu-tools-for-stm32.9-2020-q2-update.linux64_1.5.0.202011040924/tools/bin/../lib/gcc/arm-none-eabi/9.3.1/thumb/v7e-m+dp/hard/crtn.o
OUTPUT(h755_vl53l5cx_CM7.elf elf32-littlearm)
LOAD linker stubs
LOAD /opt/stm32cubeide/plugins/com.st.stm32cube.ide.mcu.externaltools.gnu-tools-for-stm32.9-2020-q2-update.linux64_1.5.0.202011040924/tools/bin/../lib/gcc/arm-none-eabi/9.3.1/../../../../arm-none-eabi/lib/thumb/v7e-m+dp/hard/libc.a
LOAD /opt/stm32cubeide/plugins/com.st.stm32cube.ide.mcu.externaltools.gnu-tools-for-stm32.9-2020-q2-update.linux64_1.5.0.202011040924/tools/bin/../lib/gcc/arm-none-eabi/9.3.1/../../../../arm-none-eabi/lib/thumb/v7e-m+dp/hard/libm.a
LOAD /opt/stm32cubeide/plugins/com.st.stm32cube.ide.mcu.externaltools.gnu-tools-for-stm32.9-2020-q2-update.linux64_1.5.0.202011040924/tools/bin/../lib/gcc/arm-none-eabi/9.3.1/thumb/v7e-m+dp/hard/libgcc.a

.debug_info     0x0000000000000000    0x306e4
 .debug_info    0x0000000000000000     0x184a Common/Src/system_stm32h7xx_dualcore_boot_cm4_cm7.o
 .debug_info    0x000000000000184a     0x3b94 Core/Src/main.o
 .debug_info    0x00000000000053de     0x363f Core/Src/stm32h7xx_hal_msp.o
 .debug_info    0x0000000000008a1d     0x1635 Core/Src/stm32h7xx_it.o
 .debug_info    0x000000000000a052      0xa25 Core/Src/sysmem.o
 .debug_info    0x000000000000aa77       0x22 Core/Startup/startup_stm32h755zitx.o
 .debug_info    0x000000000000aa99     0x1515 Core/drivers/vl53l5cx/src/platform.o
 .debug_info    0x000000000000bfae     0x2174 Core/drivers/vl53l5cx/src/vl53l5cx_api.o
 .debug_info    0x000000000000e122     0x1609 Core/drivers/vl53l5cx/src/vl53l5cx_plugin_async.o
 .debug_info    0x000000000000f72b     0x21f2 Drivers/STM32H7xx_HAL_Driver/stm32h7xx_hal.o
 .debug_info    0x000000000001191d     0x1c37 Drivers/STM32H7xx_HAL_Driver/stm32h7xx_hal_cortex.o
 .debug_info    0x0000000000013554     0x175f Drivers/STM32H7xx_HAL_Driver/stm32h7xx_hal_dma.o
 .debug_info    0x0000000000014cb3     0x3293 Drivers/STM32H7xx_HAL_Driver/stm32h7xx_hal_eth.o
 .debug_info    0x0000000000017f46     0x189e Drivers/STM32H7xx_HAL_Driver/stm32h7xx_hal_gpio.o
 .debug_info    0x00000000000197e4      0xed3 Drivers/STM32H7xx_HAL_Driver/stm32h7xx_hal_hsem.o
 .debug_info    0x000000000001a6b7     0x2db8 Drivers/STM32H7xx_HAL_Driver/stm32h7xx_hal_i2c.o
 .debug_info    0x000000000001d46f     0x18b6 Drivers/STM32H7xx_HAL_Driver/stm32h7xx_hal_i2c_ex.o
 .debug_info    0x000000000001ed25     0x1d2d Drivers/STM32H7xx_HAL_Driver/stm32h7xx_hal_pcd.o
 .debug_info    0x0000000000020a52     0x1331 Drivers/STM32H7xx_HAL_Driver/stm32h7xx_hal_pcd_ex.o
 .debug_info    0x0000000000021d83     0x1d5d Drivers/STM32H7xx_HAL_Driver/stm32h7xx_hal_pwr_ex.o
 .debug_info    0x0000000000023ae0     0x194f Drivers/STM32H7xx_HAL_Driver/stm32h7xx_hal_rcc.o
 .debug_info    0x000000000002542f     0x1de0 Drivers/STM32H7xx_HAL_Driver/stm32h7xx_hal_rcc_ex.o
 .debug_info    0x000000000002720f     0x558a Drivers/STM32H7xx_HAL_Driver/stm32h7xx_hal_uart.o
 .debug_info    0x000000000002c799     0x19a9 Drivers/STM32H7xx_HAL_Driver/stm32h7xx_hal_uart_ex.o
 .debug_info    0x000000000002e142     0x25a2 Drivers/STM32H7xx_HAL_Driver/stm32h7xx_ll_usb.o

.debug_abbrev   0x0000000000000000     0x470c
 .debug_abbrev  0x0000000000000000      0x262 Common/Src/system_stm32h7xx_dualcore_boot_cm4_cm7.o
 .debug_abbrev  0x0000000000000262      0x34d Core/Src/main.o
 .debug_abbrev  0x00000000000005af      0x2b6 Core/Src/stm32h7xx_hal_msp.o
 .debug_abbrev  0x0000000000000865      0x218 Core/Src/stm32h7xx_it.o
 .debug_abbrev  0x0000000000000a7d      0x1bf Core/Src/sysmem.o
 .debug_abbrev  0x0000000000000c3c       0x12 Core/Startup/startup_stm32h755zitx.o
 .debug_abbrev  0x0000000000000c4e      0x23e Core/drivers/vl53l5cx/src/platform.o
 .debug_abbrev  0x0000000000000e8c      0x373 Core/drivers/vl53l5cx/src/vl53l5cx_api.o
 .debug_abbrev  0x00000000000011ff      0x2e6 Core/drivers/vl53l5cx/src/vl53l5cx_plugin_async.o
 .debug_abbrev  0x00000000000014e5      0x31b Drivers/STM32H7xx_HAL_Driver/stm32h7xx_hal.o
 .debug_abbrev  0x0000000000001800      0x409 Drivers/STM32H7xx_HAL_Driver/stm32h7xx_hal_cortex.o
 .debug_abbrev  0x0000000000001c09      0x2c1 Drivers/STM32H7xx_HAL_Driver/stm32h7xx_hal_dma.o
 .debug_abbrev  0x0000000000001eca      0x328 Drivers/STM32H7xx_HAL_Driver/stm32h7xx_hal_eth.o
 .debug_abbrev  0x00000000000021f2      0x2cb Drivers/STM32H7xx_HAL_Driver/stm32h7xx_hal_gpio.o
 .debug_abbrev  0x00000000000024bd      0x2e9 Drivers/STM32H7xx_HAL_Driver/stm32h7xx_hal_hsem.o
 .debug_abbrev  0x00000000000027a6      0x2e6 Drivers/STM32H7xx_HAL_Driver/stm32h7xx_hal_i2c.o
 .debug_abbrev  0x0000000000002a8c      0x29e Drivers/STM32H7xx_HAL_Driver/stm32h7xx_hal_i2c_ex.o
 .debug_abbrev  0x0000000000002d2a      0x33a Drivers/STM32H7xx_HAL_Driver/stm32h7xx_hal_pcd.o
 .debug_abbrev  0x0000000000003064      0x2e0 Drivers/STM32H7xx_HAL_Driver/stm32h7xx_hal_pcd_ex.o
 .debug_abbrev  0x0000000000003344      0x37d Drivers/STM32H7xx_HAL_Driver/stm32h7xx_hal_pwr_ex.o
 .debug_abbrev  0x00000000000036c1      0x322 Drivers/STM32H7xx_HAL_Driver/stm32h7xx_hal_rcc.o
 .debug_abbrev  0x00000000000039e3      0x31d Drivers/STM32H7xx_HAL_Driver/stm32h7xx_hal_rcc_ex.o
 .debug_abbrev  0x0000000000003d00      0x37d Drivers/STM32H7xx_HAL_Driver/stm32h7xx_hal_uart.o
 .debug_abbrev  0x000000000000407d      0x33d Drivers/STM32H7xx_HAL_Driver/stm32h7xx_hal_uart_ex.o
 .debug_abbrev  0x00000000000043ba      0x352 Drivers/STM32H7xx_HAL_Driver/stm32h7xx_ll_usb.o

.debug_aranges  0x0000000000000000     0x1598
 .debug_aranges
                0x0000000000000000       0x28 Common/Src/system_stm32h7xx_dualcore_boot_cm4_cm7.o
 .debug_aranges
                0x0000000000000028       0x68 Core/Src/main.o
 .debug_aranges
                0x0000000000000090       0x60 Core/Src/stm32h7xx_hal_msp.o
 .debug_aranges
                0x00000000000000f0       0x90 Core/Src/stm32h7xx_it.o
 .debug_aranges
                0x0000000000000180       0x20 Core/Src/sysmem.o
 .debug_aranges
                0x00000000000001a0       0x28 Core/Startup/startup_stm32h755zitx.o
 .debug_aranges
                0x00000000000001c8       0x60 Core/drivers/vl53l5cx/src/platform.o
 .debug_aranges
                0x0000000000000228       0xf8 Core/drivers/vl53l5cx/src/vl53l5cx_api.o
 .debug_aranges
                0x0000000000000320       0x48 Core/drivers/vl53l5cx/src/vl53l5cx_plugin_async.o
 .debug_aranges
                0x0000000000000368      0x200 Drivers/STM32H7xx_HAL_Driver/stm32h7xx_hal.o
 .debug_aranges
                0x0000000000000568      0x120 Drivers/STM32H7xx_HAL_Driver/stm32h7xx_hal_cortex.o
 .debug_aranges
                0x0000000000000688       0xa0 Drivers/STM32H7xx_HAL_Driver/stm32h7xx_hal_dma.o
 .debug_aranges
                0x0000000000000728      0x1b0 Drivers/STM32H7xx_HAL_Driver/stm32h7xx_hal_eth.o
 .debug_aranges
                0x00000000000008d8       0x58 Drivers/STM32H7xx_HAL_Driver/stm32h7xx_hal_gpio.o
 .debug_aranges
                0x0000000000000930       0x70 Drivers/STM32H7xx_HAL_Driver/stm32h7xx_hal_hsem.o
 .debug_aranges
                0x00000000000009a0      0x290 Drivers/STM32H7xx_HAL_Driver/stm32h7xx_hal_i2c.o
 .debug_aranges
                0x0000000000000c30       0x48 Drivers/STM32H7xx_HAL_Driver/stm32h7xx_hal_i2c_ex.o
 .debug_aranges
                0x0000000000000c78      0x140 Drivers/STM32H7xx_HAL_Driver/stm32h7xx_hal_pcd.o
 .debug_aranges
                0x0000000000000db8       0x60 Drivers/STM32H7xx_HAL_Driver/stm32h7xx_hal_pcd_ex.o
 .debug_aranges
                0x0000000000000e18      0x170 Drivers/STM32H7xx_HAL_Driver/stm32h7xx_hal_pwr_ex.o
 .debug_aranges
                0x0000000000000f88       0x88 Drivers/STM32H7xx_HAL_Driver/stm32h7xx_hal_rcc.o
 .debug_aranges
                0x0000000000001010      0x100 Drivers/STM32H7xx_HAL_Driver/stm32h7xx_hal_rcc_ex.o
 .debug_aranges
                0x0000000000001110      0x248 Drivers/STM32H7xx_HAL_Driver/stm32h7xx_hal_uart.o
 .debug_aranges
                0x0000000000001358       0xa0 Drivers/STM32H7xx_HAL_Driver/stm32h7xx_hal_uart_ex.o
 .debug_aranges
                0x00000000000013f8      0x1a0 Drivers/STM32H7xx_HAL_Driver/stm32h7xx_ll_usb.o

.debug_ranges   0x0000000000000000     0x1458
 .debug_ranges  0x0000000000000000       0x18 Common/Src/system_stm32h7xx_dualcore_boot_cm4_cm7.o
 .debug_ranges  0x0000000000000018       0x70 Core/Src/main.o
 .debug_ranges  0x0000000000000088       0x50 Core/Src/stm32h7xx_hal_msp.o
 .debug_ranges  0x00000000000000d8       0x80 Core/Src/stm32h7xx_it.o
 .debug_ranges  0x0000000000000158       0x10 Core/Src/sysmem.o
 .debug_ranges  0x0000000000000168       0x20 Core/Startup/startup_stm32h755zitx.o
 .debug_ranges  0x0000000000000188       0x50 Core/drivers/vl53l5cx/src/platform.o
 .debug_ranges  0x00000000000001d8       0xe8 Core/drivers/vl53l5cx/src/vl53l5cx_api.o
 .debug_ranges  0x00000000000002c0       0x38 Core/drivers/vl53l5cx/src/vl53l5cx_plugin_async.o
 .debug_ranges  0x00000000000002f8      0x1f0 Drivers/STM32H7xx_HAL_Driver/stm32h7xx_hal.o
 .debug_ranges  0x00000000000004e8      0x110 Drivers/STM32H7xx_HAL_Driver/stm32h7xx_hal_cortex.o
 .debug_ranges  0x00000000000005f8       0x90 Drivers/STM32H7xx_HAL_Driver/stm32h7xx_hal_dma.o
 .debug_ranges  0x0000000000000688      0x1a0 Drivers/STM32H7xx_HAL_Driver/stm32h7xx_hal_eth.o
 .debug_ranges  0x0000000000000828       0x48 Drivers/STM32H7xx_HAL_Driver/stm32h7xx_hal_gpio.o
 .debug_ranges  0x0000000000000870       0x60 Drivers/STM32H7xx_HAL_Driver/stm32h7xx_hal_hsem.o
 .debug_ranges  0x00000000000008d0      0x280 Drivers/STM32H7xx_HAL_Driver/stm32h7xx_hal_i2c.o
 .debug_ranges  0x0000000000000b50       0x38 Drivers/STM32H7xx_HAL_Driver/stm32h7xx_hal_i2c_ex.o
 .debug_ranges  0x0000000000000b88      0x130 Drivers/STM32H7xx_HAL_Driver/stm32h7xx_hal_pcd.o
 .debug_ranges  0x0000000000000cb8       0x50 Drivers/STM32H7xx_HAL_Driver/stm32h7xx_hal_pcd_ex.o
 .debug_ranges  0x0000000000000d08      0x160 Drivers/STM32H7xx_HAL_Driver/stm32h7xx_hal_pwr_ex.o
 .debug_ranges  0x0000000000000e68       0x78 Drivers/STM32H7xx_HAL_Driver/stm32h7xx_hal_rcc.o
 .debug_ranges  0x0000000000000ee0       0xf0 Drivers/STM32H7xx_HAL_Driver/stm32h7xx_hal_rcc_ex.o
 .debug_ranges  0x0000000000000fd0      0x268 Drivers/STM32H7xx_HAL_Driver/stm32h7xx_hal_uart.o
 .debug_ranges  0x0000000000001238       0x90 Drivers/STM32H7xx_HAL_Driver/stm32h7xx_hal_uart_ex.o
 .debug_ranges  0x00000000000012c8      0x190 Drivers/STM32H7xx_HAL_Driver/stm32h7xx_ll_usb.o

.debug_macro    0x0000000000000000    0x3c971
 .debug_macro   0x0000000000000000      0x2d2 Common/Src/system_stm32h7xx_dualcore_boot_cm4_cm7.o
 .debug_macro   0x00000000000002d2      0xac6 Common/Src/system_stm32h7xx_dualcore_boot_cm4_cm7.o
 .debug_macro   0x0000000000000d98       0x2e Common/Src/system_stm32h7xx_dualcore_boot_cm4_cm7.o
 .debug_macro   0x0000000000000dc6       0x49 Common/Src/system_stm32h7xx_dualcore_boot_cm4_cm7.o
 .debug_macro   0x0000000000000e0f       0x22 Common/Src/system_stm32h7xx_dualcore_boot_cm4_cm7.o
 .debug_macro   0x0000000000000e31       0x8e Common/Src/system_stm32h7xx_dualcore_boot_cm4_cm7.o
 .debug_macro   0x0000000000000ebf       0x51 Common/Src/system_stm32h7xx_dualcore_boot_cm4_cm7.o
 .debug_macro   0x0000000000000f10      0x103 Common/Src/system_stm32h7xx_dualcore_boot_cm4_cm7.o
 .debug_macro   0x0000000000001013       0x6a Common/Src/system_stm32h7xx_dualcore_boot_cm4_cm7.o
 .debug_macro   0x000000000000107d      0x1df Common/Src/system_stm32h7xx_dualcore_boot_cm4_cm7.o
 .debug_macro   0x000000000000125c       0x1c Common/Src/system_stm32h7xx_dualcore_boot_cm4_cm7.o
 .debug_macro   0x0000000000001278       0x22 Common/Src/system_stm32h7xx_dualcore_boot_cm4_cm7.o
 .debug_macro   0x000000000000129a      0x101 Common/Src/system_stm32h7xx_dualcore_boot_cm4_cm7.o
 .debug_macro   0x000000000000139b     0x1305 Common/Src/system_stm32h7xx_dualcore_boot_cm4_cm7.o