vl53l5cx_api.c:73:16:_vl53l5cx_poll_for_answer	24	static
vl53l5cx_api.c:103:16:_vl53l5cx_send_offset_data	432	static
vl53l5cx_api.c:166:16:_vl53l5cx_send_xtalk_data	304	static
vl53l5cx_api.c:213:9:vl53l5cx_is_alive	24	static
vl53l5cx_api.c:231:9:vl53l5cx_init	40	static
vl53l5cx_api.c:371:9:vl53l5cx_minimal_init	40	static
vl53l5cx_api.c:511:9:vl53l5cx_set_i2c_address	24	static
vl53l5cx_api.c:523:9:vl53l5cx_get_power_mode	24	static
vl53l5cx_api.c:549:9:vl53l5cx_set_power_mode	32	static
vl53l5cx_api.c:578:9:vl53l5cx_start_ranging	128	static
vl53l5cx_api.c:689:9:vl53l5cx_stop_ranging	32	static
vl53l5cx_api.c:726:9:vl53l5cx_check_data_ready	24	static
vl53l5cx_api.c:746:9:vl53l5cx_get_ranging_data	40	static
vl53l5cx_api.c:880:9:vl53l5cx_get_resolution	24	static
vl53l5cx_api.c:891:9:vl53l5cx_set_resolution	24	static
vl53l5cx_api.c:946:9:vl53l5cx_get_ranging_frequency_hz	24	static
vl53l5cx_api.c:957:9:vl53l5cx_set_ranging_frequency_hz	40	static
vl53l5cx_api.c:967:9:vl53l5cx_get_integration_time_ms	24	static
vl53l5cx_api.c:980:9:vl53l5cx_set_integration_time_ms	40	static
vl53l5cx_api.c:998:9:vl53l5cx_get_sharpener_percent	24	static
vl53l5cx_api.c:1011:9:vl53l5cx_set_sharpener_percent	40	static
vl53l5cx_api.c:1027:9:vl53l5cx_get_target_order	24	static
vl53l5cx_api.c:1038:9:vl53l5cx_set_target_order	40	static
vl53l5cx_api.c:1053:9:vl53l5cx_get_ranging_mode	24	static
vl53l5cx_api.c:1069:9:vl53l5cx_set_ranging_mode	24	static
vl53l5cx_api.c:1104:9:vl53l5cx_dci_read_data	56	static
vl53l5cx_api.c:1141:9:vl53l5cx_dci_write_data	56	static
vl53l5cx_api.c:1186:9:vl53l5cx_dci_replace_data	32	static
