stm32h7xx_hal_pcd.c:283:13:HAL_PCD_MspInit	0	static
stm32h7xx_hal_pcd.c:123:19:HAL_PCD_Init	64	static
stm32h7xx_hal_pcd.c:298:13:HAL_PCD_MspDeInit	0	static
stm32h7xx_hal_pcd.c:244:19:HAL_PCD_DeInit	16	static
stm32h7xx_hal_pcd.c:1001:19:HAL_PCD_Start	8	static
stm32h7xx_hal_pcd.c:1026:19:HAL_PCD_Stop	16	static
stm32h7xx_hal_pcd.c:1446:13:HAL_PCD_DataOutStageCallback	0	static
stm32h7xx_hal_pcd.c:1463:13:HAL_PCD_DataInStageCallback	0	static
stm32h7xx_hal_pcd.c:1478:13:HAL_PCD_SetupStageCallback	0	static
stm32h7xx_hal_pcd.c:1493:13:HAL_PCD_SOFCallback	0	static
stm32h7xx_hal_pcd.c:1508:13:HAL_PCD_ResetCallback	0	static
stm32h7xx_hal_pcd.c:1523:13:HAL_PCD_SuspendCallback	0	static
stm32h7xx_hal_pcd.c:1538:13:HAL_PCD_ResumeCallback	0	static
stm32h7xx_hal_pcd.c:1554:13:HAL_PCD_ISOOUTIncompleteCallback	0	static
stm32h7xx_hal_pcd.c:1571:13:HAL_PCD_ISOINIncompleteCallback	0	static
stm32h7xx_hal_pcd.c:1587:13:HAL_PCD_ConnectCallback	0	static
stm32h7xx_hal_pcd.c:1602:13:HAL_PCD_DisconnectCallback	0	static
stm32h7xx_hal_pcd.c:1054:6:HAL_PCD_IRQHandler	64	static
stm32h7xx_hal_pcd.c:1636:19:HAL_PCD_DevConnect	8	static
stm32h7xx_hal_pcd.c:1659:19:HAL_PCD_DevDisconnect	16	static
stm32h7xx_hal_pcd.c:1684:19:HAL_PCD_SetAddress	8	static
stm32h7xx_hal_pcd.c:1701:19:HAL_PCD_EP_Open	16	static
stm32h7xx_hal_pcd.c:1746:19:HAL_PCD_EP_Close	8	static
stm32h7xx_hal_pcd.c:1777:19:HAL_PCD_EP_Receive	16	static
stm32h7xx_hal_pcd.c:1813:10:HAL_PCD_EP_GetRxCount	0	static
stm32h7xx_hal_pcd.c:1825:19:HAL_PCD_EP_Transmit	16	static
stm32h7xx_hal_pcd.c:1861:19:HAL_PCD_EP_SetStall	16	static
stm32h7xx_hal_pcd.c:1904:19:HAL_PCD_EP_ClrStall	16	static
stm32h7xx_hal_pcd.c:1940:19:HAL_PCD_EP_Abort	0	static
stm32h7xx_hal_pcd.c:1966:19:HAL_PCD_EP_Flush	8	static
stm32h7xx_hal_pcd.c:1989:19:HAL_PCD_ActivateRemoteWakeup	0	static
stm32h7xx_hal_pcd.c:1999:19:HAL_PCD_DeActivateRemoteWakeup	0	static
stm32h7xx_hal_pcd.c:2028:18:HAL_PCD_GetState	0	static
stm32h7xx_hal_pcd.c:2039:19:HAL_PCD_SetTestMode	0	static
