stm32h7xx_hal_eth.c:2408:13:ETH_SetMACConfig	56	static
stm32h7xx_hal_eth.c:2485:13:ETH_SetDMAConfig	12	static
stm32h7xx_hal_eth.c:2733:17:ETH_Prepare_Tx_Descriptors	56	static,ignoring_inline_asm
stm32h7xx_hal_eth.c:435:13:HAL_ETH_MspInit	0	static
stm32h7xx_hal_eth.c:450:13:HAL_ETH_MspDeInit	0	static
stm32h7xx_hal_eth.c:402:19:HAL_ETH_DeInit	8	static
stm32h7xx_hal_eth.c:691:19:HAL_ETH_DescAssignMemory	0	static
stm32h7xx_hal_eth.c:750:19:HAL_ETH_Start	8	static
stm32h7xx_hal_eth.c:791:19:HAL_ETH_Start_IT	8	static
stm32h7xx_hal_eth.c:854:19:HAL_ETH_Stop	0	static
stm32h7xx_hal_eth.c:894:19:HAL_ETH_Stop_IT	8	static
stm32h7xx_hal_eth.c:956:19:HAL_ETH_Transmit	24	static
stm32h7xx_hal_eth.c:1029:19:HAL_ETH_Transmit_IT	8	static
stm32h7xx_hal_eth.c:1069:9:HAL_ETH_IsRxDataAvailable	20	static
stm32h7xx_hal_eth.c:1206:19:HAL_ETH_GetRxDataBuffer	24	static
stm32h7xx_hal_eth.c:1303:19:HAL_ETH_GetRxDataLength	16	static
stm32h7xx_hal_eth.c:1335:19:HAL_ETH_GetRxDataInfo	16	static
stm32h7xx_hal_eth.c:1408:19:HAL_ETH_BuildRxDescriptors	20	static
stm32h7xx_hal_eth.c:1663:13:HAL_ETH_TxCpltCallback	0	static
stm32h7xx_hal_eth.c:1678:13:HAL_ETH_RxCpltCallback	0	static
stm32h7xx_hal_eth.c:1693:13:HAL_ETH_DMAErrorCallback	0	static
stm32h7xx_hal_eth.c:1708:13:HAL_ETH_MACErrorCallback	0	static
stm32h7xx_hal_eth.c:1723:13:HAL_ETH_PMTCallback	0	static
stm32h7xx_hal_eth.c:1738:13:HAL_ETH_EEECallback	0	static
stm32h7xx_hal_eth.c:1753:13:HAL_ETH_WakeUpCallback	0	static
stm32h7xx_hal_eth.c:1474:6:HAL_ETH_IRQHandler	8	static
stm32h7xx_hal_eth.c:1771:19:HAL_ETH_ReadPHYRegister	16	static
stm32h7xx_hal_eth.c:1825:19:HAL_ETH_WritePHYRegister	16	static
stm32h7xx_hal_eth.c:1896:19:HAL_ETH_GetMACConfig	0	static
stm32h7xx_hal_eth.c:1963:19:HAL_ETH_GetDMAConfig	0	static
stm32h7xx_hal_eth.c:1997:19:HAL_ETH_SetMACConfig	8	static
stm32h7xx_hal_eth.c:2024:19:HAL_ETH_SetDMAConfig	8	static
stm32h7xx_hal_eth.c:2049:6:HAL_ETH_SetMDIOClockRange	16	static
stm32h7xx_hal_eth.c:277:19:HAL_ETH_Init	160	static
stm32h7xx_hal_eth.c:2101:19:HAL_ETH_SetMACFilterConfig	20	static
stm32h7xx_hal_eth.c:2135:19:HAL_ETH_GetMACFilterConfig	0	static
stm32h7xx_hal_eth.c:2169:19:HAL_ETH_SetSourceMACAddrMatch	8	static
stm32h7xx_hal_eth.c:2203:19:HAL_ETH_SetHashTable	0	static
stm32h7xx_hal_eth.c:2225:6:HAL_ETH_SetRxVLANIdentifier	0	static
stm32h7xx_hal_eth.c:2247:6:HAL_ETH_EnterPowerDownMode	12	static
stm32h7xx_hal_eth.c:2269:6:HAL_ETH_ExitPowerDownMode	0	static
stm32h7xx_hal_eth.c:2292:19:HAL_ETH_SetWakeUpFilter	0	static
stm32h7xx_hal_eth.c:2341:22:HAL_ETH_GetState	0	static
stm32h7xx_hal_eth.c:2358:10:HAL_ETH_GetError	0	static
stm32h7xx_hal_eth.c:2369:10:HAL_ETH_GetDMAError	0	static
stm32h7xx_hal_eth.c:2380:10:HAL_ETH_GetMACError	0	static
stm32h7xx_hal_eth.c:2391:10:HAL_ETH_GetMACWakeUpSource	0	static
