stm32h7xx_hal_eth_ex.c:93:6:HAL_ETHEx_EnableARPOffload	0	static
stm32h7xx_hal_eth_ex.c:104:6:HAL_ETHEx_DisableARPOffload	0	static
stm32h7xx_hal_eth_ex.c:116:6:HAL_ETHEx_SetARPAddressMatch	0	static
stm32h7xx_hal_eth_ex.c:134:19:HAL_ETHEx_SetL4FilterConfig	16	static
stm32h7xx_hal_eth_ex.c:173:19:HAL_ETHEx_GetL4FilterConfig	8	static
stm32h7xx_hal_eth_ex.c:205:19:HAL_ETHEx_SetL3FilterConfig	16	static
stm32h7xx_hal_eth_ex.c:258:19:HAL_ETHEx_GetL3FilterConfig	12	static
stm32h7xx_hal_eth_ex.c:293:6:HAL_ETHEx_EnableL3L4Filtering	0	static
stm32h7xx_hal_eth_ex.c:305:6:HAL_ETHEx_DisableL3L4Filtering	0	static
stm32h7xx_hal_eth_ex.c:319:19:HAL_ETHEx_GetRxVLANConfig	0	static
stm32h7xx_hal_eth_ex.c:347:19:HAL_ETHEx_SetRxVLANConfig	0	static
stm32h7xx_hal_eth_ex.c:375:6:HAL_ETHEx_SetVLANHashTable	0	static
stm32h7xx_hal_eth_ex.c:391:19:HAL_ETHEx_GetTxVLANConfig	0	static
stm32h7xx_hal_eth_ex.c:425:19:HAL_ETHEx_SetTxVLANConfig	8	static
stm32h7xx_hal_eth_ex.c:455:6:HAL_ETHEx_SetTxVLANIdentifier	0	static
stm32h7xx_hal_eth_ex.c:473:6:HAL_ETHEx_EnableVLANProcessing	0	static
stm32h7xx_hal_eth_ex.c:485:6:HAL_ETHEx_DisableVLANProcessing	0	static
stm32h7xx_hal_eth_ex.c:499:6:HAL_ETHEx_EnterLPIMode	8	static
stm32h7xx_hal_eth_ex.c:516:6:HAL_ETHEx_ExitLPIMode	0	static
stm32h7xx_hal_eth_ex.c:532:10:HAL_ETHEx_GetMACLPIEvent	0	static
