Archive member included to satisfy reference by file (symbol)

/opt/stm32cubeide/plugins/com.st.stm32cube.ide.mcu.externaltools.gnu-tools-for-stm32.9-2020-q2-update.linux64_1.5.0.202011040924/tools/bin/../lib/gcc/arm-none-eabi/9.3.1/../../../../arm-none-eabi/lib/thumb/v7e-m+dp/hard/libc_nano.a(lib_a-errno.o)
                              Core/Src/syscalls.o (__errno)
/opt/stm32cubeide/plugins/com.st.stm32cube.ide.mcu.externaltools.gnu-tools-for-stm32.9-2020-q2-update.linux64_1.5.0.202011040924/tools/bin/../lib/gcc/arm-none-eabi/9.3.1/../../../../arm-none-eabi/lib/thumb/v7e-m+dp/hard/libc_nano.a(lib_a-exit.o)
                              /opt/stm32cubeide/plugins/com.st.stm32cube.ide.mcu.externaltools.gnu-tools-for-stm32.9-2020-q2-update.linux64_1.5.0.202011040924/tools/bin/../lib/gcc/arm-none-eabi/9.3.1/../../../../arm-none-eabi/lib/thumb/v7e-m+dp/hard/crt0.o (exit)
/opt/stm32cubeide/plugins/com.st.stm32cube.ide.mcu.externaltools.gnu-tools-for-stm32.9-2020-q2-update.linux64_1.5.0.202011040924/tools/bin/../lib/gcc/arm-none-eabi/9.3.1/../../../../arm-none-eabi/lib/thumb/v7e-m+dp/hard/libc_nano.a(lib_a-impure.o)
                              /opt/stm32cubeide/plugins/com.st.stm32cube.ide.mcu.externaltools.gnu-tools-for-stm32.9-2020-q2-update.linux64_1.5.0.202011040924/tools/bin/../lib/gcc/arm-none-eabi/9.3.1/../../../../arm-none-eabi/lib/thumb/v7e-m+dp/hard/libc_nano.a(lib_a-exit.o) (_global_impure_ptr)
/opt/stm32cubeide/plugins/com.st.stm32cube.ide.mcu.externaltools.gnu-tools-for-stm32.9-2020-q2-update.linux64_1.5.0.202011040924/tools/bin/../lib/gcc/arm-none-eabi/9.3.1/../../../../arm-none-eabi/lib/thumb/v7e-m+dp/hard/libc_nano.a(lib_a-init.o)
                              /opt/stm32cubeide/plugins/com.st.stm32cube.ide.mcu.externaltools.gnu-tools-for-stm32.9-2020-q2-update.linux64_1.5.0.202011040924/tools/bin/../lib/gcc/arm-none-eabi/9.3.1/../../../../arm-none-eabi/lib/thumb/v7e-m+dp/hard/crt0.o (__libc_init_array)
/opt/stm32cubeide/plugins/com.st.stm32cube.ide.mcu.externaltools.gnu-tools-for-stm32.9-2020-q2-update.linux64_1.5.0.202011040924/tools/bin/../lib/gcc/arm-none-eabi/9.3.1/../../../../arm-none-eabi/lib/thumb/v7e-m+dp/hard/libc_nano.a(lib_a-memcpy-stub.o)
                              Core/drivers/vl53l5cx/src/vl53l5cx_api.o (memcpy)
/opt/stm32cubeide/plugins/com.st.stm32cube.ide.mcu.externaltools.gnu-tools-for-stm32.9-2020-q2-update.linux64_1.5.0.202011040924/tools/bin/../lib/gcc/arm-none-eabi/9.3.1/../../../../arm-none-eabi/lib/thumb/v7e-m+dp/hard/libc_nano.a(lib_a-memset.o)
                              /opt/stm32cubeide/plugins/com.st.stm32cube.ide.mcu.externaltools.gnu-tools-for-stm32.9-2020-q2-update.linux64_1.5.0.202011040924/tools/bin/../lib/gcc/arm-none-eabi/9.3.1/../../../../arm-none-eabi/lib/thumb/v7e-m+dp/hard/crt0.o (memset)
/opt/stm32cubeide/plugins/com.st.stm32cube.ide.mcu.externaltools.gnu-tools-for-stm32.9-2020-q2-update.linux64_1.5.0.202011040924/tools/bin/../lib/gcc/arm-none-eabi/9.3.1/../../../../arm-none-eabi/lib/thumb/v7e-m+dp/hard/libc_nano.a(lib_a-sprintf.o)
                              Core/Src/main.o (sprintf)
/opt/stm32cubeide/plugins/com.st.stm32cube.ide.mcu.externaltools.gnu-tools-for-stm32.9-2020-q2-update.linux64_1.5.0.202011040924/tools/bin/../lib/gcc/arm-none-eabi/9.3.1/../../../../arm-none-eabi/lib/thumb/v7e-m+dp/hard/libc_nano.a(lib_a-strlen.o)
                              Core/Src/main.o (strlen)
/opt/stm32cubeide/plugins/com.st.stm32cube.ide.mcu.externaltools.gnu-tools-for-stm32.9-2020-q2-update.linux64_1.5.0.202011040924/tools/bin/../lib/gcc/arm-none-eabi/9.3.1/../../../../arm-none-eabi/lib/thumb/v7e-m+dp/hard/libc_nano.a(lib_a-nano-svfprintf.o)
                              /opt/stm32cubeide/plugins/com.st.stm32cube.ide.mcu.externaltools.gnu-tools-for-stm32.9-2020-q2-update.linux64_1.5.0.202011040924/tools/bin/../lib/gcc/arm-none-eabi/9.3.1/../../../../arm-none-eabi/lib/thumb/v7e-m+dp/hard/libc_nano.a(lib_a-sprintf.o) (_svfprintf_r)
/opt/stm32cubeide/plugins/com.st.stm32cube.ide.mcu.externaltools.gnu-tools-for-stm32.9-2020-q2-update.linux64_1.5.0.202011040924/tools/bin/../lib/gcc/arm-none-eabi/9.3.1/../../../../arm-none-eabi/lib/thumb/v7e-m+dp/hard/libc_nano.a(lib_a-nano-vfprintf_i.o)
                              /opt/stm32cubeide/plugins/com.st.stm32cube.ide.mcu.externaltools.gnu-tools-for-stm32.9-2020-q2-update.linux64_1.5.0.202011040924/tools/bin/../lib/gcc/arm-none-eabi/9.3.1/../../../../arm-none-eabi/lib/thumb/v7e-m+dp/hard/libc_nano.a(lib_a-nano-svfprintf.o) (_printf_i)
/opt/stm32cubeide/plugins/com.st.stm32cube.ide.mcu.externaltools.gnu-tools-for-stm32.9-2020-q2-update.linux64_1.5.0.202011040924/tools/bin/../lib/gcc/arm-none-eabi/9.3.1/../../../../arm-none-eabi/lib/thumb/v7e-m+dp/hard/libc_nano.a(lib_a-memchr.o)
[...]
Memory Configuration

Name             Origin             Length             Attributes
RAM              0x0000000024000000 0x0000000000040000 xrw
FLASH            0x0000000008000000 0x0000000000100000 xr
DTCMRAM          0x0000000020000000 0x0000000000020000 xrw
RAM_D2           0x0000000030000000 0x0000000000048000 xrw
RAM_D3           0x0000000038000000 0x0000000000010000 xrw
ITCMRAM          0x0000000000000000 0x0000000000010000 xrw
*default*        0x0000000000000000 0xffffffffffffffff

Linker script and memory map

LOAD /opt/stm32cubeide/plugins/com.st.stm32cube.ide.mcu.externaltools.gnu-tools-for-stm32.9-2020-q2-update.linux64_1.5.0.202011040924/tools/bin/../lib/gcc/arm-none-eabi/9.3.1/thumb/v7e-m+dp/hard/crti.o
LOAD /opt/stm32cubeide/plugins/com.st.stm32cube.ide.mcu.externaltools.gnu-tools-for-stm32.9-2020-q2-update.linux64_1.5.0.202011040924/tools/bin/../lib/gcc/arm-none-eabi/9.3.1/thumb/v7e-m+dp/hard/crtbegin.o
LOAD /opt/stm32cubeide/plugins/com.st.stm32cube.ide.mcu.externaltools.gnu-tools-for-stm32.9-2020-q2-update.linux64_1.5.0.202011040924/tools/bin/../lib/gcc/arm-none-eabi/9.3.1/../../../../arm-none-eabi/lib/thumb/v7e-m+dp/hard/crt0.o
LOAD Common/Src/system_stm32h7xx_dualcore_boot_cm4_cm7.o
LOAD Core/Src/main.o
LOAD Core/Src/stm32h7xx_hal_msp.o
LOAD Core/Src/stm32h7xx_it.o
LOAD Core/Src/syscalls.o
LOAD Core/Src/sysmem.o
LOAD Core/Startup/startup_stm32h755zitx.o
LOAD Core/drivers/vl53l5cx/src/platform.o
LOAD Core/drivers/vl53l5cx/src/vl53l5cx_api.o
LOAD Core/drivers/vl53l5cx/src/vl53l5cx_plugin_async.o
LOAD Core/drivers/vl53l5cx/src/vl53l5cx_plugin_detection_thresholds.o
LOAD Core/drivers/vl53l5cx/src/vl53l5cx_plugin_motion_indicator.o
LOAD Core/drivers/vl53l5cx/src/vl53l5cx_plugin_xtalk.o
LOAD Drivers/STM32H7xx_HAL_Driver/stm32h7xx_hal.o
LOAD Drivers/STM32H7xx_HAL_Driver/stm32h7xx_hal_cortex.o
LOAD Drivers/STM32H7xx_HAL_Driver/stm32h7xx_hal_dma.o
LOAD Drivers/STM32H7xx_HAL_Driver/stm32h7xx_hal_dma_ex.o
LOAD Drivers/STM32H7xx_HAL_Driver/stm32h7xx_hal_eth.o
LOAD Drivers/STM32H7xx_HAL_Driver/stm32h7xx_hal_eth_ex.o
LOAD Drivers/STM32H7xx_HAL_Driver/stm32h7xx_hal_exti.o
LOAD Drivers/STM32H7xx_HAL_Driver/stm32h7xx_hal_flash.o
LOAD Drivers/STM32H7xx_HAL_Driver/stm32h7xx_hal_flash_ex.o
LOAD Drivers/STM32H7xx_HAL_Driver/stm32h7xx_hal_gpio.o
LOAD Drivers/STM32H7xx_HAL_Driver/stm32h7xx_hal_hsem.o
LOAD Drivers/STM32H7xx_HAL_Driver/stm32h7xx_hal_i2c.o
LOAD Drivers/STM32H7xx_HAL_Driver/stm32h7xx_hal_i2c_ex.o
LOAD Drivers/STM32H7xx_HAL_Driver/stm32h7xx_hal_mdma.o
LOAD Drivers/STM32H7xx_HAL_Driver/stm32h7xx_hal_pcd.o
LOAD Drivers/STM32H7xx_HAL_Driver/stm32h7xx_hal_pcd_ex.o
LOAD Drivers/STM32H7xx_HAL_Driver/stm32h7xx_hal_pwr.o
LOAD Drivers/STM32H7xx_HAL_Driver/stm32h7xx_hal_pwr_ex.o
LOAD Drivers/STM32H7xx_HAL_Driver/stm32h7xx_hal_rcc.o
LOAD Drivers/STM32H7xx_HAL_Driver/stm32h7xx_hal_rcc_ex.o
LOAD Drivers/STM32H7xx_HAL_Driver/stm32h7xx_hal_tim.o
LOAD Drivers/STM32H7xx_HAL_Driver/stm32h7xx_hal_tim_ex.o
LOAD Drivers/STM32H7xx_HAL_Driver/stm32h7xx_hal_uart.o
LOAD Drivers/STM32H7xx_HAL_Driver/stm32h7xx_hal_uart_ex.o
LOAD Drivers/STM32H7xx_HAL_Driver/stm32h7xx_ll_usb.o
START GROUP
LOAD /opt/stm32cubeide/plugins/com.st.stm32cube.ide.mcu.externaltools.gnu-tools-for-stm32.9-2020-q2-update.linux64_1.5.0.202011040924/tools/bin/../lib/gcc/arm-none-eabi/9.3.1/../../../../arm-none-eabi/lib/thumb/v7e-m+dp/hard/libc_nano.a
LOAD /opt/stm32cubeide/plugins/com.st.stm32cube.ide.mcu.externaltools.gnu-tools-for-stm32.9-2020-q2-update.linux64_1.5.0.202011040924/tools/bin/../lib/gcc/arm-none-eabi/9.3.1/../../../../arm-none-eabi/lib/thumb/v7e-m+dp/hard/libm.a
END GROUP
START GROUP
LOAD /opt/stm32cubeide/plugins/com.st.stm32cube.ide.mcu.externaltools.gnu-tools-for-stm32.9-2020-q2-update.linux64_1.5.0.202011040924/tools/bin/../lib/gcc/arm-none-eabi/9.3.1/thumb/v7e-m+dp/hard/libgcc.a
LOAD /opt/stm32cubeide/plugins/com.st.stm32cube.ide.mcu.externaltools.gnu-tools-for-stm32.9-2020-q2-update.linux64_1.5.0.202011040924/tools/bin/../lib/gcc/arm-none-eabi/9.3.1/../../../../arm-none-eabi/lib/thumb/v7e-m+dp/hard/libc_nano.a
END GROUP
START GROUP
LOAD /opt/stm32cubeide/plugins/com.st.stm32cube.ide.mcu.externaltools.gnu-tools-for-stm32.9-2020-q2-update.linux64_1.5.0.202011040924/tools/bin/../lib/gcc/arm-none-eabi/9.3.1/thumb/v7e-m+dp/hard/libgcc.a
LOAD /opt/stm32cubeide/plugins/com.st.stm32cube.ide.mcu.externaltools.gnu-tools-for-stm32.9-2020-q2-update.linux64_1.5.0.202011040924/tools/bin/../lib/gcc/arm-none-eabi/9.3.1/../../../../arm-none-eabi/lib/thumb/v7e-m+dp/hard/libc_nano.a
LOAD /opt/stm32cubeide/plugins/com.st.stm32cube.ide.mcu.externaltools.gnu-tools-for-stm32.9-2020-q2-update.linux64_1.5.0.202011040924/tools/bin/../lib/gcc/arm-none-eabi/9.3.1/../../../../arm-none-eabi/lib/thumb/v7e-m+dp/hard/libnosys.a
END GROUP
START GROUP
LOAD /opt/stm32cubeide/plugins/com.st.stm32cube.ide.mcu.externaltools.gnu-tools-for-stm32.9-2020-q2-update.linux64_1.5.0.202011040924/tools/bin/../lib/gcc/arm-none-eabi/9.3.1/thumb/v7e-m+dp/hard/libgcc.a
LOAD /opt/stm32cubeide/plugins/com.st.stm32cube.ide.mcu.externaltools.gnu-tools-for-stm32.9-2020-q2-update.linux64_1.5.0.202011040924/tools/bin/../lib/gcc/arm-none-eabi/9.3.1/../../../../arm-none-eabi/lib/thumb/v7e-m+dp/hard/libc_nano.a
LOAD /opt/stm32cubeide/plugins/com.st.stm32cube.ide.mcu.externaltools.gnu-tools-for-stm32.9-2020-q2-update.linux64_1.5.0.202011040924/tools/bin/../lib/gcc/arm-none-eabi/9.3.1/../../../../arm-none-eabi/lib/thumb/v7e-m+dp/hard/libnosys.a
END GROUP
LOAD /opt/stm32cubeide/plugins/com.st.stm32cube.ide.mcu.externaltools.gnu-tools-for-stm32.9-2020-q2-update.linux64_1.5.0.202011040924/tools/bin/../lib/gcc/arm-none-eabi/9.3.1/thumb/v7e-m+dp/hard/crtend.o
LOAD /opt/stm32cubeide/plugins/com.st.stm32cube.ide.mcu.externaltools.gnu-tools-for-stm32.9-2020-q2-update.linux64_1.5.0.202011040924/tools/bin/../lib/gcc/arm-none-eabi/9.3.1/thumb/v7e-m+dp/hard/crtn.o
                0x0000000024040000                _estack = (ORIGIN (RAM) + LENGTH (RAM))
                0x0000000000000200                _Min_Heap_Size = 0x200
                0x0000000000000400                _Min_Stack_Size = 0x400

.isr_vector     0x0000000008000000      0x298
                0x0000000008000000                . = ALIGN (0x4)
 *(.isr_vector)
 .isr_vector    0x0000000008000000      0x298 Core/Startup/startup_stm32h755zitx.o
                0x0000000008000000                g_pfnVectors
                0x0000000008000298                . = ALIGN (0x4)

.text           0x00000000080002a0     0x81d0
                0x00000000080002a0                . = ALIGN (0x4)
 *(.text)
 .text          0x00000000080002a0       0x40 /opt/stm32cubeide/plugins/com.st.stm32cube.ide.mcu.externaltools.gnu-tools-for-stm32.9-2020-q2-update.linux64_1.5.0.202011040924/tools/bin/../lib/gcc/arm-none-eabi/9.3.1/thumb/v7e-m+dp/hard/crtbegin.o
 .text          0x00000000080002e0       0x10 /opt/stm32cubeide/plugins/com.st.stm32cube.ide.mcu.externaltools.gnu-tools-for-stm32.9-2020-q2-update.linux64_1.5.0.202011040924/tools/bin/../lib/gcc/arm-none-eabi/9.3.1/../../../../arm-none-eabi/lib/thumb/v7e-m+dp/hard/libc_nano.a(lib_a-strlen.o)
                0x00000000080002e0                strlen
 .text          0x00000000080002f0       0xa0 /opt/stm32cubeide/plugins/com.st.stm32cube.ide.mcu.externaltools.gnu-tools-for-stm32.9-2020-q2-update.linux64_1.5.0.202011040924/tools/bin/../lib/gcc/arm-none-eabi/9.3.1/../../../../arm-none-eabi/lib/thumb/v7e-m+dp/hard/libc_nano.a(lib_a-memchr.o)
                0x00000000080002f0                memchr
 .text          0x0000000008000390       0x30 /opt/stm32cubeide/plugins/com.st.stm32cube.ide.mcu.externaltools.gnu-tools-for-stm32.9-2020-q2-update.linux64_1.5.0.202011040924/tools/bin/../lib/gcc/arm-none-eabi/9.3.1/thumb/v7e-m+dp/hard/libgcc.a(_aeabi_uldivmod.o)
                0x0000000008000390                __aeabi_uldivmod
 .text          0x00000000080003c0      0x2c4 /opt/stm32cubeide/plugins/com.st.stm32cube.ide.mcu.externaltools.gnu-tools-for-stm32.9-2020-q2-update.linux64_1.5.0.202011040924/tools/bin/../lib/gcc/arm-none-eabi/9.3.1/thumb/v7e-m+dp/hard/libgcc.a(_udivmoddi4.o)
                0x00000000080003c0                __udivmoddi4
 .text          0x0000000008000684        0x4 /opt/stm32cubeide/plugins/com.st.stm32cube.ide.mcu.externaltools.gnu-tools-for-stm32.9-2020-q2-update.linux64_1.5.0.202011040924/tools/bin/../lib/gcc/arm-none-eabi/9.3.1/thumb/v7e-m+dp/hard/libgcc.a(_dvmd_tls.o)
                0x0000000008000684                __aeabi_ldiv0
                0x0000000008000684                __aeabi_idiv0
 *(.text*)
 .text.SystemInit
                0x0000000008000688       0xdc Common/Src/system_stm32h7xx_dualcore_boot_cm4_cm7.o
                0x0000000008000688                SystemInit
 .text.HAL_I2C_MemRxCpltCallback
                0x0000000008000764       0x78 Core/Src/main.o
                0x0000000008000764                HAL_I2C_MemRxCpltCallback
 .text.SystemClock_Config
                0x00000000080007dc       0xbc Core/Src/main.o
                0x00000000080007dc                SystemClock_Config
 .text.startup.main
                0x0000000008000898      0x334 Core/Src/main.o
                0x0000000008000898                main
 .text.Error_Handler
                0x0000000008000bcc        0x4 Core/Src/main.o
                0x0000000008000bcc                Error_Handler
 .text.HAL_MspInit
                0x0000000008000bd0       0x24 Core/Src/stm32h7xx_hal_msp.o
                0x0000000008000bd0                HAL_MspInit
 .text.HAL_ETH_MspInit
                0x0000000008000bf4      0x13c Core/Src/stm32h7xx_hal_msp.o
                0x0000000008000bf4                HAL_ETH_MspInit
 .text.HAL_I2C_MspInit
                0x0000000008000d30      0x128 Core/Src/stm32h7xx_hal_msp.o
                0x0000000008000d30                HAL_I2C_MspInit
 .text.HAL_UART_MspInit
                0x0000000008000e58       0xdc Core/Src/stm32h7xx_hal_msp.o
                0x0000000008000e58                HAL_UART_MspInit
 .text.HAL_PCD_MspInit
                0x0000000008000f34       0xb0 Core/Src/stm32h7xx_hal_msp.o
                0x0000000008000f34                HAL_PCD_MspInit
 .text.NMI_Handler
                0x0000000008000fe4        0x2 Core/Src/stm32h7xx_it.o
                0x0000000008000fe4                NMI_Handler
 .text.HardFault_Handler
                0x0000000008000fe6        0x2 Core/Src/stm32h7xx_it.o
                0x0000000008000fe6                HardFault_Handler
 .text.MemManage_Handler
                0x0000000008000fe8        0x2 Core/Src/stm32h7xx_it.o
                0x0000000008000fe8                MemManage_Handler
 .text.BusFault_Handler
                0x0000000008000fea        0x2 Core/Src/stm32h7xx_it.o
                0x0000000008000fea                BusFault_Handler
 .text.UsageFault_Handler
                0x0000000008000fec        0x2 Core/Src/stm32h7xx_it.o
                0x0000000008000fec                UsageFault_Handler
 .text.SVC_Handler
                0x0000000008000fee        0x2 Core/Src/stm32h7xx_it.o
                0x0000000008000fee                SVC_Handler
 .text.DebugMon_Handler
                0x0000000008000ff0        0x2 Core/Src/stm32h7xx_it.o
                0x0000000008000ff0                DebugMon_Handler
 .text.PendSV_Handler
                0x0000000008000ff2        0x2 Core/Src/stm32h7xx_it.o
                0x0000000008000ff2                PendSV_Handler
 .text.SysTick_Handler
                0x0000000008000ff4        0x4 Core/Src/stm32h7xx_it.o
                0x0000000008000ff4                SysTick_Handler
 .text.DMA1_Stream0_IRQHandler
                0x0000000008000ff8        0xc Core/Src/stm32h7xx_it.o
                0x0000000008000ff8                DMA1_Stream0_IRQHandler
 .text.DMA1_Stream1_IRQHandler
                0x0000000008001004        0xc Core/Src/stm32h7xx_it.o
                0x0000000008001004                DMA1_Stream1_IRQHandler
 .text.DMA1_Stream2_IRQHandler
                0x0000000008001010        0xc Core/Src/stm32h7xx_it.o
                0x0000000008001010                DMA1_Stream2_IRQHandler
 .text.I2C1_EV_IRQHandler
                0x000000000800101c        0xc Core/Src/stm32h7xx_it.o
                0x000000000800101c                I2C1_EV_IRQHandler
 .text.I2C1_ER_IRQHandler
                0x0000000008001028        0xc Core/Src/stm32h7xx_it.o
                0x0000000008001028                I2C1_ER_IRQHandler
 .text.USART3_IRQHandler
                0x0000000008001034        0xc Core/Src/stm32h7xx_it.o
                0x0000000008001034                USART3_IRQHandler
 .text._sbrk    0x0000000008001040       0x40 Core/Src/sysmem.o
                0x0000000008001040                _sbrk
 .text.Reset_Handler
                0x0000000008001080       0x50 Core/Startup/startup_stm32h755zitx.o
                0x0000000008001080                Reset_Handler
 .text.Default_Handler
                0x00000000080010d0        0x2 Core/Startup/startup_stm32h755zitx.o
                0x00000000080010d0                RTC_Alarm_IRQHandler
                0x00000000080010d0                HASH_RNG_IRQHandler
                0x00000000080010d0                EXTI2_IRQHandler
                0x00000000080010d0                TIM8_CC_IRQHandler
                0x00000000080010d0                HRTIM1_Master_IRQHandler
                0x00000000080010d0                UART8_IRQHandler
                0x00000000080010d0                SPI4_IRQHandler
                0x00000000080010d0                TIM1_CC_IRQHandler
                0x00000000080010d0                BDMA_Channel6_IRQHandler
                0x00000000080010d0                DMA2_Stream5_IRQHandler
                0x00000000080010d0                HRTIM1_FLT_IRQHandler
                0x00000000080010d0                JPEG_IRQHandler
                0x00000000080010d0                DMA1_Stream5_IRQHandler
                0x00000000080010d0                BDMA_Channel1_IRQHandler
                0x00000000080010d0                HRTIM1_TIMD_IRQHandler
                0x00000000080010d0                TAMP_STAMP_IRQHandler
                0x00000000080010d0                EXTI3_IRQHandler
                0x00000000080010d0                LPTIM4_IRQHandler
                0x00000000080010d0                TIM8_TRG_COM_TIM14_IRQHandler
                0x00000000080010d0                LPTIM2_IRQHandler
                0x00000000080010d0                DFSDM1_FLT1_IRQHandler
                0x00000000080010d0                DMAMUX2_OVR_IRQHandler
                0x00000000080010d0                TIM8_UP_TIM13_IRQHandler
                0x00000000080010d0                I2C3_ER_IRQHandler
                0x00000000080010d0                DFSDM1_FLT2_IRQHandler
                0x00000000080010d0                MDMA_IRQHandler
                0x00000000080010d0                LPTIM3_IRQHandler
                0x00000000080010d0                HSEM1_IRQHandler
                0x00000000080010d0                EXTI0_IRQHandler
                0x00000000080010d0                I2C2_EV_IRQHandler
                0x00000000080010d0                FPU_IRQHandler
                0x00000000080010d0                OTG_HS_WKUP_IRQHandler
                0x00000000080010d0                FDCAN1_IT1_IRQHandler
                0x00000000080010d0                LTDC_ER_IRQHandler
                0x00000000080010d0                DMA2_Stream2_IRQHandler
                0x00000000080010d0                HRTIM1_TIME_IRQHandler
                0x00000000080010d0                SPI1_IRQHandler
                0x00000000080010d0                TIM6_DAC_IRQHandler
                0x00000000080010d0                DCMI_IRQHandler
                0x00000000080010d0                HRTIM1_TIMC_IRQHandler
                0x00000000080010d0                DMA2_Stream3_IRQHandler
                0x00000000080010d0                SAI2_IRQHandler
                0x00000000080010d0                DFSDM1_FLT3_IRQHandler
                0x00000000080010d0                USART6_IRQHandler
                0x00000000080010d0                TIM17_IRQHandler
                0x00000000080010d0                BDMA_Channel7_IRQHandler
                0x00000000080010d0                CRYP_IRQHandler
                0x00000000080010d0                LPTIM5_IRQHandler
                0x00000000080010d0                UART5_IRQHandler
                0x00000000080010d0                ADC3_IRQHandler
                0x00000000080010d0                DMA2_Stream0_IRQHandler
                0x00000000080010d0                TIM4_IRQHandler
                0x00000000080010d0                BDMA_Channel2_IRQHandler
                0x00000000080010d0                QUADSPI_IRQHandler
                0x00000000080010d0                DMA1_Stream6_IRQHandler
                0x00000000080010d0                DMAMUX1_OVR_IRQHandler
                0x00000000080010d0                TIM16_IRQHandler
                0x00000000080010d0                UART4_IRQHandler
                0x00000000080010d0                BDMA_Channel5_IRQHandler
                0x00000000080010d0                TIM3_IRQHandler
                0x00000000080010d0                RCC_IRQHandler
                0x00000000080010d0                TIM8_BRK_TIM12_IRQHandler
                0x00000000080010d0                TIM1_TRG_COM_IRQHandler
                0x00000000080010d0                Default_Handler
                0x00000000080010d0                ECC_IRQHandler
                0x00000000080010d0                CEC_IRQHandler
                0x00000000080010d0                EXTI15_10_IRQHandler
                0x00000000080010d0                BDMA_Channel0_IRQHandler
                0x00000000080010d0                ADC_IRQHandler
                0x00000000080010d0                DMA1_Stream7_IRQHandler
                0x00000000080010d0                HRTIM1_TIMA_IRQHandler
                0x00000000080010d0                SPI5_IRQHandler
                0x00000000080010d0                TIM7_IRQHandler
                0x00000000080010d0                SDMMC1_IRQHandler
                0x00000000080010d0                TIM5_IRQHandler
                0x00000000080010d0                DMA2_Stream7_IRQHandler
                0x00000000080010d0                TIM15_IRQHandler
                0x00000000080010d0                PVD_AVD_IRQHandler
                0x00000000080010d0                I2C3_EV_IRQHandler
                0x00000000080010d0                EXTI9_5_IRQHandler
                0x00000000080010d0                RTC_WKUP_IRQHandler
                0x00000000080010d0                LTDC_IRQHandler
                0x00000000080010d0                SAI3_IRQHandler
                0x00000000080010d0                ETH_WKUP_IRQHandler
                0x00000000080010d0                SPDIF_RX_IRQHandler
                0x00000000080010d0                SPI2_IRQHandler
                0x00000000080010d0                OTG_HS_EP1_IN_IRQHandler
                0x00000000080010d0                CRS_IRQHandler
                0x00000000080010d0                CM7_SEV_IRQHandler
                0x00000000080010d0                EXTI4_IRQHandler
                0x00000000080010d0                CM4_SEV_IRQHandler
                0x00000000080010d0                HRTIM1_TIMB_IRQHandler
                0x00000000080010d0                FDCAN2_IT1_IRQHandler
                0x00000000080010d0                ETH_IRQHandler
                0x00000000080010d0                TIM1_UP_IRQHandler
                0x00000000080010d0                WWDG_RST_IRQHandler
                0x00000000080010d0                BDMA_Channel4_IRQHandler
                0x00000000080010d0                OTG_HS_EP1_OUT_IRQHandler
                0x00000000080010d0                WWDG_IRQHandler
                0x00000000080010d0                SPI6_IRQHandler
                0x00000000080010d0                MDIOS_IRQHandler
                0x00000000080010d0                I2C4_EV_IRQHandler
                0x00000000080010d0                FDCAN2_IT0_IRQHandler
                0x00000000080010d0                LPUART1_IRQHandler
                0x00000000080010d0                FDCAN1_IT0_IRQHandler
                0x00000000080010d0                TIM2_IRQHandler
                0x00000000080010d0                OTG_FS_WKUP_IRQHandler
                0x00000000080010d0                OTG_HS_IRQHandler
                0x00000000080010d0                HSEM2_IRQHandler
                0x00000000080010d0                DMA2D_IRQHandler
                0x00000000080010d0                TIM1_BRK_IRQHandler
                0x00000000080010d0                EXTI1_IRQHandler
                0x00000000080010d0                SDMMC2_IRQHandler
                0x00000000080010d0                OTG_FS_EP1_OUT_IRQHandler
                0x00000000080010d0                BDMA_Channel3_IRQHandler
                0x00000000080010d0                HOLD_CORE_IRQHandler
                0x00000000080010d0                UART7_IRQHandler
                0x00000000080010d0                MDIOS_WKUP_IRQHandler
                0x00000000080010d0                USART2_IRQHandler
                0x00000000080010d0                DFSDM1_FLT0_IRQHandler
                0x00000000080010d0                SAI4_IRQHandler
                0x00000000080010d0                I2C2_ER_IRQHandler
                0x00000000080010d0                DMA2_Stream1_IRQHandler
                0x00000000080010d0                FLASH_IRQHandler
                0x00000000080010d0                DMA2_Stream4_IRQHandler
                0x00000000080010d0                USART1_IRQHandler
                0x00000000080010d0                OTG_FS_IRQHandler
                0x00000000080010d0                SPI3_IRQHandler
                0x00000000080010d0                WAKEUP_PIN_IRQHandler
                0x00000000080010d0                DMA1_Stream4_IRQHandler
                0x00000000080010d0                OTG_FS_EP1_IN_IRQHandler
                0x00000000080010d0                FMC_IRQHandler
                0x00000000080010d0                FDCAN_CAL_IRQHandler
                0x00000000080010d0                SWPMI1_IRQHandler
                0x00000000080010d0                COMP1_IRQHandler
                0x00000000080010d0                LPTIM1_IRQHandler
                0x00000000080010d0                I2C4_ER_IRQHandler
                0x00000000080010d0                DMA2_Stream6_IRQHandler
                0x00000000080010d0                SAI1_IRQHandler
                0x00000000080010d0                DMA1_Stream3_IRQHandler
 .text.RdByte   0x00000000080010d2       0x34 Core/drivers/vl53l5cx/src/platform.o
                0x00000000080010d2                RdByte
 .text.WrByte   0x0000000008001106       0x22 Core/drivers/vl53l5cx/src/platform.o
                0x0000000008001106                WrByte
 .text.WrMulti  0x0000000008001128       0x1e Core/drivers/vl53l5cx/src/platform.o
                0x0000000008001128                WrMulti
 .text.RdMulti  0x0000000008001146       0x1c Core/drivers/vl53l5cx/src/platform.o
                0x0000000008001146                RdMulti
 .text.RdMultiAsync
                0x0000000008001162       0x1a Core/drivers/vl53l5cx/src/platform.o
                0x0000000008001162                RdMultiAsync
 .text.SwapBuffer
                0x000000000800117c       0x30 Core/drivers/vl53l5cx/src/platform.o
                0x000000000800117c                SwapBuffer
 .text.WaitMs   0x00000000080011ac        0xc Core/drivers/vl53l5cx/src/platform.o
                0x00000000080011ac                WaitMs
 .text._vl53l5cx_poll_for_answer
                0x00000000080011b8       0x78 Core/drivers/vl53l5cx/src/vl53l5cx_api.o
 .text._vl53l5cx_send_offset_data
                0x0000000008001230      0x170 Core/drivers/vl53l5cx/src/vl53l5cx_api.o
 .text._vl53l5cx_send_xtalk_data
                0x00000000080013a0      0x110 Core/drivers/vl53l5cx/src/vl53l5cx_api.o
 .text.vl53l5cx_is_alive
                0x00000000080014b0       0x62 Core/drivers/vl53l5cx/src/vl53l5cx_api.o
                0x00000000080014b0                vl53l5cx_is_alive
 *fill*         0x0000000008001512        0x2 
 .text.vl53l5cx_dci_read_data
                0x0000000008001514       0xb0 Core/drivers/vl53l5cx/src/vl53l5cx_api.o
                0x0000000008001514                vl53l5cx_dci_read_data
 .text.vl53l5cx_get_resolution
                0x00000000080015c4       0x24 Core/drivers/vl53l5cx/src/vl53l5cx_api.o
                0x00000000080015c4                vl53l5cx_get_resolution
 .text.vl53l5cx_dci_write_data
                0x00000000080015e8       0xbe Core/drivers/vl53l5cx/src/vl53l5cx_api.o
                0x00000000080015e8                vl53l5cx_dci_write_data
 *fill*         0x00000000080016a6        0x2 
 .text.vl53l5cx_init
                0x00000000080016a8      0x588 Core/drivers/vl53l5cx/src/vl53l5cx_api.o
                0x00000000080016a8                vl53l5cx_init
 .text.vl53l5cx_start_ranging
                0x0000000008001c30      0x154 Core/drivers/vl53l5cx/src/vl53l5cx_api.o
                0x0000000008001c30                vl53l5cx_start_ranging
 .text.vl53l5cx_set_resolution
                0x0000000008001d84       0xec Core/drivers/vl53l5cx/src/vl53l5cx_api.o
                0x0000000008001d84                vl53l5cx_set_resolution
 .text.vl53l5cx_set_ranging_mode
                0x0000000008001e70       0x6e Core/drivers/vl53l5cx/src/vl53l5cx_api.o
                0x0000000008001e70                vl53l5cx_set_ranging_mode
 .text.vl53l5cx_dci_replace_data
                0x0000000008001ede       0x36 Core/drivers/vl53l5cx/src/vl53l5cx_api.o
                0x0000000008001ede                vl53l5cx_dci_replace_data
 .text.vl53l5cx_set_ranging_frequency_hz
                0x0000000008001f14       0x26 Core/drivers/vl53l5cx/src/vl53l5cx_api.o
                0x0000000008001f14                vl53l5cx_set_ranging_frequency_hz
 .text.vl53l5cx_start_check_data_ready_async
                0x0000000008001f3a       0x22 Core/drivers/vl53l5cx/src/vl53l5cx_plugin_async.o
                0x0000000008001f3a                vl53l5cx_start_check_data_ready_async
 .text.vl53l5cx_check_data_ready_async_in_progress
                0x0000000008001f5c        0xc Core/drivers/vl53l5cx/src/vl53l5cx_plugin_async.o
                0x0000000008001f5c                vl53l5cx_check_data_ready_async_in_progress
 .text.vl53l5cx_finish_check_data_ready_async
                0x0000000008001f68       0x44 Core/drivers/vl53l5cx/src/vl53l5cx_plugin_async.o
                0x0000000008001f68                vl53l5cx_finish_check_data_ready_async
 .text.vl53l5cx_start_get_ranging_data_async
                0x0000000008001fac       0x22 Core/drivers/vl53l5cx/src/vl53l5cx_plugin_async.o
                0x0000000008001fac                vl53l5cx_start_get_ranging_data_async
 .text.vl53l5cx_get_ranging_data_async_in_progress
                0x0000000008001fce        0xc Core/drivers/vl53l5cx/src/vl53l5cx_plugin_async.o
                0x0000000008001fce                vl53l5cx_get_ranging_data_async_in_progress
 .text.vl53l5cx_finish_get_ranging_data_async
                0x0000000008001fda      0x1ae Core/drivers/vl53l5cx/src/vl53l5cx_plugin_async.o
                0x0000000008001fda                vl53l5cx_finish_get_ranging_data_async
 .text.HAL_InitTick
                0x0000000008002188       0x4c Drivers/STM32H7xx_HAL_Driver/stm32h7xx_hal.o
                0x0000000008002188                HAL_InitTick
 .text.HAL_Init
                0x00000000080021d4       0x5c Drivers/STM32H7xx_HAL_Driver/stm32h7xx_hal.o
                0x00000000080021d4                HAL_Init
 .text.HAL_IncTick
                0x0000000008002230       0x18 Drivers/STM32H7xx_HAL_Driver/stm32h7xx_hal.o
                0x0000000008002230                HAL_IncTick
 .text.HAL_GetTick
                0x0000000008002248        0xc Drivers/STM32H7xx_HAL_Driver/stm32h7xx_hal.o
                0x0000000008002248                HAL_GetTick
 .text.HAL_Delay
                0x0000000008002254       0x24 Drivers/STM32H7xx_HAL_Driver/stm32h7xx_hal.o
                0x0000000008002254                HAL_Delay
 .text.HAL_GetREVID
                0x0000000008002278        0xc Drivers/STM32H7xx_HAL_Driver/stm32h7xx_hal.o
                0x0000000008002278                HAL_GetREVID
 .text.HAL_SYSCFG_ETHInterfaceSelect
                0x0000000008002284       0x14 Drivers/STM32H7xx_HAL_Driver/stm32h7xx_hal.o
                0x0000000008002284                HAL_SYSCFG_ETHInterfaceSelect
 .text.HAL_NVIC_SetPriorityGrouping
                0x0000000008002298       0x24 Drivers/STM32H7xx_HAL_Driver/stm32h7xx_hal_cortex.o
                0x0000000008002298                HAL_NVIC_SetPriorityGrouping
 .text.HAL_NVIC_SetPriority
                0x00000000080022bc       0x64 Drivers/STM32H7xx_HAL_Driver/stm32h7xx_hal_cortex.o
                0x00000000080022bc                HAL_NVIC_SetPriority
 .text.HAL_NVIC_EnableIRQ
                0x0000000008002320       0x1c Drivers/STM32H7xx_HAL_Driver/stm32h7xx_hal_cortex.o
                0x0000000008002320                HAL_NVIC_EnableIRQ
 .text.HAL_SYSTICK_Config
                0x000000000800233c       0x2c Drivers/STM32H7xx_HAL_Driver/stm32h7xx_hal_cortex.o
                0x000000000800233c                HAL_SYSTICK_Config
 .text.DMA_SetConfig
                0x0000000008002368      0x184 Drivers/STM32H7xx_HAL_Driver/stm32h7xx_hal_dma.o
 .text.DMA_CalcBaseAndBitshift
                0x00000000080024ec       0x9c Drivers/STM32H7xx_HAL_Driver/stm32h7xx_hal_dma.o
 .text.DMA_CalcDMAMUXChannelBaseAndMask
                0x0000000008002588       0x90 Drivers/STM32H7xx_HAL_Driver/stm32h7xx_hal_dma.o
 .text.DMA_CalcDMAMUXRequestGenBaseAndMask
                0x0000000008002618       0x70 Drivers/STM32H7xx_HAL_Driver/stm32h7xx_hal_dma.o
 .text.HAL_DMA_Init
                0x0000000008002688      0x384 Drivers/STM32H7xx_HAL_Driver/stm32h7xx_hal_dma.o
                0x0000000008002688                HAL_DMA_Init
 .text.HAL_DMA_Start_IT
                0x0000000008002a0c      0x238 Drivers/STM32H7xx_HAL_Driver/stm32h7xx_hal_dma.o
                0x0000000008002a0c                HAL_DMA_Start_IT
 .text.HAL_DMA_Abort
                0x0000000008002c44      0x344 Drivers/STM32H7xx_HAL_Driver/stm32h7xx_hal_dma.o
                0x0000000008002c44                HAL_DMA_Abort
 .text.HAL_DMA_Abort_IT
                0x0000000008002f88      0x168 Drivers/STM32H7xx_HAL_Driver/stm32h7xx_hal_dma.o
                0x0000000008002f88                HAL_DMA_Abort_IT
 .text.HAL_DMA_IRQHandler
                0x00000000080030f0      0x548 Drivers/STM32H7xx_HAL_Driver/stm32h7xx_hal_dma.o
                0x00000000080030f0                HAL_DMA_IRQHandler
 .text.HAL_DMA_GetState
                0x0000000008003638        0x6 Drivers/STM32H7xx_HAL_Driver/stm32h7xx_hal_dma.o
                0x0000000008003638                HAL_DMA_GetState
 .text.ETH_SetMACConfig
                0x000000000800363e      0x1b2 Drivers/STM32H7xx_HAL_Driver/stm32h7xx_hal_eth.o
 .text.ETH_SetDMAConfig
                0x00000000080037f0       0x90 Drivers/STM32H7xx_HAL_Driver/stm32h7xx_hal_eth.o
 .text.HAL_ETH_SetMDIOClockRange
                0x0000000008003880       0x78 Drivers/STM32H7xx_HAL_Driver/stm32h7xx_hal_eth.o
                0x0000000008003880                HAL_ETH_SetMDIOClockRange
 .text.HAL_ETH_Init
                0x00000000080038f8      0x210 Drivers/STM32H7xx_HAL_Driver/stm32h7xx_hal_eth.o
                0x00000000080038f8                HAL_ETH_Init
 .text.HAL_GPIO_Init
                0x0000000008003b08      0x1d8 Drivers/STM32H7xx_HAL_Driver/stm32h7xx_hal_gpio.o
                0x0000000008003b08                HAL_GPIO_Init
 .text.HAL_GPIO_WritePin
                0x0000000008003ce0        0xa Drivers/STM32H7xx_HAL_Driver/stm32h7xx_hal_gpio.o
                0x0000000008003ce0                HAL_GPIO_WritePin
 *fill*         0x0000000008003cea        0x2 
 .text.HAL_HSEM_FastTake
                0x0000000008003cec       0x1c Drivers/STM32H7xx_HAL_Driver/stm32h7xx_hal_hsem.o
                0x0000000008003cec                HAL_HSEM_FastTake
 .text.HAL_HSEM_Release
                0x0000000008003d08       0x10 Drivers/STM32H7xx_HAL_Driver/stm32h7xx_hal_hsem.o
                0x0000000008003d08                HAL_HSEM_Release
 .text.I2C_Flush_TXDR
                0x0000000008003d18       0x1c Drivers/STM32H7xx_HAL_Driver/stm32h7xx_hal_i2c.o
 .text.I2C_TransferConfig
                0x0000000008003d34       0x2c Drivers/STM32H7xx_HAL_Driver/stm32h7xx_hal_i2c.o
 .text.I2C_Enable_IRQ
                0x0000000008003d60       0x68 Drivers/STM32H7xx_HAL_Driver/stm32h7xx_hal_i2c.o
 .text.I2C_Disable_IRQ
                0x0000000008003dc8       0x42 Drivers/STM32H7xx_HAL_Driver/stm32h7xx_hal_i2c.o
 .text.I2C_IsErrorOccurred
                0x0000000008003e0a      0x116 Drivers/STM32H7xx_HAL_Driver/stm32h7xx_hal_i2c.o
 .text.I2C_WaitOnRXNEFlagUntilTimeout
                0x0000000008003f20       0x8c Drivers/STM32H7xx_HAL_Driver/stm32h7xx_hal_i2c.o
 .text.I2C_WaitOnTXISFlagUntilTimeout
                0x0000000008003fac       0x4e Drivers/STM32H7xx_HAL_Driver/stm32h7xx_hal_i2c.o
 .text.I2C_WaitOnSTOPFlagUntilTimeout
                0x0000000008003ffa       0x4a Drivers/STM32H7xx_HAL_Driver/stm32h7xx_hal_i2c.o
 .text.I2C_WaitOnFlagUntilTimeout
                0x0000000008004044       0x54 Drivers/STM32H7xx_HAL_Driver/stm32h7xx_hal_i2c.o
 .text.I2C_RequestMemoryWrite
                0x0000000008004098       0x6c Drivers/STM32H7xx_HAL_Driver/stm32h7xx_hal_i2c.o
 .text.I2C_RequestMemoryRead
                0x0000000008004104       0x6c Drivers/STM32H7xx_HAL_Driver/stm32h7xx_hal_i2c.o
 .text.HAL_I2C_Init
                0x0000000008004170       0xa2 Drivers/STM32H7xx_HAL_Driver/stm32h7xx_hal_i2c.o
                0x0000000008004170                HAL_I2C_Init
 *fill*         0x0000000008004212        0x2 
 .text.HAL_I2C_Master_Transmit
                0x0000000008004214      0x12c Drivers/STM32H7xx_HAL_Driver/stm32h7xx_hal_i2c.o
                0x0000000008004214                HAL_I2C_Master_Transmit
 .text.HAL_I2C_Master_Receive
                0x0000000008004340      0x130 Drivers/STM32H7xx_HAL_Driver/stm32h7xx_hal_i2c.o
                0x0000000008004340                HAL_I2C_Master_Receive
 .text.HAL_I2C_Mem_Write
                0x0000000008004470      0x16c Drivers/STM32H7xx_HAL_Driver/stm32h7xx_hal_i2c.o
                0x0000000008004470                HAL_I2C_Mem_Write
 .text.HAL_I2C_Mem_Read
                0x00000000080045dc      0x178 Drivers/STM32H7xx_HAL_Driver/stm32h7xx_hal_i2c.o
                0x00000000080045dc                HAL_I2C_Mem_Read
 .text.HAL_I2C_Mem_Read_IT
                0x0000000008004754       0xd0 Drivers/STM32H7xx_HAL_Driver/stm32h7xx_hal_i2c.o
                0x0000000008004754                HAL_I2C_Mem_Read_IT
 .text.HAL_I2C_EV_IRQHandler
                0x0000000008004824        0xe Drivers/STM32H7xx_HAL_Driver/stm32h7xx_hal_i2c.o
                0x0000000008004824                HAL_I2C_EV_IRQHandler
 .text.HAL_I2C_MasterTxCpltCallback
                0x0000000008004832        0x2 Drivers/STM32H7xx_HAL_Driver/stm32h7xx_hal_i2c.o
                0x0000000008004832                HAL_I2C_MasterTxCpltCallback
 .text.HAL_I2C_MasterRxCpltCallback
                0x0000000008004834        0x2 Drivers/STM32H7xx_HAL_Driver/stm32h7xx_hal_i2c.o
                0x0000000008004834                HAL_I2C_MasterRxCpltCallback
 .text.I2C_ITMasterSeqCplt
                0x0000000008004836       0x44 Drivers/STM32H7xx_HAL_Driver/stm32h7xx_hal_i2c.o
 .text.HAL_I2C_SlaveTxCpltCallback
                0x000000000800487a        0x2 Drivers/STM32H7xx_HAL_Driver/stm32h7xx_hal_i2c.o
                0x000000000800487a                HAL_I2C_SlaveTxCpltCallback
 .text.HAL_I2C_SlaveRxCpltCallback
                0x000000000800487c        0x2 Drivers/STM32H7xx_HAL_Driver/stm32h7xx_hal_i2c.o
                0x000000000800487c                HAL_I2C_SlaveRxCpltCallback
 .text.I2C_ITSlaveSeqCplt
                0x000000000800487e       0x6c Drivers/STM32H7xx_HAL_Driver/stm32h7xx_hal_i2c.o
 .text.HAL_I2C_AddrCallback
                0x00000000080048ea        0x2 Drivers/STM32H7xx_HAL_Driver/stm32h7xx_hal_i2c.o
                0x00000000080048ea                HAL_I2C_AddrCallback
 .text.I2C_ITAddrCplt.isra.0
                0x00000000080048ec       0x8e Drivers/STM32H7xx_HAL_Driver/stm32h7xx_hal_i2c.o
 .text.HAL_I2C_ListenCpltCallback
                0x000000000800497a        0x2 Drivers/STM32H7xx_HAL_Driver/stm32h7xx_hal_i2c.o
                0x000000000800497a                HAL_I2C_ListenCpltCallback
 .text.I2C_ITListenCplt
                0x000000000800497c       0x60 Drivers/STM32H7xx_HAL_Driver/stm32h7xx_hal_i2c.o
 .text.HAL_I2C_MemTxCpltCallback
                0x00000000080049dc        0x2 Drivers/STM32H7xx_HAL_Driver/stm32h7xx_hal_i2c.o
                0x00000000080049dc                HAL_I2C_MemTxCpltCallback
 .text.HAL_I2C_ErrorCallback
                0x00000000080049de        0x2 Drivers/STM32H7xx_HAL_Driver/stm32h7xx_hal_i2c.o
                0x00000000080049de                HAL_I2C_ErrorCallback
 .text.HAL_I2C_AbortCpltCallback
                0x00000000080049e0        0x2 Drivers/STM32H7xx_HAL_Driver/stm32h7xx_hal_i2c.o
                0x00000000080049e0                HAL_I2C_AbortCpltCallback
 .text.I2C_TreatErrorCallback
                0x00000000080049e2       0x2c Drivers/STM32H7xx_HAL_Driver/stm32h7xx_hal_i2c.o
 *fill*         0x0000000008004a0e        0x2 
 .text.I2C_ITError
                0x0000000008004a10       0xe4 Drivers/STM32H7xx_HAL_Driver/stm32h7xx_hal_i2c.o
 .text.I2C_ITSlaveCplt
                0x0000000008004af4      0x170 Drivers/STM32H7xx_HAL_Driver/stm32h7xx_hal_i2c.o
 .text.I2C_Slave_ISR_IT
                0x0000000008004c64      0x112 Drivers/STM32H7xx_HAL_Driver/stm32h7xx_hal_i2c.o
 .text.I2C_ITMasterCplt
                0x0000000008004d76       0xf0 Drivers/STM32H7xx_HAL_Driver/stm32h7xx_hal_i2c.o
 .text.I2C_Master_ISR_IT
                0x0000000008004e66      0x122 Drivers/STM32H7xx_HAL_Driver/stm32h7xx_hal_i2c.o
 .text.I2C_Slave_ISR_DMA
                0x0000000008004f88      0x18c Drivers/STM32H7xx_HAL_Driver/stm32h7xx_hal_i2c.o
 .text.I2C_Master_ISR_DMA
                0x0000000008005114      0x106 Drivers/STM32H7xx_HAL_Driver/stm32h7xx_hal_i2c.o
 .text.HAL_I2C_ER_IRQHandler
                0x000000000800521a       0x60 Drivers/STM32H7xx_HAL_Driver/stm32h7xx_hal_i2c.o
                0x000000000800521a                HAL_I2C_ER_IRQHandler
 .text.I2C_DMAAbort
                0x000000000800527a       0x16 Drivers/STM32H7xx_HAL_Driver/stm32h7xx_hal_i2c.o
 .text.HAL_I2CEx_ConfigAnalogFilter
                0x0000000008005290       0x4c Drivers/STM32H7xx_HAL_Driver/stm32h7xx_hal_i2c_ex.o
                0x0000000008005290                HAL_I2CEx_ConfigAnalogFilter
 .text.HAL_I2CEx_ConfigDigitalFilter
                0x00000000080052dc       0x4a Drivers/STM32H7xx_HAL_Driver/stm32h7xx_hal_i2c_ex.o
                0x00000000080052dc                HAL_I2CEx_ConfigDigitalFilter
 .text.HAL_PCD_Init
                0x0000000008005326      0x112 Drivers/STM32H7xx_HAL_Driver/stm32h7xx_hal_pcd.o
                0x0000000008005326                HAL_PCD_Init
 .text.HAL_PCDEx_ActivateLPM
                0x0000000008005438       0x26 Drivers/STM32H7xx_HAL_Driver/stm32h7xx_hal_pcd_ex.o
                0x0000000008005438                HAL_PCDEx_ActivateLPM
 *fill*         0x000000000800545e        0x2 
 .text.HAL_PWREx_ConfigSupply
                0x0000000008005460       0x78 Drivers/STM32H7xx_HAL_Driver/stm32h7xx_hal_pwr_ex.o
                0x0000000008005460                HAL_PWREx_ConfigSupply
 .text.HAL_PWREx_EnableUSBVoltageDetector
                0x00000000080054d8       0x10 Drivers/STM32H7xx_HAL_Driver/stm32h7xx_hal_pwr_ex.o
                0x00000000080054d8                HAL_PWREx_EnableUSBVoltageDetector
 .text.HAL_RCC_OscConfig
                0x00000000080054e8      0x524 Drivers/STM32H7xx_HAL_Driver/stm32h7xx_hal_rcc.o
                0x00000000080054e8                HAL_RCC_OscConfig
 .text.HAL_RCC_GetSysClockFreq
                0x0000000008005a0c      0x140 Drivers/STM32H7xx_HAL_Driver/stm32h7xx_hal_rcc.o
                0x0000000008005a0c                HAL_RCC_GetSysClockFreq
 .text.HAL_RCC_ClockConfig
                0x0000000008005b4c      0x24c Drivers/STM32H7xx_HAL_Driver/stm32h7xx_hal_rcc.o
                0x0000000008005b4c                HAL_RCC_ClockConfig
 .text.HAL_RCC_GetHCLKFreq
                0x0000000008005d98       0x44 Drivers/STM32H7xx_HAL_Driver/stm32h7xx_hal_rcc.o
                0x0000000008005d98                HAL_RCC_GetHCLKFreq
 .text.HAL_RCC_GetPCLK1Freq
                0x0000000008005ddc       0x24 Drivers/STM32H7xx_HAL_Driver/stm32h7xx_hal_rcc.o
                0x0000000008005ddc                HAL_RCC_GetPCLK1Freq
 .text.HAL_RCC_GetPCLK2Freq
                0x0000000008005e00       0x24 Drivers/STM32H7xx_HAL_Driver/stm32h7xx_hal_rcc.o
                0x0000000008005e00                HAL_RCC_GetPCLK2Freq
 .text.RCCEx_PLL2_Config
                0x0000000008005e24       0xf0 Drivers/STM32H7xx_HAL_Driver/stm32h7xx_hal_rcc_ex.o
 .text.RCCEx_PLL3_Config
                0x0000000008005f14       0xf0 Drivers/STM32H7xx_HAL_Driver/stm32h7xx_hal_rcc_ex.o
 .text.HAL_RCCEx_PeriphCLKConfig
                0x0000000008006004      0x96c Drivers/STM32H7xx_HAL_Driver/stm32h7xx_hal_rcc_ex.o
                0x0000000008006004                HAL_RCCEx_PeriphCLKConfig
 .text.HAL_RCCEx_GetD3PCLK1Freq
                0x0000000008006970       0x24 Drivers/STM32H7xx_HAL_Driver/stm32h7xx_hal_rcc_ex.o
                0x0000000008006970                HAL_RCCEx_GetD3PCLK1Freq
 .text.HAL_RCCEx_GetPLL2ClockFreq
                0x0000000008006994      0x150 Drivers/STM32H7xx_HAL_Driver/stm32h7xx_hal_rcc_ex.o
                0x0000000008006994                HAL_RCCEx_GetPLL2ClockFreq
 .text.HAL_RCCEx_GetPLL3ClockFreq
                0x0000000008006ae4      0x150 Drivers/STM32H7xx_HAL_Driver/stm32h7xx_hal_rcc_ex.o
                0x0000000008006ae4                HAL_RCCEx_GetPLL3ClockFreq
 .text.UART_EndTxTransfer
                0x0000000008006c34       0x34 Drivers/STM32H7xx_HAL_Driver/stm32h7xx_hal_uart.o
 .text.UART_EndRxTransfer
                0x0000000008006c68       0x58 Drivers/STM32H7xx_HAL_Driver/stm32h7xx_hal_uart.o
 .text.HAL_UART_Transmit_DMA
                0x0000000008006cc0       0xa8 Drivers/STM32H7xx_HAL_Driver/stm32h7xx_hal_uart.o
                0x0000000008006cc0                HAL_UART_Transmit_DMA
 .text.HAL_UART_TxCpltCallback
                0x0000000008006d68        0x2 Drivers/STM32H7xx_HAL_Driver/stm32h7xx_hal_uart.o
                0x0000000008006d68                HAL_UART_TxCpltCallback
 .text.UART_DMATransmitCplt
                0x0000000008006d6a       0x46 Drivers/STM32H7xx_HAL_Driver/stm32h7xx_hal_uart.o
 .text.HAL_UART_TxHalfCpltCallback
                0x0000000008006db0        0x2 Drivers/STM32H7xx_HAL_Driver/stm32h7xx_hal_uart.o
                0x0000000008006db0                HAL_UART_TxHalfCpltCallback
 .text.UART_DMATxHalfCplt
                0x0000000008006db2        0xa Drivers/STM32H7xx_HAL_Driver/stm32h7xx_hal_uart.o
 .text.HAL_UART_ErrorCallback
                0x0000000008006dbc        0x2 Drivers/STM32H7xx_HAL_Driver/stm32h7xx_hal_uart.o
                0x0000000008006dbc                HAL_UART_ErrorCallback
 .text.UART_DMAError
                0x0000000008006dbe       0x4a Drivers/STM32H7xx_HAL_Driver/stm32h7xx_hal_uart.o
 .text.UART_DMAAbortOnError
                0x0000000008006e08       0x14 Drivers/STM32H7xx_HAL_Driver/stm32h7xx_hal_uart.o
 .text.HAL_UARTEx_RxEventCallback
                0x0000000008006e1c        0x2 Drivers/STM32H7xx_HAL_Driver/stm32h7xx_hal_uart.o
                0x0000000008006e1c                HAL_UARTEx_RxEventCallback
 *fill*         0x0000000008006e1e        0x2 
 .text.HAL_UART_IRQHandler
                0x0000000008006e20      0x33c Drivers/STM32H7xx_HAL_Driver/stm32h7xx_hal_uart.o
                0x0000000008006e20                HAL_UART_IRQHandler
 .text.UART_SetConfig
                0x000000000800715c      0x38c Drivers/STM32H7xx_HAL_Driver/stm32h7xx_hal_uart.o
                0x000000000800715c                UART_SetConfig
 .text.UART_AdvFeatureConfig
                0x00000000080074e8       0xaa Drivers/STM32H7xx_HAL_Driver/stm32h7xx_hal_uart.o
                0x00000000080074e8                UART_AdvFeatureConfig
 .text.UART_WaitOnFlagUntilTimeout
                0x0000000008007592       0xc4 Drivers/STM32H7xx_HAL_Driver/stm32h7xx_hal_uart.o
                0x0000000008007592                UART_WaitOnFlagUntilTimeout
 .text.UART_CheckIdleState
                0x0000000008007656       0x6a Drivers/STM32H7xx_HAL_Driver/stm32h7xx_hal_uart.o
                0x0000000008007656                UART_CheckIdleState
 .text.HAL_UART_Init
                0x00000000080076c0       0x60 Drivers/STM32H7xx_HAL_Driver/stm32h7xx_hal_uart.o
                0x00000000080076c0                HAL_UART_Init
 .text.UARTEx_SetNbDataToProcess
                0x0000000008007720       0x44 Drivers/STM32H7xx_HAL_Driver/stm32h7xx_hal_uart_ex.o
 .text.HAL_UARTEx_WakeupCallback
                0x0000000008007764        0x2 Drivers/STM32H7xx_HAL_Driver/stm32h7xx_hal_uart_ex.o
                0x0000000008007764                HAL_UARTEx_WakeupCallback
 .text.HAL_UARTEx_RxFifoFullCallback
                0x0000000008007766        0x2 Drivers/STM32H7xx_HAL_Driver/stm32h7xx_hal_uart_ex.o
                0x0000000008007766                HAL_UARTEx_RxFifoFullCallback
 .text.HAL_UARTEx_TxFifoEmptyCallback
                0x0000000008007768        0x2 Drivers/STM32H7xx_HAL_Driver/stm32h7xx_hal_uart_ex.o
                0x0000000008007768                HAL_UARTEx_TxFifoEmptyCallback
 .text.HAL_UARTEx_DisableFifoMode
                0x000000000800776a       0x36 Drivers/STM32H7xx_HAL_Driver/stm32h7xx_hal_uart_ex.o
                0x000000000800776a                HAL_UARTEx_DisableFifoMode
 .text.HAL_UARTEx_SetTxFifoThreshold
                0x00000000080077a0       0x48 Drivers/STM32H7xx_HAL_Driver/stm32h7xx_hal_uart_ex.o
                0x00000000080077a0                HAL_UARTEx_SetTxFifoThreshold
 .text.HAL_UARTEx_SetRxFifoThreshold
                0x00000000080077e8       0x48 Drivers/STM32H7xx_HAL_Driver/stm32h7xx_hal_uart_ex.o
                0x00000000080077e8                HAL_UARTEx_SetRxFifoThreshold
 .text.USB_CoreReset
                0x0000000008007830       0x48 Drivers/STM32H7xx_HAL_Driver/stm32h7xx_ll_usb.o
 .text.USB_CoreInit
                0x0000000008007878       0x94 Drivers/STM32H7xx_HAL_Driver/stm32h7xx_ll_usb.o
                0x0000000008007878                USB_CoreInit
 .text.USB_DisableGlobalInt
                0x000000000800790c        0xc Drivers/STM32H7xx_HAL_Driver/stm32h7xx_ll_usb.o
                0x000000000800790c                USB_DisableGlobalInt
 .text.USB_SetCurrentMode
                0x0000000008007918       0x5c Drivers/STM32H7xx_HAL_Driver/stm32h7xx_ll_usb.o
                0x0000000008007918                USB_SetCurrentMode
 .text.USB_FlushTxFifo
                0x0000000008007974       0x48 Drivers/STM32H7xx_HAL_Driver/stm32h7xx_ll_usb.o
                0x0000000008007974                USB_FlushTxFifo
 .text.USB_FlushRxFifo
                0x00000000080079bc       0x44 Drivers/STM32H7xx_HAL_Driver/stm32h7xx_ll_usb.o
                0x00000000080079bc                USB_FlushRxFifo
 .text.USB_SetDevSpeed
                0x0000000008007a00        0xe Drivers/STM32H7xx_HAL_Driver/stm32h7xx_ll_usb.o
                0x0000000008007a00                USB_SetDevSpeed
 *fill*         0x0000000008007a0e        0x2 
 .text.USB_DevInit
                0x0000000008007a10      0x16c Drivers/STM32H7xx_HAL_Driver/stm32h7xx_ll_usb.o
                0x0000000008007a10                USB_DevInit
 .text.USB_DevDisconnect
                0x0000000008007b7c       0x1c Drivers/STM32H7xx_HAL_Driver/stm32h7xx_ll_usb.o
                0x0000000008007b7c                USB_DevDisconnect
 .text.__errno  0x0000000008007b98        0xc /opt/stm32cubeide/plugins/com.st.stm32cube.ide.mcu.externaltools.gnu-tools-for-stm32.9-2020-q2-update.linux64_1.5.0.202011040924/tools/bin/../lib/gcc/arm-none-eabi/9.3.1/../../../../arm-none-eabi/lib/thumb/v7e-m+dp/hard/libc_nano.a(lib_a-errno.o)
                0x0000000008007b98                __errno
 .text.__libc_init_array
                0x0000000008007ba4       0x48 /opt/stm32cubeide/plugins/com.st.stm32cube.ide.mcu.externaltools.gnu-tools-for-stm32.9-2020-q2-update.linux64_1.5.0.202011040924/tools/bin/../lib/gcc/arm-none-eabi/9.3.1/../../../../arm-none-eabi/lib/thumb/v7e-m+dp/hard/libc_nano.a(lib_a-init.o)
                0x0000000008007ba4                __libc_init_array
 .text.memcpy   0x0000000008007bec       0x1c /opt/stm32cubeide/plugins/com.st.stm32cube.ide.mcu.externaltools.gnu-tools-for-stm32.9-2020-q2-update.linux64_1.5.0.202011040924/tools/bin/../lib/gcc/arm-none-eabi/9.3.1/../../../../arm-none-eabi/lib/thumb/v7e-m+dp/hard/libc_nano.a(lib_a-memcpy-stub.o)
                0x0000000008007bec                memcpy
 .text.memset   0x0000000008007c08       0x10 /opt/stm32cubeide/plugins/com.st.stm32cube.ide.mcu.externaltools.gnu-tools-for-stm32.9-2020-q2-update.linux64_1.5.0.202011040924/tools/bin/../lib/gcc/arm-none-eabi/9.3.1/../../../../arm-none-eabi/lib/thumb/v7e-m+dp/hard/libc_nano.a(lib_a-memset.o)
                0x0000000008007c08                memset
 .text.sprintf  0x0000000008007c18       0x40 /opt/stm32cubeide/plugins/com.st.stm32cube.ide.mcu.externaltools.gnu-tools-for-stm32.9-2020-q2-update.linux64_1.5.0.202011040924/tools/bin/../lib/gcc/arm-none-eabi/9.3.1/../../../../arm-none-eabi/lib/thumb/v7e-m+dp/hard/libc_nano.a(lib_a-sprintf.o)
                0x0000000008007c18                sprintf
                0x0000000008007c18                siprintf
 .text.__ssputs_r
                0x0000000008007c58       0xb6 /opt/stm32cubeide/plugins/com.st.stm32cube.ide.mcu.externaltools.gnu-tools-for-stm32.9-2020-q2-update.linux64_1.5.0.202011040924/tools/bin/../lib/gcc/arm-none-eabi/9.3.1/../../../../arm-none-eabi/lib/thumb/v7e-m+dp/hard/libc_nano.a(lib_a-nano-svfprintf.o)
                0x0000000008007c58                __ssputs_r
 *fill*         0x0000000008007d0e        0x2 
 .text._svfprintf_r
                0x0000000008007d10      0x200 /opt/stm32cubeide/plugins/com.st.stm32cube.ide.mcu.externaltools.gnu-tools-for-stm32.9-2020-q2-update.linux64_1.5.0.202011040924/tools/bin/../lib/gcc/arm-none-eabi/9.3.1/../../../../arm-none-eabi/lib/thumb/v7e-m+dp/hard/libc_nano.a(lib_a-nano-svfprintf.o)
                0x0000000008007d10                _svfprintf_r
                0x0000000008007d10                _svfiprintf_r
 .text._printf_common
                0x0000000008007f10       0xda /opt/stm32cubeide/plugins/com.st.stm32cube.ide.mcu.externaltools.gnu-tools-for-stm32.9-2020-q2-update.linux64_1.5.0.202011040924/tools/bin/../lib/gcc/arm-none-eabi/9.3.1/../../../../arm-none-eabi/lib/thumb/v7e-m+dp/hard/libc_nano.a(lib_a-nano-vfprintf_i.o)
                0x0000000008007f10                _printf_common
 *fill*         0x0000000008007fea        0x2 
 .text._printf_i
                0x0000000008007fec      0x24c /opt/stm32cubeide/plugins/com.st.stm32cube.ide.mcu.externaltools.gnu-tools-for-stm32.9-2020-q2-update.linux64_1.5.0.202011040924/tools/bin/../lib/gcc/arm-none-eabi/9.3.1/../../../../arm-none-eabi/lib/thumb/v7e-m+dp/hard/libc_nano.a(lib_a-nano-vfprintf_i.o)
                0x0000000008007fec                _printf_i
 .text.memmove  0x0000000008008238       0x34 /opt/stm32cubeide/plugins/com.st.stm32cube.ide.mcu.externaltools.gnu-tools-for-stm32.9-2020-q2-update.linux64_1.5.0.202011040924/tools/bin/../lib/gcc/arm-none-eabi/9.3.1/../../../../arm-none-eabi/lib/thumb/v7e-m+dp/hard/libc_nano.a(lib_a-memmove.o)
                0x0000000008008238                memmove
 .text._free_r  0x000000000800826c       0xa0 /opt/stm32cubeide/plugins/com.st.stm32cube.ide.mcu.externaltools.gnu-tools-for-stm32.9-2020-q2-update.linux64_1.5.0.202011040924/tools/bin/../lib/gcc/arm-none-eabi/9.3.1/../../../../arm-none-eabi/lib/thumb/v7e-m+dp/hard/libc_nano.a(lib_a-nano-freer.o)
                0x000000000800826c                _free_r
 .text._malloc_r
                0x000000000800830c       0xb4 /opt/stm32cubeide/plugins/com.st.stm32cube.ide.mcu.externaltools.gnu-tools-for-stm32.9-2020-q2-update.linux64_1.5.0.202011040924/tools/bin/../lib/gcc/arm-none-eabi/9.3.1/../../../../arm-none-eabi/lib/thumb/v7e-m+dp/hard/libc_nano.a(lib_a-nano-mallocr.o)
                0x000000000800830c                _malloc_r
 .text._realloc_r
                0x00000000080083c0       0x4c /opt/stm32cubeide/plugins/com.st.stm32cube.ide.mcu.externaltools.gnu-tools-for-stm32.9-2020-q2-update.linux64_1.5.0.202011040924/tools/bin/../lib/gcc/arm-none-eabi/9.3.1/../../../../arm-none-eabi/lib/thumb/v7e-m+dp/hard/libc_nano.a(lib_a-nano-reallocr.o)
                0x00000000080083c0                _realloc_r
 .text._sbrk_r  0x000000000800840c       0x20 /opt/stm32cubeide/plugins/com.st.stm32cube.ide.mcu.externaltools.gnu-tools-for-stm32.9-2020-q2-update.linux64_1.5.0.202011040924/tools/bin/../lib/gcc/arm-none-eabi/9.3.1/../../../../arm-none-eabi/lib/thumb/v7e-m+dp/hard/libc_nano.a(lib_a-sbrkr.o)
                0x000000000800840c                _sbrk_r
 .text.__malloc_lock
                0x000000000800842c        0xc /opt/stm32cubeide/plugins/com.st.stm32cube.ide.mcu.externaltools.gnu-tools-for-stm32.9-2020-q2-update.linux64_1.5.0.202011040924/tools/bin/../lib/gcc/arm-none-eabi/9.3.1/../../../../arm-none-eabi/lib/thumb/v7e-m+dp/hard/libc_nano.a(lib_a-mlock.o)
                0x000000000800842c                __malloc_lock
 .text.__malloc_unlock
                0x0000000008008438        0xc /opt/stm32cubeide/plugins/com.st.stm32cube.ide.mcu.externaltools.gnu-tools-for-stm32.9-2020-q2-update.linux64_1.5.0.202011040924/tools/bin/../lib/gcc/arm-none-eabi/9.3.1/../../../../arm-none-eabi/lib/thumb/v7e-m+dp/hard/libc_nano.a(lib_a-mlock.o)
                0x0000000008008438                __malloc_unlock
 .text._malloc_usable_size_r
                0x0000000008008444       0x10 /opt/stm32cubeide/plugins/com.st.stm32cube.ide.mcu.externaltools.gnu-tools-for-stm32.9-2020-q2-update.linux64_1.5.0.202011040924/tools/bin/../lib/gcc/arm-none-eabi/9.3.1/../../../../arm-none-eabi/lib/thumb/v7e-m+dp/hard/libc_nano.a(lib_a-nano-msizer.o)
                0x0000000008008444                _malloc_usable_size_r
 .text.__retarget_lock_acquire_recursive
                0x0000000008008454        0x2 /opt/stm32cubeide/plugins/com.st.stm32cube.ide.mcu.externaltools.gnu-tools-for-stm32.9-2020-q2-update.linux64_1.5.0.202011040924/tools/bin/../lib/gcc/arm-none-eabi/9.3.1/../../../../arm-none-eabi/lib/thumb/v7e-m+dp/hard/libc_nano.a(lib_a-lock.o)
                0x0000000008008454                __retarget_lock_acquire_recursive
 .text.__retarget_lock_release_recursive
                0x0000000008008456        0x2 /opt/stm32cubeide/plugins/com.st.stm32cube.ide.mcu.externaltools.gnu-tools-for-stm32.9-2020-q2-update.linux64_1.5.0.202011040924/tools/bin/../lib/gcc/arm-none-eabi/9.3.1/../../../../arm-none-eabi/lib/thumb/v7e-m+dp/hard/libc_nano.a(lib_a-lock.o)
                0x0000000008008456                __retarget_lock_release_recursive
 *(.glue_7)
 .glue_7        0x0000000008008458        0x0 linker stubs
 *(.glue_7t)
 .glue_7t       0x0000000008008458        0x0 linker stubs
 *(.eh_frame)
 .eh_frame      0x0000000008008458        0x0 /opt/stm32cubeide/plugins/com.st.stm32cube.ide.mcu.externaltools.gnu-tools-for-stm32.9-2020-q2-update.linux64_1.5.0.202011040924/tools/bin/../lib/gcc/arm-none-eabi/9.3.1/thumb/v7e-m+dp/hard/crtbegin.o
 *(.init)
 .init          0x0000000008008458        0x4 /opt/stm32cubeide/plugins/com.st.stm32cube.ide.mcu.externaltools.gnu-tools-for-stm32.9-2020-q2-update.linux64_1.5.0.202011040924/tools/bin/../lib/gcc/arm-none-eabi/9.3.1/thumb/v7e-m+dp/hard/crti.o
                0x0000000008008458                _init
 .init          0x000000000800845c        0x8 /opt/stm32cubeide/plugins/com.st.stm32cube.ide.mcu.externaltools.gnu-tools-for-stm32.9-2020-q2-update.linux64_1.5.0.202011040924/tools/bin/../lib/gcc/arm-none-eabi/9.3.1/thumb/v7e-m+dp/hard/crtn.o
 *(.fini)
 .fini          0x0000000008008464        0x4 /opt/stm32cubeide/plugins/com.st.stm32cube.ide.mcu.externaltools.gnu-tools-for-stm32.9-2020-q2-update.linux64_1.5.0.202011040924/tools/bin/../lib/gcc/arm-none-eabi/9.3.1/thumb/v7e-m+dp/hard/crti.o
                0x0000000008008464                _fini
 .fini          0x0000000008008468        0x8 /opt/stm32cubeide/plugins/com.st.stm32cube.ide.mcu.externaltools.gnu-tools-for-stm32.9-2020-q2-update.linux64_1.5.0.202011040924/tools/bin/../lib/gcc/arm-none-eabi/9.3.1/thumb/v7e-m+dp/hard/crtn.o
                0x0000000008008470                . = ALIGN (0x4)
                0x0000000008008470                _etext = .

.vfp11_veneer   0x0000000008008470        0x0
 .vfp11_veneer  0x0000000008008470        0x0 linker stubs

.v4_bx          0x0000000008008470        0x0
 .v4_bx         0x0000000008008470        0x0 linker stubs

.iplt           0x0000000008008470        0x0
 .iplt          0x0000000008008470        0x0 /opt/stm32cubeide/plugins/com.st.stm32cube.ide.mcu.externaltools.gnu-tools-for-stm32.9-2020-q2-update.linux64_1.5.0.202011040924/tools/bin/../lib/gcc/arm-none-eabi/9.3.1/thumb/v7e-m+dp/hard/crtbegin.o

.rodata         0x0000000008008470    0x15b28
                0x0000000008008470                . = ALIGN (0x4)
 *(.rodata)
 .rodata        0x0000000008008470      0x36c Core/drivers/vl53l5cx/src/vl53l5cx_api.o
 *(.rodata*)
 .rodata.D1CorePrescTable
                0x00000000080087dc       0x10 Common/Src/system_stm32h7xx_dualcore_boot_cm4_cm7.o
                0x00000000080087dc                D1CorePrescTable
 .rodata.HAL_I2C_MemRxCpltCallback.str1.1
                0x00000000080087ec        0xe Core/Src/main.o
 .rodata._vl53l5cx_send_xtalk_data.str1.1
                0x00000000080087fa        0x9 Core/drivers/vl53l5cx/src/vl53l5cx_api.o
 .rodata.VL53L5CX_DEFAULT_CONFIGURATION
                0x0000000008008803      0x3cc Core/drivers/vl53l5cx/src/vl53l5cx_api.o
                0x0000000008008803                VL53L5CX_DEFAULT_CONFIGURATION
 .rodata.VL53L5CX_DEFAULT_XTALK
                0x0000000008008bcf      0x308 Core/drivers/vl53l5cx/src/vl53l5cx_api.o
                0x0000000008008bcf                VL53L5CX_DEFAULT_XTALK
 .rodata.VL53L5CX_FIRMWARE
                0x0000000008008ed7    0x15000 Core/drivers/vl53l5cx/src/vl53l5cx_api.o
                0x0000000008008ed7                VL53L5CX_FIRMWARE
 .rodata.VL53L5CX_GET_NVM_CMD
                0x000000000801ded7       0x28 Core/drivers/vl53l5cx/src/vl53l5cx_api.o
                0x000000000801ded7                VL53L5CX_GET_NVM_CMD
 .rodata.flagBitshiftOffset.11343
                0x000000000801deff        0x8 Drivers/STM32H7xx_HAL_Driver/stm32h7xx_hal_dma.o
 .rodata.CSWTCH.61
                0x000000000801df07       0x29 Drivers/STM32H7xx_HAL_Driver/stm32h7xx_hal_uart.o
 .rodata.CSWTCH.62
                0x000000000801df30        0x6 Drivers/STM32H7xx_HAL_Driver/stm32h7xx_hal_uart.o
 .rodata.CSWTCH.69
                0x000000000801df36        0x6 Drivers/STM32H7xx_HAL_Driver/stm32h7xx_hal_uart.o
 .rodata.UARTPrescTable
                0x000000000801df3c       0x18 Drivers/STM32H7xx_HAL_Driver/stm32h7xx_hal_uart.o
                0x000000000801df3c                UARTPrescTable
 .rodata.denominator.11311
                0x000000000801df54        0x8 Drivers/STM32H7xx_HAL_Driver/stm32h7xx_hal_uart_ex.o
 .rodata.numerator.11310
                0x000000000801df5c        0x8 Drivers/STM32H7xx_HAL_Driver/stm32h7xx_hal_uart_ex.o
 .rodata._svfprintf_r.str1.1
                0x000000000801df64       0x11 /opt/stm32cubeide/plugins/com.st.stm32cube.ide.mcu.externaltools.gnu-tools-for-stm32.9-2020-q2-update.linux64_1.5.0.202011040924/tools/bin/../lib/gcc/arm-none-eabi/9.3.1/../../../../arm-none-eabi/lib/thumb/v7e-m+dp/hard/libc_nano.a(lib_a-nano-svfprintf.o)
 .rodata._printf_i.str1.1
                0x000000000801df75       0x22 /opt/stm32cubeide/plugins/com.st.stm32cube.ide.mcu.externaltools.gnu-tools-for-stm32.9-2020-q2-update.linux64_1.5.0.202011040924/tools/bin/../lib/gcc/arm-none-eabi/9.3.1/../../../../arm-none-eabi/lib/thumb/v7e-m+dp/hard/libc_nano.a(lib_a-nano-vfprintf_i.o)
                0x000000000801df98                . = ALIGN (0x4)
 *fill*         0x000000000801df97        0x1 

.ARM.extab      0x000000000801df98        0x0
                0x000000000801df98                . = ALIGN (0x4)
 *(.ARM.extab* .gnu.linkonce.armextab.*)
                0x000000000801df98                . = ALIGN (0x4)

.ARM            0x000000000801df98        0x8
                0x000000000801df98                . = ALIGN (0x4)
                0x000000000801df98                __exidx_start = .
 *(.ARM.exidx*)
 .ARM.exidx     0x000000000801df98        0x8 /opt/stm32cubeide/plugins/com.st.stm32cube.ide.mcu.externaltools.gnu-tools-for-stm32.9-2020-q2-update.linux64_1.5.0.202011040924/tools/bin/../lib/gcc/arm-none-eabi/9.3.1/thumb/v7e-m+dp/hard/libgcc.a(_udivmoddi4.o)
                0x000000000801dfa0                __exidx_end = .
                0x000000000801dfa0                . = ALIGN (0x4)

.rel.dyn        0x000000000801dfa0        0x0
 .rel.iplt      0x000000000801dfa0        0x0 /opt/stm32cubeide/plugins/com.st.stm32cube.ide.mcu.externaltools.gnu-tools-for-stm32.9-2020-q2-update.linux64_1.5.0.202011040924/tools/bin/../lib/gcc/arm-none-eabi/9.3.1/thumb/v7e-m+dp/hard/crtbegin.o

.preinit_array  0x000000000801dfa0        0x0
                0x000000000801dfa0                . = ALIGN (0x4)
                0x000000000801dfa0                PROVIDE (__preinit_array_start = .)
 *(.preinit_array*)
                0x000000000801dfa0                PROVIDE (__preinit_array_end = .)
                0x000000000801dfa0                . = ALIGN (0x4)

.init_array     0x000000000801dfa0        0x4
                0x000000000801dfa0                . = ALIGN (0x4)
                0x000000000801dfa0                PROVIDE (__init_array_start = .)
 *(SORT_BY_NAME(.init_array.*))
 *(.init_array*)
 .init_array    0x000000000801dfa0        0x4 /opt/stm32cubeide/plugins/com.st.stm32cube.ide.mcu.externaltools.gnu-tools-for-stm32.9-2020-q2-update.linux64_1.5.0.202011040924/tools/bin/../lib/gcc/arm-none-eabi/9.3.1/thumb/v7e-m+dp/hard/crtbegin.o
                0x000000000801dfa4                PROVIDE (__init_array_end = .)
                0x000000000801dfa4                . = ALIGN (0x4)

.fini_array     0x000000000801dfa4        0x4
                0x000000000801dfa4                . = ALIGN (0x4)
                [!provide]                        PROVIDE (__fini_array_start = .)
 *(SORT_BY_NAME(.fini_array.*))
 *(.fini_array*)
 .fini_array    0x000000000801dfa4        0x4 /opt/stm32cubeide/plugins/com.st.stm32cube.ide.mcu.externaltools.gnu-tools-for-stm32.9-2020-q2-update.linux64_1.5.0.202011040924/tools/bin/../lib/gcc/arm-none-eabi/9.3.1/thumb/v7e-m+dp/hard/crtbegin.o
                [!provide]                        PROVIDE (__fini_array_end = .)
                0x000000000801dfa8                . = ALIGN (0x4)
                0x000000000801dfa8                _sidata = LOADADDR (.data)

.data           0x0000000024000000       0x74 load address 0x000000000801dfa8
                0x0000000024000000                . = ALIGN (0x4)
                0x0000000024000000                _sdata = .
 *(.data)
 *(.data*)
 .data.SystemCoreClock
                0x0000000024000000        0x4 Common/Src/system_stm32h7xx_dualcore_boot_cm4_cm7.o
                0x0000000024000000                SystemCoreClock
 .data.SystemD2Clock
                0x0000000024000004        0x4 Common/Src/system_stm32h7xx_dualcore_boot_cm4_cm7.o
                0x0000000024000004                SystemD2Clock
 .data.uwTickFreq
                0x0000000024000008        0x1 Drivers/STM32H7xx_HAL_Driver/stm32h7xx_hal.o
                0x0000000024000008                uwTickFreq
 *fill*         0x0000000024000009        0x3 
 .data.uwTickPrio
                0x000000002400000c        0x4 Drivers/STM32H7xx_HAL_Driver/stm32h7xx_hal.o
                0x000000002400000c                uwTickPrio
 .data._impure_ptr
                0x0000000024000010        0x4 /opt/stm32cubeide/plugins/com.st.stm32cube.ide.mcu.externaltools.gnu-tools-for-stm32.9-2020-q2-update.linux64_1.5.0.202011040924/tools/bin/../lib/gcc/arm-none-eabi/9.3.1/../../../../arm-none-eabi/lib/thumb/v7e-m+dp/hard/libc_nano.a(lib_a-impure.o)
                0x0000000024000010                _impure_ptr
 .data.impure_data
                0x0000000024000014       0x60 /opt/stm32cubeide/plugins/com.st.stm32cube.ide.mcu.externaltools.gnu-tools-for-stm32.9-2020-q2-update.linux64_1.5.0.202011040924/tools/bin/../lib/gcc/arm-none-eabi/9.3.1/../../../../arm-none-eabi/lib/thumb/v7e-m+dp/hard/libc_nano.a(lib_a-impure.o)
 *(.RamFunc)
 *(.RamFunc*)
                0x0000000024000074                . = ALIGN (0x4)
                0x0000000024000074                _edata = .

.igot.plt       0x0000000024000074        0x0 load address 0x000000000801e01c
 .igot.plt      0x0000000024000074        0x0 /opt/stm32cubeide/plugins/com.st.stm32cube.ide.mcu.externaltools.gnu-tools-for-stm32.9-2020-q2-update.linux64_1.5.0.202011040924/tools/bin/../lib/gcc/arm-none-eabi/9.3.1/thumb/v7e-m+dp/hard/crtbegin.o

.RxDecripSection
                0x0000000024000074       0x60 load address 0x000000000801e01c
 .RxDecripSection
                0x0000000024000074       0x60 Core/Src/main.o
                0x0000000024000074                DMARxDscrTab

.TxDecripSection
                0x00000000240000d4       0x60 load address 0x000000000801e07c
 .TxDecripSection
                0x00000000240000d4       0x60 Core/Src/main.o
                0x00000000240000d4                DMATxDscrTab
                0x0000000024000134                . = ALIGN (0x4)

.bss            0x0000000024000134     0x1210 load address 0x000000000801e0dc
                0x0000000024000134                _sbss = .
                0x0000000024000134                __bss_start__ = _sbss
 *(.bss)
 .bss           0x0000000024000134       0x1c /opt/stm32cubeide/plugins/com.st.stm32cube.ide.mcu.externaltools.gnu-tools-for-stm32.9-2020-q2-update.linux64_1.5.0.202011040924/tools/bin/../lib/gcc/arm-none-eabi/9.3.1/thumb/v7e-m+dp/hard/crtbegin.o
 *(.bss*)
 .bss.buf.12436
                0x0000000024000150       0x20 Core/Src/main.o
 .bss.__sbrk_heap_end
                0x0000000024000170        0x4 Core/Src/sysmem.o
 .bss.__malloc_free_list
                0x0000000024000174        0x4 /opt/stm32cubeide/plugins/com.st.stm32cube.ide.mcu.externaltools.gnu-tools-for-stm32.9-2020-q2-update.linux64_1.5.0.202011040924/tools/bin/../lib/gcc/arm-none-eabi/9.3.1/../../../../arm-none-eabi/lib/thumb/v7e-m+dp/hard/libc_nano.a(lib_a-nano-mallocr.o)
                0x0000000024000174                __malloc_free_list
 .bss.__malloc_sbrk_start
                0x0000000024000178        0x4 /opt/stm32cubeide/plugins/com.st.stm32cube.ide.mcu.externaltools.gnu-tools-for-stm32.9-2020-q2-update.linux64_1.5.0.202011040924/tools/bin/../lib/gcc/arm-none-eabi/9.3.1/../../../../arm-none-eabi/lib/thumb/v7e-m+dp/hard/libc_nano.a(lib_a-nano-mallocr.o)
                0x0000000024000178                __malloc_sbrk_start
 *(COMMON)
 COMMON         0x000000002400017c     0x11b4 Core/Src/main.o
                0x000000002400017c                huart3
                0x000000002400020c                hdma_i2c1_tx
                0x0000000024000284                hi2c1
                0x00000000240002d0                hpcd_USB_OTG_FS
                0x00000000240006d8                hdma_usart3_tx
                0x0000000024000750                vl53l5cx
                0x00000000240011fc                hdma_i2c1_rx
                0x0000000024001274                heth
                0x00000000240012fc                TxConfig
 COMMON         0x0000000024001330        0x4 Drivers/STM32H7xx_HAL_Driver/stm32h7xx_hal.o
                0x0000000024001330                uwTick
 COMMON         0x0000000024001334        0x4 /opt/stm32cubeide/plugins/com.st.stm32cube.ide.mcu.externaltools.gnu-tools-for-stm32.9-2020-q2-update.linux64_1.5.0.202011040924/tools/bin/../lib/gcc/arm-none-eabi/9.3.1/../../../../arm-none-eabi/lib/thumb/v7e-m+dp/hard/libc_nano.a(lib_a-reent.o)
                0x0000000024001334                errno
 COMMON         0x0000000024001338        0x9 /opt/stm32cubeide/plugins/com.st.stm32cube.ide.mcu.externaltools.gnu-tools-for-stm32.9-2020-q2-update.linux64_1.5.0.202011040924/tools/bin/../lib/gcc/arm-none-eabi/9.3.1/../../../../arm-none-eabi/lib/thumb/v7e-m+dp/hard/libc_nano.a(lib_a-lock.o)
                0x0000000024001338                __lock___atexit_recursive_mutex
                0x0000000024001339                __lock___arc4random_mutex
                0x000000002400133a                __lock___env_recursive_mutex
                0x000000002400133b                __lock___sinit_recursive_mutex
                0x000000002400133c                __lock___malloc_recursive_mutex
                0x000000002400133d                __lock___at_quick_exit_mutex
                0x000000002400133e                __lock___dd_hash_mutex
                0x000000002400133f                __lock___tz_mutex
                0x0000000024001340                __lock___sfp_recursive_mutex
                0x0000000024001344                . = ALIGN (0x4)
 *fill*         0x0000000024001341        0x3 
                0x0000000024001344                _ebss = .
                0x0000000024001344                __bss_end__ = _ebss

._user_heap_stack
                0x0000000024001344      0x604 load address 0x000000000801e0dc
                0x0000000024001348                . = ALIGN (0x8)
 *fill*         0x0000000024001344        0x4 
                [!provide]                        PROVIDE (end = .)
                0x0000000024001348                PROVIDE (_end = .)
                0x0000000024001548                . = (. + _Min_Heap_Size)
 *fill*         0x0000000024001348      0x200 
                0x0000000024001948                . = (. + _Min_Stack_Size)
 *fill*         0x0000000024001548      0x400 
                0x0000000024001948                . = ALIGN (0x8)

/DISCARD/
 libc.a(*)
 libm.a(*)
 libgcc.a(*)

.ARM.attributes
                0x0000000000000000       0x2e
 *(.ARM.attributes)
 .ARM.attributes
                0x0000000000000000       0x1e /opt/stm32cubeide/plugins/com.st.stm32cube.ide.mcu.externaltools.gnu-tools-for-stm32.9-2020-q2-update.linux64_1.5.0.202011040924/tools/bin/../lib/gcc/arm-none-eabi/9.3.1/thumb/v7e-m+dp/hard/crti.o
 .ARM.attributes
                0x000000000000001e       0x32 /opt/stm32cubeide/plugins/com.st.stm32cube.ide.mcu.externaltools.gnu-tools-for-stm32.9-2020-q2-update.linux64_1.5.0.202011040924/tools/bin/../lib/gcc/arm-none-eabi/9.3.1/thumb/v7e-m+dp/hard/crtbegin.o
 .ARM.attributes
                0x0000000000000050       0x32 Common/Src/system_stm32h7xx_dualcore_boot_cm4_cm7.o
 .ARM.attributes
                0x0000000000000082       0x32 Core/Src/main.o
 .ARM.attributes
                0x00000000000000b4       0x32 Core/Src/stm32h7xx_hal_msp.o
 .ARM.attributes
                0x00000000000000e6       0x32 Core/Src/stm32h7xx_it.o
 .ARM.attributes
                0x0000000000000118       0x32 Core/Src/sysmem.o
 .ARM.attributes
                0x000000000000014a       0x21 Core/Startup/startup_stm32h755zitx.o
 .ARM.attributes
                0x000000000000016b       0x32 Core/drivers/vl53l5cx/src/platform.o
 .ARM.attributes
                0x000000000000019d       0x32 Core/drivers/vl53l5cx/src/vl53l5cx_api.o
 .ARM.attributes
                0x00000000000001cf       0x32 Core/drivers/vl53l5cx/src/vl53l5cx_plugin_async.o
 .ARM.attributes
                0x0000000000000201       0x32 Drivers/STM32H7xx_HAL_Driver/stm32h7xx_hal.o
 .ARM.attributes
                0x0000000000000233       0x32 Drivers/STM32H7xx_HAL_Driver/stm32h7xx_hal_cortex.o
 .ARM.attributes
                0x0000000000000265       0x32 Drivers/STM32H7xx_HAL_Driver/stm32h7xx_hal_dma.o
 .ARM.attributes
                0x0000000000000297       0x32 Drivers/STM32H7xx_HAL_Driver/stm32h7xx_hal_eth.o
 .ARM.attributes
                0x00000000000002c9       0x32 Drivers/STM32H7xx_HAL_Driver/stm32h7xx_hal_gpio.o
 .ARM.attributes
                0x00000000000002fb       0x32 Drivers/STM32H7xx_HAL_Driver/stm32h7xx_hal_hsem.o
 .ARM.attributes
                0x000000000000032d       0x32 Drivers/STM32H7xx_HAL_Driver/stm32h7xx_hal_i2c.o
 .ARM.attributes
                0x000000000000035f       0x32 Drivers/STM32H7xx_HAL_Driver/stm32h7xx_hal_i2c_ex.o
 .ARM.attributes
                0x0000000000000391       0x32 Drivers/STM32H7xx_HAL_Driver/stm32h7xx_hal_pcd.o
 .ARM.attributes
                0x00000000000003c3       0x32 Drivers/STM32H7xx_HAL_Driver/stm32h7xx_hal_pcd_ex.o
 .ARM.attributes
                0x00000000000003f5       0x32 Drivers/STM32H7xx_HAL_Driver/stm32h7xx_hal_pwr_ex.o
 .ARM.attributes
                0x0000000000000427       0x32 Drivers/STM32H7xx_HAL_Driver/stm32h7xx_hal_rcc.o
 .ARM.attributes
                0x0000000000000459       0x32 Drivers/STM32H7xx_HAL_Driver/stm32h7xx_hal_rcc_ex.o
 .ARM.attributes
                0x000000000000048b       0x32 Drivers/STM32H7xx_HAL_Driver/stm32h7xx_hal_uart.o
 .ARM.attributes
                0x00000000000004bd       0x32 Drivers/STM32H7xx_HAL_Driver/stm32h7xx_hal_uart_ex.o
 .ARM.attributes
                0x00000000000004ef       0x32 Drivers/STM32H7xx_HAL_Driver/stm32h7xx_ll_usb.o
 .ARM.attributes
                0x0000000000000521       0x32 /opt/stm32cubeide/plugins/com.st.stm32cube.ide.mcu.externaltools.gnu-tools-for-stm32.9-2020-q2-update.linux64_1.5.0.202011040924/tools/bin/../lib/gcc/arm-none-eabi/9.3.1/../../../../arm-none-eabi/lib/thumb/v7e-m+dp/hard/libc_nano.a(lib_a-errno.o)
 .ARM.attributes
                0x0000000000000553       0x30 /opt/stm32cubeide/plugins/com.st.stm32cube.ide.mcu.externaltools.gnu-tools-for-stm32.9-2020-q2-update.linux64_1.5.0.202011040924/tools/bin/../lib/gcc/arm-none-eabi/9.3.1/../../../../arm-none-eabi/lib/thumb/v7e-m+dp/hard/libc_nano.a(lib_a-impure.o)
 .ARM.attributes
                0x0000000000000583       0x32 /opt/stm32cubeide/plugins/com.st.stm32cube.ide.mcu.externaltools.gnu-tools-for-stm32.9-2020-q2-update.linux64_1.5.0.202011040924/tools/bin/../lib/gcc/arm-none-eabi/9.3.1/../../../../arm-none-eabi/lib/thumb/v7e-m+dp/hard/libc_nano.a(lib_a-init.o)
 .ARM.attributes
                0x00000000000005b5       0x32 /opt/stm32cubeide/plugins/com.st.stm32cube.ide.mcu.externaltools.gnu-tools-for-stm32.9-2020-q2-update.linux64_1.5.0.202011040924/tools/bin/../lib/gcc/arm-none-eabi/9.3.1/../../../../arm-none-eabi/lib/thumb/v7e-m+dp/hard/libc_nano.a(lib_a-memcpy-stub.o)
 .ARM.attributes
                0x00000000000005e7       0x32 /opt/stm32cubeide/plugins/com.st.stm32cube.ide.mcu.externaltools.gnu-tools-for-stm32.9-2020-q2-update.linux64_1.5.0.202011040924/tools/bin/../lib/gcc/arm-none-eabi/9.3.1/../../../../arm-none-eabi/lib/thumb/v7e-m+dp/hard/libc_nano.a(lib_a-memset.o)
 .ARM.attributes
                0x0000000000000619       0x32 /opt/stm32cubeide/plugins/com.st.stm32cube.ide.mcu.externaltools.gnu-tools-for-stm32.9-2020-q2-update.linux64_1.5.0.202011040924/tools/bin/../lib/gcc/arm-none-eabi/9.3.1/../../../../arm-none-eabi/lib/thumb/v7e-m+dp/hard/libc_nano.a(lib_a-sprintf.o)
 .ARM.attributes
                0x000000000000064b       0x17 /opt/stm32cubeide/plugins/com.st.stm32cube.ide.mcu.externaltools.gnu-tools-for-stm32.9-2020-q2-update.linux64_1.5.0.202011040924/tools/bin/../lib/gcc/arm-none-eabi/9.3.1/../../../../arm-none-eabi/lib/thumb/v7e-m+dp/hard/libc_nano.a(lib_a-strlen.o)
 .ARM.attributes
                0x0000000000000662       0x32 /opt/stm32cubeide/plugins/com.st.stm32cube.ide.mcu.externaltools.gnu-tools-for-stm32.9-2020-q2-update.linux64_1.5.0.202011040924/tools/bin/../lib/gcc/arm-none-eabi/9.3.1/../../../../arm-none-eabi/lib/thumb/v7e-m+dp/hard/libc_nano.a(lib_a-nano-svfprintf.o)
 .ARM.attributes
                0x0000000000000694       0x32 /opt/stm32cubeide/plugins/com.st.stm32cube.ide.mcu.externaltools.gnu-tools-for-stm32.9-2020-q2-update.linux64_1.5.0.202011040924/tools/bin/../lib/gcc/arm-none-eabi/9.3.1/../../../../arm-none-eabi/lib/thumb/v7e-m+dp/hard/libc_nano.a(lib_a-nano-vfprintf_i.o)
 .ARM.attributes
                0x00000000000006c6       0x1c /opt/stm32cubeide/plugins/com.st.stm32cube.ide.mcu.externaltools.gnu-tools-for-stm32.9-2020-q2-update.linux64_1.5.0.202011040924/tools/bin/../lib/gcc/arm-none-eabi/9.3.1/../../../../arm-none-eabi/lib/thumb/v7e-m+dp/hard/libc_nano.a(lib_a-memchr.o)
 .ARM.attributes
                0x00000000000006e2       0x32 /opt/stm32cubeide/plugins/com.st.stm32cube.ide.mcu.externaltools.gnu-tools-for-stm32.9-2020-q2-update.linux64_1.5.0.202011040924/tools/bin/../lib/gcc/arm-none-eabi/9.3.1/../../../../arm-none-eabi/lib/thumb/v7e-m+dp/hard/libc_nano.a(lib_a-memmove.o)
 .ARM.attributes
                0x0000000000000714       0x32 /opt/stm32cubeide/plugins/com.st.stm32cube.ide.mcu.externaltools.gnu-tools-for-stm32.9-2020-q2-update.linux64_1.5.0.202011040924/tools/bin/../lib/gcc/arm-none-eabi/9.3.1/../../../../arm-none-eabi/lib/thumb/v7e-m+dp/hard/libc_nano.a(lib_a-nano-freer.o)
 .ARM.attributes
                0x0000000000000746       0x32 /opt/stm32cubeide/plugins/com.st.stm32cube.ide.mcu.externaltools.gnu-tools-for-stm32.9-2020-q2-update.linux64_1.5.0.202011040924/tools/bin/../lib/gcc/arm-none-eabi/9.3.1/../../../../arm-none-eabi/lib/thumb/v7e-m+dp/hard/libc_nano.a(lib_a-nano-mallocr.o)
 .ARM.attributes
                0x0000000000000778       0x32 /opt/stm32cubeide/plugins/com.st.stm32cube.ide.mcu.externaltools.gnu-tools-for-stm32.9-2020-q2-update.linux64_1.5.0.202011040924/tools/bin/../lib/gcc/arm-none-eabi/9.3.1/../../../../arm-none-eabi/lib/thumb/v7e-m+dp/hard/libc_nano.a(lib_a-nano-reallocr.o)
 .ARM.attributes
                0x00000000000007aa       0x32 /opt/stm32cubeide/plugins/com.st.stm32cube.ide.mcu.externaltools.gnu-tools-for-stm32.9-2020-q2-update.linux64_1.5.0.202011040924/tools/bin/../lib/gcc/arm-none-eabi/9.3.1/../../../../arm-none-eabi/lib/thumb/v7e-m+dp/hard/libc_nano.a(lib_a-sbrkr.o)
 .ARM.attributes
                0x00000000000007dc       0x32 /opt/stm32cubeide/plugins/com.st.stm32cube.ide.mcu.externaltools.gnu-tools-for-stm32.9-2020-q2-update.linux64_1.5.0.202011040924/tools/bin/../lib/gcc/arm-none-eabi/9.3.1/../../../../arm-none-eabi/lib/thumb/v7e-m+dp/hard/libc_nano.a(lib_a-mlock.o)
 .ARM.attributes
                0x000000000000080e       0x32 /opt/stm32cubeide/plugins/com.st.stm32cube.ide.mcu.externaltools.gnu-tools-for-stm32.9-2020-q2-update.linux64_1.5.0.202011040924/tools/bin/../lib/gcc/arm-none-eabi/9.3.1/../../../../arm-none-eabi/lib/thumb/v7e-m+dp/hard/libc_nano.a(lib_a-nano-msizer.o)
 .ARM.attributes
                0x0000000000000840       0x32 /opt/stm32cubeide/plugins/com.st.stm32cube.ide.mcu.externaltools.gnu-tools-for-stm32.9-2020-q2-update.linux64_1.5.0.202011040924/tools/bin/../lib/gcc/arm-none-eabi/9.3.1/../../../../arm-none-eabi/lib/thumb/v7e-m+dp/hard/libc_nano.a(lib_a-reent.o)
 .ARM.attributes
                0x0000000000000872       0x32 /opt/stm32cubeide/plugins/com.st.stm32cube.ide.mcu.externaltools.gnu-tools-for-stm32.9-2020-q2-update.linux64_1.5.0.202011040924/tools/bin/../lib/gcc/arm-none-eabi/9.3.1/../../../../arm-none-eabi/lib/thumb/v7e-m+dp/hard/libc_nano.a(lib_a-lock.o)
 .ARM.attributes
                0x00000000000008a4       0x1e /opt/stm32cubeide/plugins/com.st.stm32cube.ide.mcu.externaltools.gnu-tools-for-stm32.9-2020-q2-update.linux64_1.5.0.202011040924/tools/bin/../lib/gcc/arm-none-eabi/9.3.1/thumb/v7e-m+dp/hard/libgcc.a(_aeabi_uldivmod.o)
 .ARM.attributes
                0x00000000000008c2       0x32 /opt/stm32cubeide/plugins/com.st.stm32cube.ide.mcu.externaltools.gnu-tools-for-stm32.9-2020-q2-update.linux64_1.5.0.202011040924/tools/bin/../lib/gcc/arm-none-eabi/9.3.1/thumb/v7e-m+dp/hard/libgcc.a(_udivmoddi4.o)
 .ARM.attributes
                0x00000000000008f4       0x1e /opt/stm32cubeide/plugins/com.st.stm32cube.ide.mcu.externaltools.gnu-tools-for-stm32.9-2020-q2-update.linux64_1.5.0.202011040924/tools/bin/../lib/gcc/arm-none-eabi/9.3.1/thumb/v7e-m+dp/hard/libgcc.a(_dvmd_tls.o)
 .ARM.attributes
                0x0000000000000912       0x1e /opt/stm32cubeide/plugins/com.st.stm32cube.ide.mcu.externaltools.gnu-tools-for-stm32.9-2020-q2-update.linux64_1.5.0.202011040924/tools/bin/../lib/gcc/arm-none-eabi/9.3.1/thumb/v7e-m+dp/hard/crtn.o
OUTPUT(h755_vl53l5cx_CM7.elf elf32-littlearm)
LOAD linker stubs
LOAD /opt/stm32cubeide/plugins/com.st.stm32cube.ide.mcu.externaltools.gnu-tools-for-stm32.9-2020-q2-update.linux64_1.5.0.202011040924/tools/bin/../lib/gcc/arm-none-eabi/9.3.1/../../../../arm-none-eabi/lib/thumb/v7e-m+dp/hard/libc.a
LOAD /opt/stm32cubeide/plugins/com.st.stm32cube.ide.mcu.externaltools.gnu-tools-for-stm32.9-2020-q2-update.linux64_1.5.0.202011040924/tools/bin/../lib/gcc/arm-none-eabi/9.3.1/../../../../arm-none-eabi/lib/thumb/v7e-m+dp/hard/libm.a
LOAD /opt/stm32cubeide/plugins/com.st.stm32cube.ide.mcu.externaltools.gnu-tools-for-stm32.9-2020-q2-update.linux64_1.5.0.202011040924/tools/bin/../lib/gcc/arm-none-eabi/9.3.1/thumb/v7e-m+dp/hard/libgcc.a

.comment        0x0000000000000000       0x53
 .comment       0x0000000000000000       0x53 Common/Src/system_stm32h7xx_dualcore_boot_cm4_cm7.o
                                         0x54 (size before relaxing)
 .comment       0x0000000000000053       0x54 Core/Src/main.o
 .comment       0x0000000000000053       0x54 Core/Src/stm32h7xx_hal_msp.o
 .comment       0x0000000000000053       0x54 Core/Src/stm32h7xx_it.o
 .comment       0x0000000000000053       0x54 Core/Src/sysmem.o
 .comment       0x0000000000000053       0x54 Core/drivers/vl53l5cx/src/platform.o
 .comment       0x0000000000000053       0x54 Core/drivers/vl53l5cx/src/vl53l5cx_api.o
 .comment       0x0000000000000053       0x54 Core/drivers/vl53l5cx/src/vl53l5cx_plugin_async.o
 .comment       0x0000000000000053       0x54 Drivers/STM32H7xx_HAL_Driver/stm32h7xx_hal.o
 .comment       0x0000000000000053       0x54 Drivers/STM32H7xx_HAL_Driver/stm32h7xx_hal_cortex.o
 .comment       0x0000000000000053       0x54 Drivers/STM32H7xx_HAL_Driver/stm32h7xx_hal_dma.o
 .comment       0x0000000000000053       0x54 Drivers/STM32H7xx_HAL_Driver/stm32h7xx_hal_eth.o
 .comment       0x0000000000000053       0x54 Drivers/STM32H7xx_HAL_Driver/stm32h7xx_hal_gpio.o
 .comment       0x0000000000000053       0x54 Drivers/STM32H7xx_HAL_Driver/stm32h7xx_hal_hsem.o
 .comment       0x0000000000000053       0x54 Drivers/STM32H7xx_HAL_Driver/stm32h7xx_hal_i2c.o
 .comment       0x0000000000000053       0x54 Drivers/STM32H7xx_HAL_Driver/stm32h7xx_hal_i2c_ex.o
 .comment       0x0000000000000053       0x54 Drivers/STM32H7xx_HAL_Driver/stm32h7xx_hal_pcd.o
 .comment       0x0000000000000053       0x54 Drivers/STM32H7xx_HAL_Driver/stm32h7xx_hal_pcd_ex.o
 .comment       0x0000000000000053       0x54 Drivers/STM32H7xx_HAL_Driver/stm32h7xx_hal_pwr_ex.o
 .comment       0x0000000000000053       0x54 Drivers/STM32H7xx_HAL_Driver/stm32h7xx_hal_rcc.o
 .comment       0x0000000000000053       0x54 Drivers/STM32H7xx_HAL_Driver/stm32h7xx_hal_rcc_ex.o
 .comment       0x0000000000000053       0x54 Drivers/STM32H7xx_HAL_Driver/stm32h7xx_hal_uart.o
 .comment       0x0000000000000053       0x54 Drivers/STM32H7xx_HAL_Driver/stm32h7xx_hal_uart_ex.o
 .comment       0x0000000000000053       0x54 Drivers/STM32H7xx_HAL_Driver/stm32h7xx_ll_usb.o

.debug_frame    0x0000000000000000      0x4a4
 .debug_frame   0x0000000000000000       0x20 /opt/stm32cubeide/plugins/com.st.stm32cube.ide.mcu.externaltools.gnu-tools-for-stm32.9-2020-q2-update.linux64_1.5.0.202011040924/tools/bin/../lib/gcc/arm-none-eabi/9.3.1/../../../../arm-none-eabi/lib/thumb/v7e-m+dp/hard/libc_nano.a(lib_a-errno.o)
 .debug_frame   0x0000000000000020       0x2c /opt/stm32cubeide/plugins/com.st.stm32cube.ide.mcu.externaltools.gnu-tools-for-stm32.9-2020-q2-update.linux64_1.5.0.202011040924/tools/bin/../lib/gcc/arm-none-eabi/9.3.1/../../../../arm-none-eabi/lib/thumb/v7e-m+dp/hard/libc_nano.a(lib_a-init.o)
 .debug_frame   0x000000000000004c       0x28 /opt/stm32cubeide/plugins/com.st.stm32cube.ide.mcu.externaltools.gnu-tools-for-stm32.9-2020-q2-update.linux64_1.5.0.202011040924/tools/bin/../lib/gcc/arm-none-eabi/9.3.1/../../../../arm-none-eabi/lib/thumb/v7e-m+dp/hard/libc_nano.a(lib_a-memcpy-stub.o)
 .debug_frame   0x0000000000000074       0x20 /opt/stm32cubeide/plugins/com.st.stm32cube.ide.mcu.externaltools.gnu-tools-for-stm32.9-2020-q2-update.linux64_1.5.0.202011040924/tools/bin/../lib/gcc/arm-none-eabi/9.3.1/../../../../arm-none-eabi/lib/thumb/v7e-m+dp/hard/libc_nano.a(lib_a-memset.o)
 .debug_frame   0x0000000000000094       0x6c /opt/stm32cubeide/plugins/com.st.stm32cube.ide.mcu.externaltools.gnu-tools-for-stm32.9-2020-q2-update.linux64_1.5.0.202011040924/tools/bin/../lib/gcc/arm-none-eabi/9.3.1/../../../../arm-none-eabi/lib/thumb/v7e-m+dp/hard/libc_nano.a(lib_a-sprintf.o)
 .debug_frame   0x0000000000000100       0x90 /opt/stm32cubeide/plugins/com.st.stm32cube.ide.mcu.externaltools.gnu-tools-for-stm32.9-2020-q2-update.linux64_1.5.0.202011040924/tools/bin/../lib/gcc/arm-none-eabi/9.3.1/../../../../arm-none-eabi/lib/thumb/v7e-m+dp/hard/libc_nano.a(lib_a-nano-svfprintf.o)
 .debug_frame   0x0000000000000190       0x60 /opt/stm32cubeide/plugins/com.st.stm32cube.ide.mcu.externaltools.gnu-tools-for-stm32.9-2020-q2-update.linux64_1.5.0.202011040924/tools/bin/../lib/gcc/arm-none-eabi/9.3.1/../../../../arm-none-eabi/lib/thumb/v7e-m+dp/hard/libc_nano.a(lib_a-nano-vfprintf_i.o)
 .debug_frame   0x00000000000001f0       0x28 /opt/stm32cubeide/plugins/com.st.stm32cube.ide.mcu.externaltools.gnu-tools-for-stm32.9-2020-q2-update.linux64_1.5.0.202011040924/tools/bin/../lib/gcc/arm-none-eabi/9.3.1/../../../../arm-none-eabi/lib/thumb/v7e-m+dp/hard/libc_nano.a(lib_a-memmove.o)
 .debug_frame   0x0000000000000218       0x38 /opt/stm32cubeide/plugins/com.st.stm32cube.ide.mcu.externaltools.gnu-tools-for-stm32.9-2020-q2-update.linux64_1.5.0.202011040924/tools/bin/../lib/gcc/arm-none-eabi/9.3.1/../../../../arm-none-eabi/lib/thumb/v7e-m+dp/hard/libc_nano.a(lib_a-nano-freer.o)
 .debug_frame   0x0000000000000250       0x30 /opt/stm32cubeide/plugins/com.st.stm32cube.ide.mcu.externaltools.gnu-tools-for-stm32.9-2020-q2-update.linux64_1.5.0.202011040924/tools/bin/../lib/gcc/arm-none-eabi/9.3.1/../../../../arm-none-eabi/lib/thumb/v7e-m+dp/hard/libc_nano.a(lib_a-nano-mallocr.o)
 .debug_frame   0x0000000000000280       0x3c /opt/stm32cubeide/plugins/com.st.stm32cube.ide.mcu.externaltools.gnu-tools-for-stm32.9-2020-q2-update.linux64_1.5.0.202011040924/tools/bin/../lib/gcc/arm-none-eabi/9.3.1/../../../../arm-none-eabi/lib/thumb/v7e-m+dp/hard/libc_nano.a(lib_a-nano-reallocr.o)
 .debug_frame   0x00000000000002bc       0x2c /opt/stm32cubeide/plugins/com.st.stm32cube.ide.mcu.externaltools.gnu-tools-for-stm32.9-2020-q2-update.linux64_1.5.0.202011040924/tools/bin/../lib/gcc/arm-none-eabi/9.3.1/../../../../arm-none-eabi/lib/thumb/v7e-m+dp/hard/libc_nano.a(lib_a-sbrkr.o)
 .debug_frame   0x00000000000002e8       0x30 /opt/stm32cubeide/plugins/com.st.stm32cube.ide.mcu.externaltools.gnu-tools-for-stm32.9-2020-q2-update.linux64_1.5.0.202011040924/tools/bin/../lib/gcc/arm-none-eabi/9.3.1/../../../../arm-none-eabi/lib/thumb/v7e-m+dp/hard/libc_nano.a(lib_a-mlock.o)
 .debug_frame   0x0000000000000318       0x20 /opt/stm32cubeide/plugins/com.st.stm32cube.ide.mcu.externaltools.gnu-tools-for-stm32.9-2020-q2-update.linux64_1.5.0.202011040924/tools/bin/../lib/gcc/arm-none-eabi/9.3.1/../../../../arm-none-eabi/lib/thumb/v7e-m+dp/hard/libc_nano.a(lib_a-nano-msizer.o)
 .debug_frame   0x0000000000000338       0x5c /opt/stm32cubeide/plugins/com.st.stm32cube.ide.mcu.externaltools.gnu-tools-for-stm32.9-2020-q2-update.linux64_1.5.0.202011040924/tools/bin/../lib/gcc/arm-none-eabi/9.3.1/../../../../arm-none-eabi/lib/thumb/v7e-m+dp/hard/libc_nano.a(lib_a-reent.o)
 .debug_frame   0x0000000000000394       0xb0 /opt/stm32cubeide/plugins/com.st.stm32cube.ide.mcu.externaltools.gnu-tools-for-stm32.9-2020-q2-update.linux64_1.5.0.202011040924/tools/bin/../lib/gcc/arm-none-eabi/9.3.1/../../../../arm-none-eabi/lib/thumb/v7e-m+dp/hard/libc_nano.a(lib_a-lock.o)
 .debug_frame   0x0000000000000444       0x2c /opt/stm32cubeide/plugins/com.st.stm32cube.ide.mcu.externaltools.gnu-tools-for-stm32.9-2020-q2-update.linux64_1.5.0.202011040924/tools/bin/../lib/gcc/arm-none-eabi/9.3.1/thumb/v7e-m+dp/hard/libgcc.a(_aeabi_uldivmod.o)
 .debug_frame   0x0000000000000470       0x34 /opt/stm32cubeide/plugins/com.st.stm32cube.ide.mcu.externaltools.gnu-tools-for-stm32.9-2020-q2-update.linux64_1.5.0.202011040924/tools/bin/../lib/gcc/arm-none-eabi/9.3.1/thumb/v7e-m+dp/hard/libgcc.a(_udivmoddi4.o)
